Component: ARM Compiler 6.14 Tool: armlink [5db06800]

==============================================================================

Section Cross References

    main.o(.text.main) refers to system_stm32f10x.o(.text.SystemInit) for SystemInit
    main.o(.text.main) refers to uart.o(.text.Uart_Gpio_TxRx_Init) for Uart_Gpio_TxRx_Init
    main.o(.text.main) refers to uart.o(.text.Uart_Init) for Uart_Init
    main.o(.text.main) refers to i2c.o(.text.I2C1_Config) for I2C1_Config
    main.o(.text.main) refers to uart.o(.text.Uart_SendStr) for Uart_SendStr
    main.o(.text.main) refers to bme_280.o(.text.BME280_Init) for BME280_Init
    main.o(.text.main) refers to main.o(.rodata.str1.1) for .L.str.3
    main.o(.text.main) refers to bme_280.o(.text.BME280_ReadAll) for BME280_ReadAll
    main.o(.text.main) refers to uart.o(.text.Uart_SendFloat) for Uart_SendFloat
    main.o(.text.main) refers to main.o(.text.Delay_ms) for Delay_ms
    main.o(.ARM.exidx.text.main) refers to main.o(.text.main) for [Anonymous Symbol]
    main.o(.ARM.exidx.text.Delay_ms) refers to main.o(.text.Delay_ms) for [Anonymous Symbol]
    uart.o(.text.Uart_Init) refers to stm32f10x_rcc.o(.text.RCC_APB2PeriphClockCmd) for RCC_APB2PeriphClockCmd
    uart.o(.text.Uart_Init) refers to stm32f10x_usart.o(.text.USART_Init) for USART_Init
    uart.o(.text.Uart_Init) refers to stm32f10x_usart.o(.text.USART_ITConfig) for USART_ITConfig
    uart.o(.text.Uart_Init) refers to uart.o(.text.__NVIC_EnableIRQ) for __NVIC_EnableIRQ
    uart.o(.text.Uart_Init) refers to stm32f10x_usart.o(.text.USART_Cmd) for USART_Cmd
    uart.o(.ARM.exidx.text.Uart_Init) refers to uart.o(.text.Uart_Init) for [Anonymous Symbol]
    uart.o(.ARM.exidx.text.__NVIC_EnableIRQ) refers to uart.o(.text.__NVIC_EnableIRQ) for [Anonymous Symbol]
    uart.o(.text.Uart_Gpio_TxRx_Init) refers to stm32f10x_rcc.o(.text.RCC_APB2PeriphClockCmd) for RCC_APB2PeriphClockCmd
    uart.o(.text.Uart_Gpio_TxRx_Init) refers to stm32f10x_gpio.o(.text.GPIO_Init) for GPIO_Init
    uart.o(.ARM.exidx.text.Uart_Gpio_TxRx_Init) refers to uart.o(.text.Uart_Gpio_TxRx_Init) for [Anonymous Symbol]
    uart.o(.text.Uart_SendChar) refers to stm32f10x_usart.o(.text.USART_SendData) for USART_SendData
    uart.o(.text.Uart_SendChar) refers to stm32f10x_usart.o(.text.USART_GetFlagStatus) for USART_GetFlagStatus
    uart.o(.ARM.exidx.text.Uart_SendChar) refers to uart.o(.text.Uart_SendChar) for [Anonymous Symbol]
    uart.o(.text.Uart_SendStr) refers to stm32f10x_usart.o(.text.USART_SendData) for USART_SendData
    uart.o(.text.Uart_SendStr) refers to stm32f10x_usart.o(.text.USART_GetFlagStatus) for USART_GetFlagStatus
    uart.o(.ARM.exidx.text.Uart_SendStr) refers to uart.o(.text.Uart_SendStr) for [Anonymous Symbol]
    uart.o(.text.Uart_SendInt) refers to stm32f10x_usart.o(.text.USART_SendData) for USART_SendData
    uart.o(.text.Uart_SendInt) refers to stm32f10x_usart.o(.text.USART_GetFlagStatus) for USART_GetFlagStatus
    uart.o(.ARM.exidx.text.Uart_SendInt) refers to uart.o(.text.Uart_SendInt) for [Anonymous Symbol]
    uart.o(.text.Uart_SendFloat) refers to fcmp.o(x$fpl$fcmp) for __aeabi_fcmpeq
    uart.o(.text.Uart_SendFloat) refers to stm32f10x_usart.o(.text.USART_SendData) for USART_SendData
    uart.o(.text.Uart_SendFloat) refers to stm32f10x_usart.o(.text.USART_GetFlagStatus) for USART_GetFlagStatus
    uart.o(.text.Uart_SendFloat) refers to ffix.o(x$fpl$ffix) for __aeabi_f2iz
    uart.o(.text.Uart_SendFloat) refers to fflt_clz.o(x$fpl$fflt) for __aeabi_i2f
    uart.o(.text.Uart_SendFloat) refers to faddsub_clz.o(x$fpl$fsub) for __aeabi_fsub
    uart.o(.text.Uart_SendFloat) refers to fmul.o(x$fpl$fmul) for __aeabi_fmul
    uart.o(.ARM.exidx.text.Uart_SendFloat) refers to uart.o(.text.Uart_SendFloat) for [Anonymous Symbol]
    uart.o(.text.Uart_ReadChar) refers to stm32f10x_usart.o(.text.USART_ReceiveData) for USART_ReceiveData
    uart.o(.ARM.exidx.text.Uart_ReadChar) refers to uart.o(.text.Uart_ReadChar) for [Anonymous Symbol]
    uart.o(.ARM.exidx.text.Uart_Compare) refers to uart.o(.text.Uart_Compare) for [Anonymous Symbol]
    uart.o(.text.USART1_IRQHandler) refers to stm32f10x_usart.o(.text.USART_GetITStatus) for USART_GetITStatus
    uart.o(.text.USART1_IRQHandler) refers to uart.o(.text.Uart_ReadChar) for Uart_ReadChar
    uart.o(.text.USART1_IRQHandler) refers to uart.o(.bss.data) for data
    uart.o(.text.USART1_IRQHandler) refers to uart.o(.bss.count) for count
    uart.o(.text.USART1_IRQHandler) refers to uart.o(.bss.flag) for flag
    uart.o(.text.USART1_IRQHandler) refers to uart.o(.bss.mystr) for mystr
    uart.o(.ARM.exidx.text.USART1_IRQHandler) refers to uart.o(.text.USART1_IRQHandler) for [Anonymous Symbol]
    uart.o(.text.Uart_Debug_Flag) refers to uart.o(.bss.flag) for flag
    uart.o(.ARM.exidx.text.Uart_Debug_Flag) refers to uart.o(.text.Uart_Debug_Flag) for [Anonymous Symbol]
[...]
    libshutdown.o(.ARM.Collect$$libshutdown$$00000000) refers (Special) to libshutdown2.o(.ARM.Collect$$libshutdown$$00000007) for __rt_lib_shutdown_fp_trap_1
    libshutdown.o(.ARM.Collect$$libshutdown$$00000000) refers (Special) to libshutdown2.o(.ARM.Collect$$libshutdown$$0000000F) for __rt_lib_shutdown_heap_1
    libshutdown.o(.ARM.Collect$$libshutdown$$00000000) refers (Special) to libshutdown2.o(.ARM.Collect$$libshutdown$$00000010) for __rt_lib_shutdown_return
    libshutdown.o(.ARM.Collect$$libshutdown$$00000000) refers (Special) to libshutdown2.o(.ARM.Collect$$libshutdown$$0000000A) for __rt_lib_shutdown_signal_1
    libshutdown.o(.ARM.Collect$$libshutdown$$00000000) refers (Special) to libshutdown2.o(.ARM.Collect$$libshutdown$$00000004) for __rt_lib_shutdown_stdio_1
    libshutdown.o(.ARM.Collect$$libshutdown$$00000000) refers (Special) to libshutdown2.o(.ARM.Collect$$libshutdown$$0000000C) for __rt_lib_shutdown_user_alloc_1
    sys_command.o(.text) refers (Special) to use_no_semi.o(.text) for __I$use$semihosting
    sys_command.o(.text) refers (Special) to indicate_semi.o(.text) for __semihosting_library_function
    sys_command_hlt.o(.text) refers (Special) to use_no_semi.o(.text) for __I$use$semihosting
    sys_command_hlt.o(.text) refers (Special) to indicate_semi.o(.text) for __semihosting_library_function
    defsig_abrt_inner.o(.text) refers to defsig_general.o(.text) for __default_signal_display
    defsig_rtred_inner.o(.text) refers to defsig_general.o(.text) for __default_signal_display
    defsig_rtmem_inner.o(.text) refers to defsig_general.o(.text) for __default_signal_display
    defsig_rtmem_outer.o(.text) refers to defsig_rtmem_inner.o(.text) for __rt_SIGRTMEM_inner
    defsig_rtmem_outer.o(.text) refers to defsig_exit.o(.text) for __sig_exit
    defsig_rtmem_formal.o(.text) refers to rt_raise.o(.text) for __rt_raise
    defsig_stak_inner.o(.text) refers to defsig_general.o(.text) for __default_signal_display
    defsig_pvfn_inner.o(.text) refers to defsig_general.o(.text) for __default_signal_display
    defsig_cppl_inner.o(.text) refers to defsig_general.o(.text) for __default_signal_display
    defsig_segv_inner.o(.text) refers to defsig_general.o(.text) for __default_signal_display
    defsig_other.o(.text) refers to defsig_general.o(.text) for __default_signal_display


==============================================================================

Removing Unused input sections from the image.

    Removing main.o(.text), (0 bytes).
    Removing main.o(.ARM.exidx.text.main), (8 bytes).
    Removing main.o(.ARM.exidx.text.Delay_ms), (8 bytes).
    Removing main.o(.ARM.use_no_argv), (4 bytes).
    Removing uart.o(.text), (0 bytes).
    Removing uart.o(.ARM.exidx.text.Uart_Init), (8 bytes).
    Removing uart.o(.ARM.exidx.text.__NVIC_EnableIRQ), (8 bytes).
    Removing uart.o(.ARM.exidx.text.Uart_Gpio_TxRx_Init), (8 bytes).
    Removing uart.o(.text.Uart_SendChar), (34 bytes).
    Removing uart.o(.ARM.exidx.text.Uart_SendChar), (8 bytes).
    Removing uart.o(.ARM.exidx.text.Uart_SendStr), (8 bytes).
    Removing uart.o(.text.Uart_SendInt), (262 bytes).
    Removing uart.o(.ARM.exidx.text.Uart_SendInt), (8 bytes).
    Removing uart.o(.ARM.exidx.text.Uart_SendFloat), (8 bytes).
    Removing uart.o(.ARM.exidx.text.Uart_ReadChar), (8 bytes).
    Removing uart.o(.text.Uart_Compare), (72 bytes).
    Removing uart.o(.ARM.exidx.text.Uart_Compare), (8 bytes).
    Removing uart.o(.ARM.exidx.text.USART1_IRQHandler), (8 bytes).
    Removing uart.o(.text.Uart_Debug_Flag), (24 bytes).
    Removing uart.o(.ARM.exidx.text.Uart_Debug_Flag), (8 bytes).
    Removing bme_280.o(.text), (0 bytes).
    Removing bme_280.o(.ARM.exidx.text.BME280_Init), (8 bytes).
    Removing bme_280.o(.ARM.exidx.text._ReadCalibration), (8 bytes).
    Removing bme_280.o(.ARM.exidx.text.BME280_ReadTemperature), (8 bytes).
    Removing bme_280.o(.ARM.exidx.text.BME280_ReadPressure), (8 bytes).
    Removing bme_280.o(.ARM.exidx.text.BME280_ReadAll), (8 bytes).
    Removing i2c.o(.text), (0 bytes).
    Removing i2c.o(.ARM.exidx.text.I2C1_Config), (8 bytes).
    Removing i2c.o(.ARM.exidx.text.I2C1_WriteReg), (8 bytes).
    Removing i2c.o(.ARM.exidx.text.I2C1_ReadReg), (8 bytes).
    Removing i2c.o(.ARM.exidx.text.I2C1_ReadMulti), (8 bytes).
    Removing misc.o(.text), (0 bytes).
    Removing misc.o(.text.NVIC_PriorityGroupConfig), (20 bytes).
    Removing misc.o(.ARM.exidx.text.NVIC_PriorityGroupConfig), (8 bytes).
    Removing misc.o(.text.NVIC_Init), (94 bytes).
    Removing misc.o(.ARM.exidx.text.NVIC_Init), (8 bytes).
    Removing misc.o(.text.NVIC_SetVectorTable), (24 bytes).
    Removing misc.o(.ARM.exidx.text.NVIC_SetVectorTable), (8 bytes).
    Removing misc.o(.text.NVIC_SystemLPConfig), (24 bytes).
    Removing misc.o(.ARM.exidx.text.NVIC_SystemLPConfig), (8 bytes).
    Removing misc.o(.text.SysTick_CLKSourceConfig), (26 bytes).
    Removing misc.o(.ARM.exidx.text.SysTick_CLKSourceConfig), (8 bytes).
    Removing stm32f10x_gpio.o(.text), (0 bytes).
    Removing stm32f10x_gpio.o(.text.GPIO_DeInit), (76 bytes).
    Removing stm32f10x_gpio.o(.ARM.exidx.text.GPIO_DeInit), (8 bytes).
    Removing stm32f10x_gpio.o(.text.GPIO_AFIODeInit), (20 bytes).
    Removing stm32f10x_gpio.o(.ARM.exidx.text.GPIO_AFIODeInit), (8 bytes).
    Removing stm32f10x_gpio.o(.ARM.exidx.text.GPIO_Init), (8 bytes).
    Removing stm32f10x_gpio.o(.text.GPIO_StructInit), (12 bytes).
    Removing stm32f10x_gpio.o(.ARM.exidx.text.GPIO_StructInit), (8 bytes).
    Removing stm32f10x_gpio.o(.text.GPIO_ReadInputDataBit), (10 bytes).
    Removing stm32f10x_gpio.o(.ARM.exidx.text.GPIO_ReadInputDataBit), (8 bytes).
    Removing stm32f10x_gpio.o(.text.GPIO_ReadInputData), (6 bytes).
    Removing stm32f10x_gpio.o(.ARM.exidx.text.GPIO_ReadInputData), (8 bytes).
    Removing stm32f10x_gpio.o(.text.GPIO_ReadOutputDataBit), (10 bytes).
    Removing stm32f10x_gpio.o(.ARM.exidx.text.GPIO_ReadOutputDataBit), (8 bytes).
    Removing stm32f10x_gpio.o(.text.GPIO_ReadOutputData), (6 bytes).
    Removing stm32f10x_gpio.o(.ARM.exidx.text.GPIO_ReadOutputData), (8 bytes).
    Removing stm32f10x_gpio.o(.text.GPIO_SetBits), (4 bytes).
    Removing stm32f10x_gpio.o(.ARM.exidx.text.GPIO_SetBits), (8 bytes).
    Removing stm32f10x_gpio.o(.text.GPIO_ResetBits), (4 bytes).
    Removing stm32f10x_gpio.o(.ARM.exidx.text.GPIO_ResetBits), (8 bytes).
    Removing stm32f10x_gpio.o(.text.GPIO_WriteBit), (12 bytes).
    Removing stm32f10x_gpio.o(.ARM.exidx.text.GPIO_WriteBit), (8 bytes).
    Removing stm32f10x_gpio.o(.text.GPIO_Write), (4 bytes).
    Removing stm32f10x_gpio.o(.ARM.exidx.text.GPIO_Write), (8 bytes).
    Removing stm32f10x_gpio.o(.text.GPIO_PinLockConfig), (16 bytes).
    Removing stm32f10x_gpio.o(.ARM.exidx.text.GPIO_PinLockConfig), (8 bytes).
    Removing stm32f10x_gpio.o(.text.GPIO_EventOutputConfig), (30 bytes).
    Removing stm32f10x_gpio.o(.ARM.exidx.text.GPIO_EventOutputConfig), (8 bytes).
    Removing stm32f10x_gpio.o(.text.GPIO_EventOutputCmd), (10 bytes).
    Removing stm32f10x_gpio.o(.ARM.exidx.text.GPIO_EventOutputCmd), (8 bytes).
    Removing stm32f10x_gpio.o(.text.GPIO_PinRemapConfig), (116 bytes).
    Removing stm32f10x_gpio.o(.ARM.exidx.text.GPIO_PinRemapConfig), (8 bytes).
    Removing stm32f10x_gpio.o(.text.GPIO_EXTILineConfig), (46 bytes).
    Removing stm32f10x_gpio.o(.ARM.exidx.text.GPIO_EXTILineConfig), (8 bytes).
    Removing stm32f10x_gpio.o(.text.GPIO_ETH_MediaInterfaceConfig), (10 bytes).
    Removing stm32f10x_gpio.o(.ARM.exidx.text.GPIO_ETH_MediaInterfaceConfig), (8 bytes).
    Removing stm32f10x_i2c.o(.text), (0 bytes).
    Removing stm32f10x_i2c.o(.text.I2C_DeInit), (40 bytes).
    Removing stm32f10x_i2c.o(.ARM.exidx.text.I2C_DeInit), (8 bytes).
    Removing stm32f10x_i2c.o(.ARM.exidx.text.I2C_Init), (8 bytes).
    Removing stm32f10x_i2c.o(.text.I2C_StructInit), (24 bytes).
    Removing stm32f10x_i2c.o(.ARM.exidx.text.I2C_StructInit), (8 bytes).
    Removing stm32f10x_i2c.o(.ARM.exidx.text.I2C_Cmd), (8 bytes).
    Removing stm32f10x_i2c.o(.text.I2C_DMACmd), (18 bytes).
    Removing stm32f10x_i2c.o(.ARM.exidx.text.I2C_DMACmd), (8 bytes).
    Removing stm32f10x_i2c.o(.text.I2C_DMALastTransferCmd), (18 bytes).
    Removing stm32f10x_i2c.o(.ARM.exidx.text.I2C_DMALastTransferCmd), (8 bytes).
    Removing stm32f10x_i2c.o(.ARM.exidx.text.I2C_GenerateSTART), (8 bytes).
    Removing stm32f10x_i2c.o(.ARM.exidx.text.I2C_GenerateSTOP), (8 bytes).
    Removing stm32f10x_i2c.o(.ARM.exidx.text.I2C_AcknowledgeConfig), (8 bytes).
    Removing stm32f10x_i2c.o(.text.I2C_OwnAddress2Config), (12 bytes).
    Removing stm32f10x_i2c.o(.ARM.exidx.text.I2C_OwnAddress2Config), (8 bytes).
    Removing stm32f10x_i2c.o(.text.I2C_DualAddressCmd), (18 bytes).
    Removing stm32f10x_i2c.o(.ARM.exidx.text.I2C_DualAddressCmd), (8 bytes).
    Removing stm32f10x_i2c.o(.text.I2C_GeneralCallCmd), (18 bytes).
    Removing stm32f10x_i2c.o(.ARM.exidx.text.I2C_GeneralCallCmd), (8 bytes).
    Removing stm32f10x_i2c.o(.text.I2C_ITConfig), (16 bytes).
    Removing stm32f10x_i2c.o(.ARM.exidx.text.I2C_ITConfig), (8 bytes).
    Removing stm32f10x_i2c.o(.ARM.exidx.text.I2C_SendData), (8 bytes).
    Removing stm32f10x_i2c.o(.ARM.exidx.text.I2C_ReceiveData), (8 bytes).
    Removing stm32f10x_i2c.o(.ARM.exidx.text.I2C_Send7bitAddress), (8 bytes).
    Removing stm32f10x_i2c.o(.text.I2C_ReadRegister), (22 bytes).
    Removing stm32f10x_i2c.o(.ARM.exidx.text.I2C_ReadRegister), (8 bytes).
    Removing stm32f10x_i2c.o(.text.I2C_SoftwareResetCmd), (20 bytes).
    Removing stm32f10x_i2c.o(.ARM.exidx.text.I2C_SoftwareResetCmd), (8 bytes).
    Removing stm32f10x_i2c.o(.text.I2C_NACKPositionConfig), (20 bytes).
    Removing stm32f10x_i2c.o(.ARM.exidx.text.I2C_NACKPositionConfig), (8 bytes).
    Removing stm32f10x_i2c.o(.text.I2C_SMBusAlertConfig), (20 bytes).
    Removing stm32f10x_i2c.o(.ARM.exidx.text.I2C_SMBusAlertConfig), (8 bytes).
    Removing stm32f10x_i2c.o(.text.I2C_TransmitPEC), (18 bytes).
    Removing stm32f10x_i2c.o(.ARM.exidx.text.I2C_TransmitPEC), (8 bytes).
    Removing stm32f10x_i2c.o(.text.I2C_PECPositionConfig), (20 bytes).
    Removing stm32f10x_i2c.o(.ARM.exidx.text.I2C_PECPositionConfig), (8 bytes).
    Removing stm32f10x_i2c.o(.text.I2C_CalculatePEC), (18 bytes).
    Removing stm32f10x_i2c.o(.ARM.exidx.text.I2C_CalculatePEC), (8 bytes).
    Removing stm32f10x_i2c.o(.text.I2C_GetPEC), (6 bytes).
    Removing stm32f10x_i2c.o(.ARM.exidx.text.I2C_GetPEC), (8 bytes).
    Removing stm32f10x_i2c.o(.text.I2C_ARPCmd), (18 bytes).
    Removing stm32f10x_i2c.o(.ARM.exidx.text.I2C_ARPCmd), (8 bytes).
    Removing stm32f10x_i2c.o(.text.I2C_StretchClockCmd), (18 bytes).
    Removing stm32f10x_i2c.o(.ARM.exidx.text.I2C_StretchClockCmd), (8 bytes).
    Removing stm32f10x_i2c.o(.text.I2C_FastModeDutyCycleConfig), (20 bytes).
    Removing stm32f10x_i2c.o(.ARM.exidx.text.I2C_FastModeDutyCycleConfig), (8 bytes).
    Removing stm32f10x_i2c.o(.ARM.exidx.text.I2C_CheckEvent), (8 bytes).
    Removing stm32f10x_i2c.o(.text.I2C_GetLastEvent), (12 bytes).
    Removing stm32f10x_i2c.o(.ARM.exidx.text.I2C_GetLastEvent), (8 bytes).
    Removing stm32f10x_i2c.o(.ARM.exidx.text.I2C_GetFlagStatus), (8 bytes).
    Removing stm32f10x_i2c.o(.text.I2C_ClearFlag), (6 bytes).
    Removing stm32f10x_i2c.o(.ARM.exidx.text.I2C_ClearFlag), (8 bytes).
    Removing stm32f10x_i2c.o(.text.I2C_GetITStatus), (28 bytes).
    Removing stm32f10x_i2c.o(.ARM.exidx.text.I2C_GetITStatus), (8 bytes).
    Removing stm32f10x_i2c.o(.text.I2C_ClearITPendingBit), (6 bytes).
    Removing stm32f10x_i2c.o(.ARM.exidx.text.I2C_ClearITPendingBit), (8 bytes).
    Removing stm32f10x_rcc.o(.text), (0 bytes).
    Removing stm32f10x_rcc.o(.text.RCC_DeInit), (66 bytes).
    Removing stm32f10x_rcc.o(.ARM.exidx.text.RCC_DeInit), (8 bytes).
    Removing stm32f10x_rcc.o(.text.RCC_HSEConfig), (50 bytes).
    Removing stm32f10x_rcc.o(.ARM.exidx.text.RCC_HSEConfig), (8 bytes).
    Removing stm32f10x_rcc.o(.text.RCC_WaitForHSEStartUp), (48 bytes).
    Removing stm32f10x_rcc.o(.ARM.exidx.text.RCC_WaitForHSEStartUp), (8 bytes).
    Removing stm32f10x_rcc.o(.text.RCC_GetFlagStatus), (42 bytes).
    Removing stm32f10x_rcc.o(.ARM.exidx.text.RCC_GetFlagStatus), (8 bytes).
    Removing stm32f10x_rcc.o(.text.RCC_AdjustHSICalibrationValue), (22 bytes).
    Removing stm32f10x_rcc.o(.ARM.exidx.text.RCC_AdjustHSICalibrationValue), (8 bytes).
    Removing stm32f10x_rcc.o(.text.RCC_HSICmd), (10 bytes).
    Removing stm32f10x_rcc.o(.ARM.exidx.text.RCC_HSICmd), (8 bytes).
    Removing stm32f10x_rcc.o(.text.RCC_PLLConfig), (22 bytes).
    Removing stm32f10x_rcc.o(.ARM.exidx.text.RCC_PLLConfig), (8 bytes).
    Removing stm32f10x_rcc.o(.text.RCC_PLLCmd), (10 bytes).
    Removing stm32f10x_rcc.o(.ARM.exidx.text.RCC_PLLCmd), (8 bytes).
    Removing stm32f10x_rcc.o(.text.RCC_SYSCLKConfig), (20 bytes).
    Removing stm32f10x_rcc.o(.ARM.exidx.text.RCC_SYSCLKConfig), (8 bytes).
    Removing stm32f10x_rcc.o(.text.RCC_GetSYSCLKSource), (16 bytes).
    Removing stm32f10x_rcc.o(.ARM.exidx.text.RCC_GetSYSCLKSource), (8 bytes).
    Removing stm32f10x_rcc.o(.text.RCC_HCLKConfig), (20 bytes).
    Removing stm32f10x_rcc.o(.ARM.exidx.text.RCC_HCLKConfig), (8 bytes).
    Removing stm32f10x_rcc.o(.text.RCC_PCLK1Config), (20 bytes).
    Removing stm32f10x_rcc.o(.ARM.exidx.text.RCC_PCLK1Config), (8 bytes).
    Removing stm32f10x_rcc.o(.text.RCC_PCLK2Config), (22 bytes).
    Removing stm32f10x_rcc.o(.ARM.exidx.text.RCC_PCLK2Config), (8 bytes).
    Removing stm32f10x_rcc.o(.text.RCC_ITConfig), (24 bytes).
    Removing stm32f10x_rcc.o(.ARM.exidx.text.RCC_ITConfig), (8 bytes).
    Removing stm32f10x_rcc.o(.text.RCC_USBCLKConfig), (10 bytes).
    Removing stm32f10x_rcc.o(.ARM.exidx.text.RCC_USBCLKConfig), (8 bytes).
    Removing stm32f10x_rcc.o(.text.RCC_ADCCLKConfig), (20 bytes).
    Removing stm32f10x_rcc.o(.ARM.exidx.text.RCC_ADCCLKConfig), (8 bytes).
    Removing stm32f10x_rcc.o(.text.RCC_LSEConfig), (30 bytes).
    Removing stm32f10x_rcc.o(.ARM.exidx.text.RCC_LSEConfig), (8 bytes).
    Removing stm32f10x_rcc.o(.text.RCC_LSICmd), (12 bytes).
    Removing stm32f10x_rcc.o(.ARM.exidx.text.RCC_LSICmd), (8 bytes).
    Removing stm32f10x_rcc.o(.text.RCC_RTCCLKConfig), (16 bytes).
    Removing stm32f10x_rcc.o(.ARM.exidx.text.RCC_RTCCLKConfig), (8 bytes).
    Removing stm32f10x_rcc.o(.text.RCC_RTCCLKCmd), (12 bytes).
    Removing stm32f10x_rcc.o(.ARM.exidx.text.RCC_RTCCLKCmd), (8 bytes).
    Removing stm32f10x_rcc.o(.ARM.exidx.text.RCC_GetClocksFreq), (8 bytes).
    Removing stm32f10x_rcc.o(.text.RCC_AHBPeriphClockCmd), (24 bytes).
    Removing stm32f10x_rcc.o(.ARM.exidx.text.RCC_AHBPeriphClockCmd), (8 bytes).
    Removing stm32f10x_rcc.o(.ARM.exidx.text.RCC_APB2PeriphClockCmd), (8 bytes).
    Removing stm32f10x_rcc.o(.ARM.exidx.text.RCC_APB1PeriphClockCmd), (8 bytes).
    Removing stm32f10x_rcc.o(.text.RCC_APB2PeriphResetCmd), (24 bytes).
    Removing stm32f10x_rcc.o(.ARM.exidx.text.RCC_APB2PeriphResetCmd), (8 bytes).
    Removing stm32f10x_rcc.o(.text.RCC_APB1PeriphResetCmd), (24 bytes).
    Removing stm32f10x_rcc.o(.ARM.exidx.text.RCC_APB1PeriphResetCmd), (8 bytes).
    Removing stm32f10x_rcc.o(.text.RCC_BackupResetCmd), (12 bytes).
    Removing stm32f10x_rcc.o(.ARM.exidx.text.RCC_BackupResetCmd), (8 bytes).
    Removing stm32f10x_rcc.o(.text.RCC_ClockSecuritySystemCmd), (10 bytes).
    Removing stm32f10x_rcc.o(.ARM.exidx.text.RCC_ClockSecuritySystemCmd), (8 bytes).
    Removing stm32f10x_rcc.o(.text.RCC_MCOConfig), (12 bytes).
    Removing stm32f10x_rcc.o(.ARM.exidx.text.RCC_MCOConfig), (8 bytes).
    Removing stm32f10x_rcc.o(.text.RCC_ClearFlag), (18 bytes).
    Removing stm32f10x_rcc.o(.ARM.exidx.text.RCC_ClearFlag), (8 bytes).
    Removing stm32f10x_rcc.o(.text.RCC_GetITStatus), (18 bytes).
    Removing stm32f10x_rcc.o(.ARM.exidx.text.RCC_GetITStatus), (8 bytes).
    Removing stm32f10x_rcc.o(.text.RCC_ClearITPendingBit), (12 bytes).
    Removing stm32f10x_rcc.o(.ARM.exidx.text.RCC_ClearITPendingBit), (8 bytes).
    Removing stm32f10x_usart.o(.text), (0 bytes).
    Removing stm32f10x_usart.o(.text.USART_DeInit), (174 bytes).
    Removing stm32f10x_usart.o(.ARM.exidx.text.USART_DeInit), (8 bytes).
    Removing stm32f10x_usart.o(.ARM.exidx.text.USART_Init), (8 bytes).
    Removing stm32f10x_usart.o(.text.USART_StructInit), (18 bytes).
    Removing stm32f10x_usart.o(.ARM.exidx.text.USART_StructInit), (8 bytes).
    Removing stm32f10x_usart.o(.text.USART_ClockInit), (34 bytes).
    Removing stm32f10x_usart.o(.ARM.exidx.text.USART_ClockInit), (8 bytes).
    Removing stm32f10x_usart.o(.text.USART_ClockStructInit), (8 bytes).
    Removing stm32f10x_usart.o(.ARM.exidx.text.USART_ClockStructInit), (8 bytes).
    Removing stm32f10x_usart.o(.ARM.exidx.text.USART_Cmd), (8 bytes).
    Removing stm32f10x_usart.o(.ARM.exidx.text.USART_ITConfig), (8 bytes).
    Removing stm32f10x_usart.o(.text.USART_DMACmd), (16 bytes).
    Removing stm32f10x_usart.o(.ARM.exidx.text.USART_DMACmd), (8 bytes).
    Removing stm32f10x_usart.o(.text.USART_SetAddress), (16 bytes).
    Removing stm32f10x_usart.o(.ARM.exidx.text.USART_SetAddress), (8 bytes).
    Removing stm32f10x_usart.o(.text.USART_WakeUpConfig), (16 bytes).
    Removing stm32f10x_usart.o(.ARM.exidx.text.USART_WakeUpConfig), (8 bytes).
    Removing stm32f10x_usart.o(.text.USART_ReceiverWakeUpCmd), (18 bytes).
    Removing stm32f10x_usart.o(.ARM.exidx.text.USART_ReceiverWakeUpCmd), (8 bytes).
    Removing stm32f10x_usart.o(.text.USART_LINBreakDetectLengthConfig), (16 bytes).
    Removing stm32f10x_usart.o(.ARM.exidx.text.USART_LINBreakDetectLengthConfig), (8 bytes).
    Removing stm32f10x_usart.o(.text.USART_LINCmd), (18 bytes).
    Removing stm32f10x_usart.o(.ARM.exidx.text.USART_LINCmd), (8 bytes).
    Removing stm32f10x_usart.o(.ARM.exidx.text.USART_SendData), (8 bytes).
    Removing stm32f10x_usart.o(.ARM.exidx.text.USART_ReceiveData), (8 bytes).
    Removing stm32f10x_usart.o(.text.USART_SendBreak), (10 bytes).
    Removing stm32f10x_usart.o(.ARM.exidx.text.USART_SendBreak), (8 bytes).
    Removing stm32f10x_usart.o(.text.USART_SetGuardTime), (16 bytes).
    Removing stm32f10x_usart.o(.ARM.exidx.text.USART_SetGuardTime), (8 bytes).
    Removing stm32f10x_usart.o(.text.USART_SetPrescaler), (16 bytes).
    Removing stm32f10x_usart.o(.ARM.exidx.text.USART_SetPrescaler), (8 bytes).
    Removing stm32f10x_usart.o(.text.USART_SmartCardCmd), (18 bytes).
    Removing stm32f10x_usart.o(.ARM.exidx.text.USART_SmartCardCmd), (8 bytes).
    Removing stm32f10x_usart.o(.text.USART_SmartCardNACKCmd), (18 bytes).
    Removing stm32f10x_usart.o(.ARM.exidx.text.USART_SmartCardNACKCmd), (8 bytes).
    Removing stm32f10x_usart.o(.text.USART_HalfDuplexCmd), (18 bytes).
    Removing stm32f10x_usart.o(.ARM.exidx.text.USART_HalfDuplexCmd), (8 bytes).
    Removing stm32f10x_usart.o(.text.USART_OverSampling8Cmd), (20 bytes).
    Removing stm32f10x_usart.o(.ARM.exidx.text.USART_OverSampling8Cmd), (8 bytes).
    Removing stm32f10x_usart.o(.text.USART_OneBitMethodCmd), (18 bytes).
    Removing stm32f10x_usart.o(.ARM.exidx.text.USART_OneBitMethodCmd), (8 bytes).
    Removing stm32f10x_usart.o(.text.USART_IrDAConfig), (16 bytes).
    Removing stm32f10x_usart.o(.ARM.exidx.text.USART_IrDAConfig), (8 bytes).
    Removing stm32f10x_usart.o(.text.USART_IrDACmd), (18 bytes).
    Removing stm32f10x_usart.o(.ARM.exidx.text.USART_IrDACmd), (8 bytes).
    Removing stm32f10x_usart.o(.ARM.exidx.text.USART_GetFlagStatus), (8 bytes).
    Removing stm32f10x_usart.o(.text.USART_ClearFlag), (6 bytes).
    Removing stm32f10x_usart.o(.ARM.exidx.text.USART_ClearFlag), (8 bytes).
    Removing stm32f10x_usart.o(.ARM.exidx.text.USART_GetITStatus), (8 bytes).
    Removing stm32f10x_usart.o(.text.USART_ClearITPendingBit), (14 bytes).
    Removing stm32f10x_usart.o(.ARM.exidx.text.USART_ClearITPendingBit), (8 bytes).
    Removing gpio_stm32f10x.o(.text), (0 bytes).
    Removing gpio_stm32f10x.o(.text.GPIO_PortClock), (334 bytes).
    Removing gpio_stm32f10x.o(.ARM.exidx.text.GPIO_PortClock), (8 bytes).
    Removing gpio_stm32f10x.o(.text.GPIO_GetPortClockState), (72 bytes).
    Removing gpio_stm32f10x.o(.ARM.exidx.text.GPIO_GetPortClockState), (8 bytes).
    Removing gpio_stm32f10x.o(.text.GPIO_PinConfigure), (124 bytes).
    Removing gpio_stm32f10x.o(.ARM.exidx.text.GPIO_PinConfigure), (8 bytes).
    Removing gpio_stm32f10x.o(.text.GPIO_AFConfigure), (124 bytes).
    Removing gpio_stm32f10x.o(.ARM.exidx.text.GPIO_AFConfigure), (8 bytes).
    Removing system_stm32f10x.o(.text), (0 bytes).
    Removing system_stm32f10x.o(.ARM.exidx.text.SystemInit), (8 bytes).
    Removing system_stm32f10x.o(.ARM.exidx.text.SetSysClock), (8 bytes).
    Removing system_stm32f10x.o(.text.SystemCoreClockUpdate), (110 bytes).
    Removing system_stm32f10x.o(.ARM.exidx.text.SystemCoreClockUpdate), (8 bytes).
    Removing system_stm32f10x.o(.ARM.exidx.text.SetSysClockTo72), (8 bytes).
    Removing system_stm32f10x.o(.data.SystemCoreClock), (4 bytes).
    Removing system_stm32f10x.o(.rodata.AHBPrescTable), (16 bytes).

266 unused section(s) (total 4520 bytes) removed from the image.

==============================================================================

Image Symbol Table

    Local Symbols

    Symbol Name                              Value     Ov Type        Size  Object(Section)

    ../clib/angel/boardlib.s                 0x00000000   Number         0  boardinit1.o ABSOLUTE
    ../clib/angel/boardlib.s                 0x00000000   Number         0  boardinit2.o ABSOLUTE
    ../clib/angel/boardlib.s                 0x00000000   Number         0  boardinit3.o ABSOLUTE
    ../clib/angel/boardlib.s                 0x00000000   Number         0  boardshut.o ABSOLUTE
    ../clib/angel/handlers.s                 0x00000000   Number         0  __scatter_zi.o ABSOLUTE
    ../clib/angel/kernel.s                   0x00000000   Number         0  __rtentry.o ABSOLUTE
    ../clib/angel/kernel.s                   0x00000000   Number         0  __rtentry2.o ABSOLUTE
    ../clib/angel/kernel.s                   0x00000000   Number         0  __rtentry4.o ABSOLUTE
    ../clib/angel/kernel.s                   0x00000000   Number         0  rtexit.o ABSOLUTE
    ../clib/angel/kernel.s                   0x00000000   Number         0  rtexit2.o ABSOLUTE
    ../clib/angel/rt.s                       0x00000000   Number         0  aeabi_ldiv0.o ABSOLUTE
    ../clib/angel/rt.s                       0x00000000   Number         0  aeabi_ldiv0_sigfpe.o ABSOLUTE
    ../clib/angel/rt.s                       0x00000000   Number         0  rt_div0.o ABSOLUTE
    ../clib/angel/rt.s                       0x00000000   Number         0  rt_raise.o ABSOLUTE
    ../clib/angel/scatter.s                  0x00000000   Number         0  __scatter.o ABSOLUTE
    ../clib/angel/startup.s                  0x00000000   Number         0  __main.o ABSOLUTE
    ../clib/angel/sys.s                      0x00000000   Number         0  sys_stackheap_outer.o ABSOLUTE
    ../clib/angel/sys.s                      0x00000000   Number         0  libspace.o ABSOLUTE
    ../clib/angel/sys.s                      0x00000000   Number         0  use_no_semi.o ABSOLUTE
    ../clib/angel/sys.s                      0x00000000   Number         0  indicate_semi.o ABSOLUTE
    ../clib/angel/sysapp.c                   0x00000000   Number         0  sys_exit.o ABSOLUTE
    ../clib/angel/sysapp.c                   0x00000000   Number         0  sys_exit_hlt.o ABSOLUTE
    ../clib/angel/sysapp.c                   0x00000000   Number         0  sys_wrch.o ABSOLUTE
    ../clib/angel/sysapp.c                   0x00000000   Number         0  sys_wrch_hlt.o ABSOLUTE
    ../clib/angel/sysapp.c                   0x00000000   Number         0  sys_command.o ABSOLUTE
    ../clib/angel/sysapp.c                   0x00000000   Number         0  sys_command_hlt.o ABSOLUTE
    ../clib/armsys.c                         0x00000000   Number         0  argv_veneer.o ABSOLUTE
    ../clib/armsys.c                         0x00000000   Number         0  argv_veneer.o ABSOLUTE
    ../clib/armsys.c                         0x00000000   Number         0  _get_argv_nomalloc.o ABSOLUTE
    ../clib/armsys.c                         0x00000000   Number         0  no_argv.o ABSOLUTE
    ../clib/heapalloc.c                      0x00000000   Number         0  hrguard.o ABSOLUTE
    ../clib/heapaux.c                        0x00000000   Number         0  heapauxi.o ABSOLUTE
    ../clib/libinit.s                        0x00000000   Number         0  libinit.o ABSOLUTE
    ../clib/libinit.s                        0x00000000   Number         0  libinit2.o ABSOLUTE
    ../clib/libinit.s                        0x00000000   Number         0  libshutdown.o ABSOLUTE
    ../clib/libinit.s                        0x00000000   Number         0  libshutdown2.o ABSOLUTE
    ../clib/longlong.s                       0x00000000   Number         0  llsdiv.o ABSOLUTE
    ../clib/longlong.s                       0x00000000   Number         0  lludivv7m.o ABSOLUTE
    ../clib/signal.c                         0x00000000   Number         0  defsig_fpe_outer.o ABSOLUTE
    ../clib/signal.c                         0x00000000   Number         0  defsig_fpe_formal.o ABSOLUTE
    ../clib/signal.c                         0x00000000   Number         0  defsig_exit.o ABSOLUTE
    ../clib/signal.c                         0x00000000   Number         0  defsig_fpe_inner.o ABSOLUTE
    ../clib/signal.c                         0x00000000   Number         0  __raise.o ABSOLUTE
    ../clib/signal.c                         0x00000000   Number         0  defsig_general.o ABSOLUTE
    ../clib/signal.c                         0x00000000   Number         0  defsig_abrt_inner.o ABSOLUTE
    ../clib/signal.c                         0x00000000   Number         0  defsig_rtred_inner.o ABSOLUTE
    ../clib/signal.c                         0x00000000   Number         0  defsig_rtmem_inner.o ABSOLUTE
    ../clib/signal.c                         0x00000000   Number         0  defsig_rtmem_outer.o ABSOLUTE
    ../clib/signal.c                         0x00000000   Number         0  defsig_rtmem_formal.o ABSOLUTE
    ../clib/signal.c                         0x00000000   Number         0  defsig_stak_inner.o ABSOLUTE
    ../clib/signal.c                         0x00000000   Number         0  defsig_pvfn_inner.o ABSOLUTE
    ../clib/signal.c                         0x00000000   Number         0  defsig_cppl_inner.o ABSOLUTE
    ../clib/signal.c                         0x00000000   Number         0  defsig_segv_inner.o ABSOLUTE
    ../clib/signal.c                         0x00000000   Number         0  defsig_other.o ABSOLUTE
    ../clib/signal.s                         0x00000000   Number         0  defsig.o ABSOLUTE
    ../clib/stdlib.c                         0x00000000   Number         0  exit.o ABSOLUTE
    ../fplib/faddsub.s                       0x00000000   Number         0  faddsub_clz.o ABSOLUTE
    ../fplib/fcmp.s                          0x00000000   Number         0  fcmp.o ABSOLUTE
    ../fplib/fcmpi.s                         0x00000000   Number         0  fcmpi.o ABSOLUTE
    ../fplib/fdiv.s                          0x00000000   Number         0  fdiv.o ABSOLUTE
    ../fplib/feqf.s                          0x00000000   Number         0  feqf.o ABSOLUTE
    ../fplib/ffix.s                          0x00000000   Number         0  ffix.o ABSOLUTE
    ../fplib/fflt.s                          0x00000000   Number         0  fflt_clz.o ABSOLUTE
    ../fplib/ffltll.s                        0x00000000   Number         0  ffltll_clz.o ABSOLUTE
    ../fplib/fgeqf.s                         0x00000000   Number         0  fgeqf.o ABSOLUTE
    ../fplib/fleqf.s                         0x00000000   Number         0  fleqf.o ABSOLUTE
    ../fplib/fmul.s                          0x00000000   Number         0  fmul.o ABSOLUTE
    ../fplib/fnaninf.s                       0x00000000   Number         0  fnaninf.o ABSOLUTE
    ../fplib/fpinit.s                        0x00000000   Number         0  fpinit.o ABSOLUTE
    ../fplib/fpinit_empty.s                  0x00000000   Number         0  fpinit_empty.o ABSOLUTE
    ../fplib/fretinf.s                       0x00000000   Number         0  fretinf.o ABSOLUTE
    ../fplib/usenofp.s                       0x00000000   Number         0  usenofp.o ABSOLUTE
    GPIO_STM32F10x.c                         0x00000000   Number         0  gpio_stm32f10x.o ABSOLUTE
    RTE/Device/STM32F103C8/startup_stm32f10x_md.s 0x00000000   Number         0  startup_stm32f10x_md.o ABSOLUTE
    bme_280.c                                0x00000000   Number         0  bme_280.o ABSOLUTE
    dc.s                                     0x00000000   Number         0  dc.o ABSOLUTE
    i2c.c                                    0x00000000   Number         0  i2c.o ABSOLUTE
    main.c                                   0x00000000   Number         0  main.o ABSOLUTE
    misc.c                                   0x00000000   Number         0  misc.o ABSOLUTE
    stm32f10x_gpio.c                         0x00000000   Number         0  stm32f10x_gpio.o ABSOLUTE
    stm32f10x_i2c.c                          0x00000000   Number         0  stm32f10x_i2c.o ABSOLUTE
    stm32f10x_rcc.c                          0x00000000   Number         0  stm32f10x_rcc.o ABSOLUTE
    stm32f10x_usart.c                        0x00000000   Number         0  stm32f10x_usart.o ABSOLUTE
    system_stm32f10x.c                       0x00000000   Number         0  system_stm32f10x.o ABSOLUTE
    uart.c                                   0x00000000   Number         0  uart.o ABSOLUTE
    RESET                                    0x08000000   Section      236  startup_stm32f10x_md.o(RESET)
    !!!main                                  0x080000ec   Section        8  __main.o(!!!main)
    !!!scatter                               0x080000f4   Section       52  __scatter.o(!!!scatter)
    !!handler_zi                             0x08000128   Section       28  __scatter_zi.o(!!handler_zi)
    .ARM.Collect$$libinit$$00000000          0x08000144   Section        2  libinit.o(.ARM.Collect$$libinit$$00000000)
    .ARM.Collect$$libinit$$00000002          0x08000146   Section        0  libinit2.o(.ARM.Collect$$libinit$$00000002)
    .ARM.Collect$$libinit$$00000004          0x08000146   Section        0  libinit2.o(.ARM.Collect$$libinit$$00000004)
    .ARM.Collect$$libinit$$0000000A          0x08000146   Section        0  libinit2.o(.ARM.Collect$$libinit$$0000000A)
    .ARM.Collect$$libinit$$0000000C          0x08000146   Section        0  libinit2.o(.ARM.Collect$$libinit$$0000000C)
    .ARM.Collect$$libinit$$0000000E          0x08000146   Section        0  libinit2.o(.ARM.Collect$$libinit$$0000000E)
    .ARM.Collect$$libinit$$00000011          0x08000146   Section        0  libinit2.o(.ARM.Collect$$libinit$$00000011)
    .ARM.Collect$$libinit$$00000013          0x08000146   Section        0  libinit2.o(.ARM.Collect$$libinit$$00000013)
    .ARM.Collect$$libinit$$00000015          0x08000146   Section        0  libinit2.o(.ARM.Collect$$libinit$$00000015)
    .ARM.Collect$$libinit$$00000017          0x08000146   Section        0  libinit2.o(.ARM.Collect$$libinit$$00000017)
    .ARM.Collect$$libinit$$00000019          0x08000146   Section        0  libinit2.o(.ARM.Collect$$libinit$$00000019)
    .ARM.Collect$$libinit$$0000001B          0x08000146   Section        0  libinit2.o(.ARM.Collect$$libinit$$0000001B)
    .ARM.Collect$$libinit$$0000001D          0x08000146   Section        0  libinit2.o(.ARM.Collect$$libinit$$0000001D)
    .ARM.Collect$$libinit$$0000001F          0x08000146   Section        0  libinit2.o(.ARM.Collect$$libinit$$0000001F)
    .ARM.Collect$$libinit$$00000021          0x08000146   Section        0  libinit2.o(.ARM.Collect$$libinit$$00000021)
    .ARM.Collect$$libinit$$00000023          0x08000146   Section        0  libinit2.o(.ARM.Collect$$libinit$$00000023)
    .ARM.Collect$$libinit$$00000025          0x08000146   Section        0  libinit2.o(.ARM.Collect$$libinit$$00000025)
    .ARM.Collect$$libinit$$0000002C          0x08000146   Section        0  libinit2.o(.ARM.Collect$$libinit$$0000002C)
    .ARM.Collect$$libinit$$0000002E          0x08000146   Section        0  libinit2.o(.ARM.Collect$$libinit$$0000002E)
    .ARM.Collect$$libinit$$00000030          0x08000146   Section        0  libinit2.o(.ARM.Collect$$libinit$$00000030)
    .ARM.Collect$$libinit$$00000032          0x08000146   Section        0  libinit2.o(.ARM.Collect$$libinit$$00000032)
    .ARM.Collect$$libinit$$00000033          0x08000146   Section        2  libinit2.o(.ARM.Collect$$libinit$$00000033)
    .ARM.Collect$$libshutdown$$00000000      0x08000148   Section        2  libshutdown.o(.ARM.Collect$$libshutdown$$00000000)
    .ARM.Collect$$libshutdown$$00000002      0x0800014a   Section        0  libshutdown2.o(.ARM.Collect$$libshutdown$$00000002)
    .ARM.Collect$$libshutdown$$00000004      0x0800014a   Section        0  libshutdown2.o(.ARM.Collect$$libshutdown$$00000004)
    .ARM.Collect$$libshutdown$$00000007      0x0800014a   Section        0  libshutdown2.o(.ARM.Collect$$libshutdown$$00000007)
    .ARM.Collect$$libshutdown$$0000000A      0x0800014a   Section        0  libshutdown2.o(.ARM.Collect$$libshutdown$$0000000A)
    .ARM.Collect$$libshutdown$$0000000C      0x0800014a   Section        0  libshutdown2.o(.ARM.Collect$$libshutdown$$0000000C)
    .ARM.Collect$$libshutdown$$0000000F      0x0800014a   Section        0  libshutdown2.o(.ARM.Collect$$libshutdown$$0000000F)
    .ARM.Collect$$libshutdown$$00000010      0x0800014a   Section        2  libshutdown2.o(.ARM.Collect$$libshutdown$$00000010)
    .ARM.Collect$$rtentry$$00000000          0x0800014c   Section        0  __rtentry.o(.ARM.Collect$$rtentry$$00000000)
    .ARM.Collect$$rtentry$$00000002          0x0800014c   Section        0  __rtentry2.o(.ARM.Collect$$rtentry$$00000002)
    .ARM.Collect$$rtentry$$00000004          0x0800014c   Section        6  __rtentry4.o(.ARM.Collect$$rtentry$$00000004)
    .ARM.Collect$$rtentry$$00000009          0x08000152   Section        0  __rtentry2.o(.ARM.Collect$$rtentry$$00000009)
    .ARM.Collect$$rtentry$$0000000A          0x08000152   Section        4  __rtentry2.o(.ARM.Collect$$rtentry$$0000000A)
    .ARM.Collect$$rtentry$$0000000C          0x08000156   Section        0  __rtentry2.o(.ARM.Collect$$rtentry$$0000000C)
    .ARM.Collect$$rtentry$$0000000D          0x08000156   Section        8  __rtentry2.o(.ARM.Collect$$rtentry$$0000000D)
    .ARM.Collect$$rtexit$$00000000           0x0800015e   Section        2  rtexit.o(.ARM.Collect$$rtexit$$00000000)
    .ARM.Collect$$rtexit$$00000002           0x08000160   Section        0  rtexit2.o(.ARM.Collect$$rtexit$$00000002)
    .ARM.Collect$$rtexit$$00000003           0x08000160   Section        4  rtexit2.o(.ARM.Collect$$rtexit$$00000003)
    .ARM.Collect$$rtexit$$00000004           0x08000164   Section        6  rtexit2.o(.ARM.Collect$$rtexit$$00000004)
    .text                                    0x0800016c   Section       64  startup_stm32f10x_md.o(.text)
    .text                                    0x080001ac   Section      116  llsdiv.o(.text)
    .text                                    0x08000220   Section        0  heapauxi.o(.text)
    .text                                    0x08000226   Section      240  lludivv7m.o(.text)
    .text                                    0x08000316   Section       74  sys_stackheap_outer.o(.text)
    .text                                    0x08000360   Section        0  exit.o(.text)
    .text                                    0x08000374   Section        8  libspace.o(.text)
    .text                                    0x0800037c   Section        0  sys_exit.o(.text)
    .text                                    0x08000388   Section        2  use_no_semi.o(.text)
    .text                                    0x0800038a   Section        0  indicate_semi.o(.text)
    [Anonymous Symbol]                       0x0800038c   Section        0  bme_280.o(.text.BME280_Init)
    [Anonymous Symbol]                       0x080003c0   Section        0  bme_280.o(.text.BME280_ReadAll)
    [Anonymous Symbol]                       0x080003d8   Section        0  bme_280.o(.text.BME280_ReadPressure)
    [Anonymous Symbol]                       0x080005a4   Section        0  bme_280.o(.text.BME280_ReadTemperature)
    Delay_ms                                 0x08000629   Thumb Code    48  main.o(.text.Delay_ms)
    [Anonymous Symbol]                       0x08000628   Section        0  main.o(.text.Delay_ms)
    [Anonymous Symbol]                       0x08000658   Section        0  stm32f10x_gpio.o(.text.GPIO_Init)
    [Anonymous Symbol]                       0x08000708   Section        0  i2c.o(.text.I2C1_Config)
    [Anonymous Symbol]                       0x0800076c   Section        0  i2c.o(.text.I2C1_ReadMulti)
    [Anonymous Symbol]                       0x0800085c   Section        0  i2c.o(.text.I2C1_ReadReg)
    [Anonymous Symbol]                       0x0800092c   Section        0  i2c.o(.text.I2C1_WriteReg)
    [Anonymous Symbol]                       0x080009bc   Section        0  stm32f10x_i2c.o(.text.I2C_AcknowledgeConfig)
    [Anonymous Symbol]                       0x080009d0   Section        0  stm32f10x_i2c.o(.text.I2C_CheckEvent)
    [Anonymous Symbol]                       0x080009e8   Section        0  stm32f10x_i2c.o(.text.I2C_Cmd)
    [Anonymous Symbol]                       0x080009fc   Section        0  stm32f10x_i2c.o(.text.I2C_GenerateSTART)
    [Anonymous Symbol]                       0x08000a10   Section        0  stm32f10x_i2c.o(.text.I2C_GenerateSTOP)
    [Anonymous Symbol]                       0x08000a24   Section        0  stm32f10x_i2c.o(.text.I2C_GetFlagStatus)
    [Anonymous Symbol]                       0x08000a54   Section        0  stm32f10x_i2c.o(.text.I2C_Init)
    [Anonymous Symbol]                       0x08000b20   Section        0  stm32f10x_i2c.o(.text.I2C_ReceiveData)
    [Anonymous Symbol]                       0x08000b28   Section        0  stm32f10x_i2c.o(.text.I2C_Send7bitAddress)
    [Anonymous Symbol]                       0x08000b38   Section        0  stm32f10x_i2c.o(.text.I2C_SendData)
    [Anonymous Symbol]                       0x08000b3c   Section        0  stm32f10x_rcc.o(.text.RCC_APB1PeriphClockCmd)
    [Anonymous Symbol]                       0x08000b54   Section        0  stm32f10x_rcc.o(.text.RCC_APB2PeriphClockCmd)
    [Anonymous Symbol]                       0x08000b6c   Section        0  stm32f10x_rcc.o(.text.RCC_GetClocksFreq)
    SetSysClock                              0x08000c0d   Thumb Code     8  system_stm32f10x.o(.text.SetSysClock)
    [Anonymous Symbol]                       0x08000c0c   Section        0  system_stm32f10x.o(.text.SetSysClock)
    SetSysClockTo72                          0x08000c15   Thumb Code   190  system_stm32f10x.o(.text.SetSysClockTo72)
    [Anonymous Symbol]                       0x08000c14   Section        0  system_stm32f10x.o(.text.SetSysClockTo72)
    [Anonymous Symbol]                       0x08000cd4   Section        0  system_stm32f10x.o(.text.SystemInit)
    [Anonymous Symbol]                       0x08000d2c   Section        0  uart.o(.text.USART1_IRQHandler)
    [Anonymous Symbol]                       0x08000da4   Section        0  stm32f10x_usart.o(.text.USART_Cmd)
    [Anonymous Symbol]                       0x08000db8   Section        0  stm32f10x_usart.o(.text.USART_GetFlagStatus)
    [Anonymous Symbol]                       0x08000dc4   Section        0  stm32f10x_usart.o(.text.USART_GetITStatus)
    [Anonymous Symbol]                       0x08000e00   Section        0  stm32f10x_usart.o(.text.USART_ITConfig)
    [Anonymous Symbol]                       0x08000e30   Section        0  stm32f10x_usart.o(.text.USART_Init)
    [Anonymous Symbol]                       0x08000ee4   Section        0  stm32f10x_usart.o(.text.USART_ReceiveData)
    [Anonymous Symbol]                       0x08000eec   Section        0  stm32f10x_usart.o(.text.USART_SendData)
    [Anonymous Symbol]                       0x08000ef4   Section        0  uart.o(.text.Uart_Gpio_TxRx_Init)
    [Anonymous Symbol]                       0x08000f34   Section        0  uart.o(.text.Uart_Init)
    [Anonymous Symbol]                       0x08000f84   Section        0  uart.o(.text.Uart_ReadChar)
    [Anonymous Symbol]                       0x08000f94   Section        0  uart.o(.text.Uart_SendFloat)
    [Anonymous Symbol]                       0x08001210   Section        0  uart.o(.text.Uart_SendStr)
    _ReadCalibration                         0x08001245   Thumb Code   186  bme_280.o(.text._ReadCalibration)
    [Anonymous Symbol]                       0x08001244   Section        0  bme_280.o(.text._ReadCalibration)
    __NVIC_EnableIRQ                         0x08001301   Thumb Code    14  uart.o(.text.__NVIC_EnableIRQ)
    [Anonymous Symbol]                       0x08001300   Section        0  uart.o(.text.__NVIC_EnableIRQ)
    [Anonymous Symbol]                       0x08001310   Section        0  main.o(.text.main)
    x$fpl$fadd                               0x08001420   Section      196  faddsub_clz.o(x$fpl$fadd)
    _fadd1                                   0x0800142f   Thumb Code     0  faddsub_clz.o(x$fpl$fadd)
    x$fpl$fcmp                               0x080014e4   Section       84  fcmp.o(x$fpl$fcmp)
    x$fpl$fcmpinf                            0x08001538   Section       24  fcmpi.o(x$fpl$fcmpinf)
    _fdiv1                                   0x08001551   Thumb Code     0  fdiv.o(x$fpl$fdiv)
    x$fpl$fdiv                               0x08001550   Section      388  fdiv.o(x$fpl$fdiv)
    x$fpl$feqf                               0x080016d4   Section      104  feqf.o(x$fpl$feqf)
    x$fpl$ffix                               0x0800173c   Section       54  ffix.o(x$fpl$ffix)
    x$fpl$fflt                               0x08001774   Section       48  fflt_clz.o(x$fpl$fflt)
    x$fpl$ffltll                             0x080017a4   Section       96  ffltll_clz.o(x$fpl$ffltll)
    x$fpl$fgeqf                              0x08001804   Section      104  fgeqf.o(x$fpl$fgeqf)
    x$fpl$fleqf                              0x0800186c   Section      104  fleqf.o(x$fpl$fleqf)
    x$fpl$fmul                               0x080018d4   Section      258  fmul.o(x$fpl$fmul)
    x$fpl$fnaninf                            0x080019d6   Section      140  fnaninf.o(x$fpl$fnaninf)
    x$fpl$fretinf                            0x08001a62   Section       10  fretinf.o(x$fpl$fretinf)
    x$fpl$fsub                               0x08001a6c   Section      234  faddsub_clz.o(x$fpl$fsub)
    _fsub1                                   0x08001a7b   Thumb Code     0  faddsub_clz.o(x$fpl$fsub)
    ADCPrescTable                            0x08001b56   Data           4  stm32f10x_rcc.o(.rodata.ADCPrescTable)
    [Anonymous Symbol]                       0x08001b56   Section        0  stm32f10x_rcc.o(.rodata.ADCPrescTable)
    x$fpl$usenofp                            0x08001b56   Section        0  usenofp.o(x$fpl$usenofp)
    APBAHBPrescTable                         0x08001b5a   Data          16  stm32f10x_rcc.o(.rodata.APBAHBPrescTable)
    [Anonymous Symbol]                       0x08001b5a   Section        0  stm32f10x_rcc.o(.rodata.APBAHBPrescTable)
    .L.str.3                                 0x08001b6a   Data          29  main.o(.rodata.str1.1)
    [Anonymous Symbol]                       0x08001b6a   Section        0  main.o(.rodata.str1.1)
    .bss                                     0x20000000   Section       96  libspace.o(.bss)
    s_calib.0                                0x200000ca   Data           2  bme_280.o(.bss.s_calib.0)
    [Anonymous Symbol]                       0x200000ca   Section        0  bme_280.o(.bss.s_calib.0)
    s_calib.1                                0x200000cc   Data           2  bme_280.o(.bss.s_calib.1)
    [Anonymous Symbol]                       0x200000cc   Section        0  bme_280.o(.bss.s_calib.1)
    s_calib.10                               0x200000ce   Data           2  bme_280.o(.bss.s_calib.10)
    [Anonymous Symbol]                       0x200000ce   Section        0  bme_280.o(.bss.s_calib.10)
    s_calib.11                               0x200000d0   Data           2  bme_280.o(.bss.s_calib.11)
    [Anonymous Symbol]                       0x200000d0   Section        0  bme_280.o(.bss.s_calib.11)
    s_calib.2                                0x200000d2   Data           2  bme_280.o(.bss.s_calib.2)
    [Anonymous Symbol]                       0x200000d2   Section        0  bme_280.o(.bss.s_calib.2)
    s_calib.3                                0x200000d4   Data           2  bme_280.o(.bss.s_calib.3)
    [Anonymous Symbol]                       0x200000d4   Section        0  bme_280.o(.bss.s_calib.3)
    s_calib.4                                0x200000d6   Data           2  bme_280.o(.bss.s_calib.4)
    [Anonymous Symbol]                       0x200000d6   Section        0  bme_280.o(.bss.s_calib.4)
    s_calib.5                                0x200000d8   Data           2  bme_280.o(.bss.s_calib.5)
    [Anonymous Symbol]                       0x200000d8   Section        0  bme_280.o(.bss.s_calib.5)
    s_calib.6                                0x200000da   Data           2  bme_280.o(.bss.s_calib.6)
    [Anonymous Symbol]                       0x200000da   Section        0  bme_280.o(.bss.s_calib.6)
    s_calib.7                                0x200000dc   Data           2  bme_280.o(.bss.s_calib.7)
    [Anonymous Symbol]                       0x200000dc   Section        0  bme_280.o(.bss.s_calib.7)
    s_calib.8                                0x200000de   Data           2  bme_280.o(.bss.s_calib.8)
    [Anonymous Symbol]                       0x200000de   Section        0  bme_280.o(.bss.s_calib.8)
    s_calib.9                                0x200000e0   Data           2  bme_280.o(.bss.s_calib.9)
    [Anonymous Symbol]                       0x200000e0   Section        0  bme_280.o(.bss.s_calib.9)
    s_t_fine                                 0x200000e4   Data           4  bme_280.o(.bss.s_t_fine)
    [Anonymous Symbol]                       0x200000e4   Section        0  bme_280.o(.bss.s_t_fine)
    Heap_Mem                                 0x200000e8   Data         512  startup_stm32f10x_md.o(HEAP)
    HEAP                                     0x200000e8   Section      512  startup_stm32f10x_md.o(HEAP)
    Stack_Mem                                0x200002e8   Data        1024  startup_stm32f10x_md.o(STACK)
    STACK                                    0x200002e8   Section     1024  startup_stm32f10x_md.o(STACK)
    __initial_sp                             0x200006e8   Data           0  startup_stm32f10x_md.o(STACK)

    Global Symbols

    Symbol Name                              Value     Ov Type        Size  Object(Section)

    BuildAttributes$$THM_ISAv4$P$D$K$B$S$PE$A:L22UL41UL21$X:L11$S22US41US21$IEEE1$IW$~IW$USESV6$~STKCKD$USESV7$~SHL$OTIME$ROPI$EBA8$UX$STANDARDLIB$REQ8$PRES8$EABIv2 0x00000000   Number         0  anon$$obj.o ABSOLUTE
    __fp_init_empty                          0x00000000   Number         0  fpinit_empty.o ABSOLUTE
    __ARM_exceptions_init                     - Undefined Weak Reference
    __alloca_initialize                       - Undefined Weak Reference
    __arm_preinit_                            - Undefined Weak Reference
    __cpp_initialize__aeabi_                  - Undefined Weak Reference
    __cxa_finalize                            - Undefined Weak Reference
    __rt_locale                               - Undefined Weak Reference
    __sigvec_lookup                           - Undefined Weak Reference
    _atexit_init                              - Undefined Weak Reference
    _call_atexit_fns                          - Undefined Weak Reference
    _clock_init                               - Undefined Weak Reference
    _fp_trap_init                             - Undefined Weak Reference
    _fp_trap_shutdown                         - Undefined Weak Reference
    _get_lc_collate                           - Undefined Weak Reference
    _get_lc_ctype                             - Undefined Weak Reference
    _get_lc_monetary                          - Undefined Weak Reference
    _get_lc_numeric                           - Undefined Weak Reference
    _get_lc_time                              - Undefined Weak Reference
    _getenv_init                              - Undefined Weak Reference
    _handle_redirection                       - Undefined Weak Reference
    _init_alloc                               - Undefined Weak Reference
    _init_user_alloc                          - Undefined Weak Reference
    _initio                                   - Undefined Weak Reference
    _rand_init                                - Undefined Weak Reference
    _signal_finish                            - Undefined Weak Reference
    _signal_init                              - Undefined Weak Reference
    _terminate_alloc                          - Undefined Weak Reference
    _terminate_user_alloc                     - Undefined Weak Reference
    _terminateio                              - Undefined Weak Reference
    __Vectors_Size                           0x000000ec   Number         0  startup_stm32f10x_md.o ABSOLUTE
    __Vectors                                0x08000000   Data           4  startup_stm32f10x_md.o(RESET)
    __Vectors_End                            0x080000ec   Data           0  startup_stm32f10x_md.o(RESET)
    __main                                   0x080000ed   Thumb Code     8  __main.o(!!!main)
    __scatterload                            0x080000f5   Thumb Code     0  __scatter.o(!!!scatter)
    __scatterload_rt2                        0x080000f5   Thumb Code    44  __scatter.o(!!!scatter)
    __scatterload_rt2_thumb_only             0x080000f5   Thumb Code     0  __scatter.o(!!!scatter)
    __scatterload_null                       0x08000103   Thumb Code     0  __scatter.o(!!!scatter)
    __scatterload_zeroinit                   0x08000129   Thumb Code    28  __scatter_zi.o(!!handler_zi)
    __rt_lib_init                            0x08000145   Thumb Code     0  libinit.o(.ARM.Collect$$libinit$$00000000)
    __rt_lib_init_alloca_1                   0x08000147   Thumb Code     0  libinit2.o(.ARM.Collect$$libinit$$0000002E)
    __rt_lib_init_argv_1                     0x08000147   Thumb Code     0  libinit2.o(.ARM.Collect$$libinit$$0000002C)
    __rt_lib_init_atexit_1                   0x08000147   Thumb Code     0  libinit2.o(.ARM.Collect$$libinit$$0000001B)
    __rt_lib_init_clock_1                    0x08000147   Thumb Code     0  libinit2.o(.ARM.Collect$$libinit$$00000021)
    __rt_lib_init_cpp_1                      0x08000147   Thumb Code     0  libinit2.o(.ARM.Collect$$libinit$$00000032)
    __rt_lib_init_exceptions_1               0x08000147   Thumb Code     0  libinit2.o(.ARM.Collect$$libinit$$00000030)
    __rt_lib_init_fp_1                       0x08000147   Thumb Code     0  libinit2.o(.ARM.Collect$$libinit$$00000002)
    __rt_lib_init_fp_trap_1                  0x08000147   Thumb Code     0  libinit2.o(.ARM.Collect$$libinit$$0000001F)
    __rt_lib_init_getenv_1                   0x08000147   Thumb Code     0  libinit2.o(.ARM.Collect$$libinit$$00000023)
    __rt_lib_init_heap_1                     0x08000147   Thumb Code     0  libinit2.o(.ARM.Collect$$libinit$$0000000A)
    __rt_lib_init_lc_collate_1               0x08000147   Thumb Code     0  libinit2.o(.ARM.Collect$$libinit$$00000011)
    __rt_lib_init_lc_ctype_1                 0x08000147   Thumb Code     0  libinit2.o(.ARM.Collect$$libinit$$00000013)
    __rt_lib_init_lc_monetary_1              0x08000147   Thumb Code     0  libinit2.o(.ARM.Collect$$libinit$$00000015)
    __rt_lib_init_lc_numeric_1               0x08000147   Thumb Code     0  libinit2.o(.ARM.Collect$$libinit$$00000017)
    __rt_lib_init_lc_time_1                  0x08000147   Thumb Code     0  libinit2.o(.ARM.Collect$$libinit$$00000019)
    __rt_lib_init_preinit_1                  0x08000147   Thumb Code     0  libinit2.o(.ARM.Collect$$libinit$$00000004)
    __rt_lib_init_rand_1                     0x08000147   Thumb Code     0  libinit2.o(.ARM.Collect$$libinit$$0000000E)
    __rt_lib_init_return                     0x08000147   Thumb Code     0  libinit2.o(.ARM.Collect$$libinit$$00000033)
    __rt_lib_init_signal_1                   0x08000147   Thumb Code     0  libinit2.o(.ARM.Collect$$libinit$$0000001D)
    __rt_lib_init_stdio_1                    0x08000147   Thumb Code     0  libinit2.o(.ARM.Collect$$libinit$$00000025)
    __rt_lib_init_user_alloc_1               0x08000147   Thumb Code     0  libinit2.o(.ARM.Collect$$libinit$$0000000C)
    __rt_lib_shutdown                        0x08000149   Thumb Code     0  libshutdown.o(.ARM.Collect$$libshutdown$$00000000)
    __rt_lib_shutdown_cpp_1                  0x0800014b   Thumb Code     0  libshutdown2.o(.ARM.Collect$$libshutdown$$00000002)
    __rt_lib_shutdown_fp_trap_1              0x0800014b   Thumb Code     0  libshutdown2.o(.ARM.Collect$$libshutdown$$00000007)
    __rt_lib_shutdown_heap_1                 0x0800014b   Thumb Code     0  libshutdown2.o(.ARM.Collect$$libshutdown$$0000000F)
    __rt_lib_shutdown_return                 0x0800014b   Thumb Code     0  libshutdown2.o(.ARM.Collect$$libshutdown$$00000010)
    __rt_lib_shutdown_signal_1               0x0800014b   Thumb Code     0  libshutdown2.o(.ARM.Collect$$libshutdown$$0000000A)
    __rt_lib_shutdown_stdio_1                0x0800014b   Thumb Code     0  libshutdown2.o(.ARM.Collect$$libshutdown$$00000004)
    __rt_lib_shutdown_user_alloc_1           0x0800014b   Thumb Code     0  libshutdown2.o(.ARM.Collect$$libshutdown$$0000000C)
    __rt_entry                               0x0800014d   Thumb Code     0  __rtentry.o(.ARM.Collect$$rtentry$$00000000)
    __rt_entry_presh_1                       0x0800014d   Thumb Code     0  __rtentry2.o(.ARM.Collect$$rtentry$$00000002)
    __rt_entry_sh                            0x0800014d   Thumb Code     0  __rtentry4.o(.ARM.Collect$$rtentry$$00000004)
    __rt_entry_li                            0x08000153   Thumb Code     0  __rtentry2.o(.ARM.Collect$$rtentry$$0000000A)
    __rt_entry_postsh_1                      0x08000153   Thumb Code     0  __rtentry2.o(.ARM.Collect$$rtentry$$00000009)
    __rt_entry_main                          0x08000157   Thumb Code     0  __rtentry2.o(.ARM.Collect$$rtentry$$0000000D)
    __rt_entry_postli_1                      0x08000157   Thumb Code     0  __rtentry2.o(.ARM.Collect$$rtentry$$0000000C)
    __rt_exit                                0x0800015f   Thumb Code     0  rtexit.o(.ARM.Collect$$rtexit$$00000000)
    __rt_exit_ls                             0x08000161   Thumb Code     0  rtexit2.o(.ARM.Collect$$rtexit$$00000003)
    __rt_exit_prels_1                        0x08000161   Thumb Code     0  rtexit2.o(.ARM.Collect$$rtexit$$00000002)
    __rt_exit_exit                           0x08000165   Thumb Code     0  rtexit2.o(.ARM.Collect$$rtexit$$00000004)
    Reset_Handler                            0x0800016d   Thumb Code     8  startup_stm32f10x_md.o(.text)
    NMI_Handler                              0x08000175   Thumb Code     2  startup_stm32f10x_md.o(.text)
    HardFault_Handler                        0x08000177   Thumb Code     2  startup_stm32f10x_md.o(.text)
    MemManage_Handler                        0x08000179   Thumb Code     2  startup_stm32f10x_md.o(.text)
    BusFault_Handler                         0x0800017b   Thumb Code     2  startup_stm32f10x_md.o(.text)
    UsageFault_Handler                       0x0800017d   Thumb Code     2  startup_stm32f10x_md.o(.text)
    SVC_Handler                              0x0800017f   Thumb Code     2  startup_stm32f10x_md.o(.text)
    DebugMon_Handler                         0x08000181   Thumb Code     2  startup_stm32f10x_md.o(.text)
    PendSV_Handler                           0x08000183   Thumb Code     2  startup_stm32f10x_md.o(.text)
    SysTick_Handler                          0x08000185   Thumb Code     2  startup_stm32f10x_md.o(.text)
    ADC1_2_IRQHandler                        0x08000187   Thumb Code     0  startup_stm32f10x_md.o(.text)
    CAN1_RX1_IRQHandler                      0x08000187   Thumb Code     0  startup_stm32f10x_md.o(.text)
    CAN1_SCE_IRQHandler                      0x08000187   Thumb Code     0  startup_stm32f10x_md.o(.text)
    DMA1_Channel1_IRQHandler                 0x08000187   Thumb Code     0  startup_stm32f10x_md.o(.text)
    DMA1_Channel2_IRQHandler                 0x08000187   Thumb Code     0  startup_stm32f10x_md.o(.text)
    DMA1_Channel3_IRQHandler                 0x08000187   Thumb Code     0  startup_stm32f10x_md.o(.text)
    DMA1_Channel4_IRQHandler                 0x08000187   Thumb Code     0  startup_stm32f10x_md.o(.text)
    DMA1_Channel5_IRQHandler                 0x08000187   Thumb Code     0  startup_stm32f10x_md.o(.text)
    DMA1_Channel6_IRQHandler                 0x08000187   Thumb Code     0  startup_stm32f10x_md.o(.text)
    DMA1_Channel7_IRQHandler                 0x08000187   Thumb Code     0  startup_stm32f10x_md.o(.text)
    EXTI0_IRQHandler                         0x08000187   Thumb Code     0  startup_stm32f10x_md.o(.text)
    EXTI15_10_IRQHandler                     0x08000187   Thumb Code     0  startup_stm32f10x_md.o(.text)
    EXTI1_IRQHandler                         0x08000187   Thumb Code     0  startup_stm32f10x_md.o(.text)
    EXTI2_IRQHandler                         0x08000187   Thumb Code     0  startup_stm32f10x_md.o(.text)
    EXTI3_IRQHandler                         0x08000187   Thumb Code     0  startup_stm32f10x_md.o(.text)
    EXTI4_IRQHandler                         0x08000187   Thumb Code     0  startup_stm32f10x_md.o(.text)
    EXTI9_5_IRQHandler                       0x08000187   Thumb Code     0  startup_stm32f10x_md.o(.text)
    FLASH_IRQHandler                         0x08000187   Thumb Code     0  startup_stm32f10x_md.o(.text)
    I2C1_ER_IRQHandler                       0x08000187   Thumb Code     0  startup_stm32f10x_md.o(.text)
    I2C1_EV_IRQHandler                       0x08000187   Thumb Code     0  startup_stm32f10x_md.o(.text)
    I2C2_ER_IRQHandler                       0x08000187   Thumb Code     0  startup_stm32f10x_md.o(.text)
    I2C2_EV_IRQHandler                       0x08000187   Thumb Code     0  startup_stm32f10x_md.o(.text)
    PVD_IRQHandler                           0x08000187   Thumb Code     0  startup_stm32f10x_md.o(.text)
    RCC_IRQHandler                           0x08000187   Thumb Code     0  startup_stm32f10x_md.o(.text)
    RTCAlarm_IRQHandler                      0x08000187   Thumb Code     0  startup_stm32f10x_md.o(.text)
    RTC_IRQHandler                           0x08000187   Thumb Code     0  startup_stm32f10x_md.o(.text)
    SPI1_IRQHandler                          0x08000187   Thumb Code     0  startup_stm32f10x_md.o(.text)
    SPI2_IRQHandler                          0x08000187   Thumb Code     0  startup_stm32f10x_md.o(.text)
    TAMPER_IRQHandler                        0x08000187   Thumb Code     0  startup_stm32f10x_md.o(.text)
    TIM1_BRK_IRQHandler                      0x08000187   Thumb Code     0  startup_stm32f10x_md.o(.text)
    TIM1_CC_IRQHandler                       0x08000187   Thumb Code     0  startup_stm32f10x_md.o(.text)
    TIM1_TRG_COM_IRQHandler                  0x08000187   Thumb Code     0  startup_stm32f10x_md.o(.text)
    TIM1_UP_IRQHandler                       0x08000187   Thumb Code     0  startup_stm32f10x_md.o(.text)
    TIM2_IRQHandler                          0x08000187   Thumb Code     0  startup_stm32f10x_md.o(.text)
    TIM3_IRQHandler                          0x08000187   Thumb Code     0  startup_stm32f10x_md.o(.text)
    TIM4_IRQHandler                          0x08000187   Thumb Code     0  startup_stm32f10x_md.o(.text)
    USART2_IRQHandler                        0x08000187   Thumb Code     0  startup_stm32f10x_md.o(.text)
    USART3_IRQHandler                        0x08000187   Thumb Code     0  startup_stm32f10x_md.o(.text)
    USBWakeUp_IRQHandler                     0x08000187   Thumb Code     0  startup_stm32f10x_md.o(.text)
    USB_HP_CAN1_TX_IRQHandler                0x08000187   Thumb Code     0  startup_stm32f10x_md.o(.text)
    USB_LP_CAN1_RX0_IRQHandler               0x08000187   Thumb Code     0  startup_stm32f10x_md.o(.text)
    WWDG_IRQHandler                          0x08000187   Thumb Code     0  startup_stm32f10x_md.o(.text)
    __user_initial_stackheap                 0x08000189   Thumb Code     0  startup_stm32f10x_md.o(.text)
    __aeabi_ldivmod                          0x080001ad   Thumb Code     0  llsdiv.o(.text)
    _ll_sdiv                                 0x080001ad   Thumb Code   116  llsdiv.o(.text)
    __use_two_region_memory                  0x08000221   Thumb Code     2  heapauxi.o(.text)
    __rt_heap_escrow$2region                 0x08000223   Thumb Code     2  heapauxi.o(.text)
    __rt_heap_expand$2region                 0x08000225   Thumb Code     2  heapauxi.o(.text)
    __aeabi_uldivmod                         0x08000227   Thumb Code     0  lludivv7m.o(.text)
    _ll_udiv                                 0x08000227   Thumb Code   240  lludivv7m.o(.text)
    __user_setup_stackheap                   0x08000317   Thumb Code    74  sys_stackheap_outer.o(.text)
    exit                                     0x08000361   Thumb Code    18  exit.o(.text)
    __user_libspace                          0x08000375   Thumb Code     8  libspace.o(.text)
    __user_perproc_libspace                  0x08000375   Thumb Code     0  libspace.o(.text)
    __user_perthread_libspace                0x08000375   Thumb Code     0  libspace.o(.text)
    _sys_exit                                0x0800037d   Thumb Code     8  sys_exit.o(.text)
    __I$use$semihosting                      0x08000389   Thumb Code     0  use_no_semi.o(.text)
    __use_no_semihosting_swi                 0x08000389   Thumb Code     2  use_no_semi.o(.text)
    __semihosting_library_function           0x0800038b   Thumb Code     0  indicate_semi.o(.text)
    BME280_Init                              0x0800038d   Thumb Code    52  bme_280.o(.text.BME280_Init)
    BME280_ReadAll                           0x080003c1   Thumb Code    22  bme_280.o(.text.BME280_ReadAll)
    BME280_ReadPressure                      0x080003d9   Thumb Code   460  bme_280.o(.text.BME280_ReadPressure)
    BME280_ReadTemperature                   0x080005a5   Thumb Code   132  bme_280.o(.text.BME280_ReadTemperature)
    GPIO_Init                                0x08000659   Thumb Code   176  stm32f10x_gpio.o(.text.GPIO_Init)
    I2C1_Config                              0x08000709   Thumb Code   100  i2c.o(.text.I2C1_Config)
    I2C1_ReadMulti                           0x0800076d   Thumb Code   238  i2c.o(.text.I2C1_ReadMulti)
    I2C1_ReadReg                             0x0800085d   Thumb Code   206  i2c.o(.text.I2C1_ReadReg)
    I2C1_WriteReg                            0x0800092d   Thumb Code   144  i2c.o(.text.I2C1_WriteReg)
    I2C_AcknowledgeConfig                    0x080009bd   Thumb Code    18  stm32f10x_i2c.o(.text.I2C_AcknowledgeConfig)
    I2C_CheckEvent                           0x080009d1   Thumb Code    22  stm32f10x_i2c.o(.text.I2C_CheckEvent)
    I2C_Cmd                                  0x080009e9   Thumb Code    18  stm32f10x_i2c.o(.text.I2C_Cmd)
    I2C_GenerateSTART                        0x080009fd   Thumb Code    18  stm32f10x_i2c.o(.text.I2C_GenerateSTART)
    I2C_GenerateSTOP                         0x08000a11   Thumb Code    18  stm32f10x_i2c.o(.text.I2C_GenerateSTOP)
    I2C_GetFlagStatus                        0x08000a25   Thumb Code    48  stm32f10x_i2c.o(.text.I2C_GetFlagStatus)
    I2C_Init                                 0x08000a55   Thumb Code   204  stm32f10x_i2c.o(.text.I2C_Init)
    I2C_ReceiveData                          0x08000b21   Thumb Code     6  stm32f10x_i2c.o(.text.I2C_ReceiveData)
    I2C_Send7bitAddress                      0x08000b29   Thumb Code    16  stm32f10x_i2c.o(.text.I2C_Send7bitAddress)
    I2C_SendData                             0x08000b39   Thumb Code     4  stm32f10x_i2c.o(.text.I2C_SendData)
    RCC_APB1PeriphClockCmd                   0x08000b3d   Thumb Code    24  stm32f10x_rcc.o(.text.RCC_APB1PeriphClockCmd)
    RCC_APB2PeriphClockCmd                   0x08000b55   Thumb Code    24  stm32f10x_rcc.o(.text.RCC_APB2PeriphClockCmd)
    RCC_GetClocksFreq                        0x08000b6d   Thumb Code   160  stm32f10x_rcc.o(.text.RCC_GetClocksFreq)
    SystemInit                               0x08000cd5   Thumb Code    86  system_stm32f10x.o(.text.SystemInit)
    USART1_IRQHandler                        0x08000d2d   Thumb Code   118  uart.o(.text.USART1_IRQHandler)
    USART_Cmd                                0x08000da5   Thumb Code    18  stm32f10x_usart.o(.text.USART_Cmd)
    USART_GetFlagStatus                      0x08000db9   Thumb Code    10  stm32f10x_usart.o(.text.USART_GetFlagStatus)
    USART_GetITStatus                        0x08000dc5   Thumb Code    58  stm32f10x_usart.o(.text.USART_GetITStatus)
    USART_ITConfig                           0x08000e01   Thumb Code    46  stm32f10x_usart.o(.text.USART_ITConfig)
    USART_Init                               0x08000e31   Thumb Code   178  stm32f10x_usart.o(.text.USART_Init)
    USART_ReceiveData                        0x08000ee5   Thumb Code     8  stm32f10x_usart.o(.text.USART_ReceiveData)
    USART_SendData                           0x08000eed   Thumb Code     8  stm32f10x_usart.o(.text.USART_SendData)
    Uart_Gpio_TxRx_Init                      0x08000ef5   Thumb Code    62  uart.o(.text.Uart_Gpio_TxRx_Init)
    Uart_Init                                0x08000f35   Thumb Code    78  uart.o(.text.Uart_Init)
    Uart_ReadChar                            0x08000f85   Thumb Code    16  uart.o(.text.Uart_ReadChar)
    Uart_SendFloat                           0x08000f95   Thumb Code   636  uart.o(.text.Uart_SendFloat)
    Uart_SendStr                             0x08001211   Thumb Code    50  uart.o(.text.Uart_SendStr)
    main                                     0x08001311   Thumb Code   272  main.o(.text.main)
    __aeabi_fadd                             0x08001421   Thumb Code     0  faddsub_clz.o(x$fpl$fadd)
    _fadd                                    0x08001421   Thumb Code   196  faddsub_clz.o(x$fpl$fadd)
    __aeabi_fcmpeq                           0x080014e5   Thumb Code     0  fcmp.o(x$fpl$fcmp)
    _feq                                     0x080014e5   Thumb Code    14  fcmp.o(x$fpl$fcmp)
    _fneq                                    0x080014f3   Thumb Code    14  fcmp.o(x$fpl$fcmp)
    __aeabi_fcmpgt                           0x08001501   Thumb Code     0  fcmp.o(x$fpl$fcmp)
    _fgr                                     0x08001501   Thumb Code    14  fcmp.o(x$fpl$fcmp)
    __aeabi_fcmpge                           0x0800150f   Thumb Code     0  fcmp.o(x$fpl$fcmp)
    _fgeq                                    0x0800150f   Thumb Code    14  fcmp.o(x$fpl$fcmp)
    __aeabi_fcmple                           0x0800151d   Thumb Code     0  fcmp.o(x$fpl$fcmp)
    _fleq                                    0x0800151d   Thumb Code    14  fcmp.o(x$fpl$fcmp)
    __aeabi_fcmplt                           0x0800152b   Thumb Code     0  fcmp.o(x$fpl$fcmp)
    _fls                                     0x0800152b   Thumb Code    14  fcmp.o(x$fpl$fcmp)
    __fpl_fcmp_Inf                           0x08001539   Thumb Code    24  fcmpi.o(x$fpl$fcmpinf)
    __aeabi_fdiv                             0x08001551   Thumb Code     0  fdiv.o(x$fpl$fdiv)
    _fdiv                                    0x08001551   Thumb Code   384  fdiv.o(x$fpl$fdiv)
    __aeabi_cfcmpeq                          0x080016d5   Thumb Code     0  feqf.o(x$fpl$feqf)
    _fcmpeq                                  0x080016d5   Thumb Code   104  feqf.o(x$fpl$feqf)
    __aeabi_f2iz                             0x0800173d   Thumb Code     0  ffix.o(x$fpl$ffix)
    _ffix                                    0x0800173d   Thumb Code    54  ffix.o(x$fpl$ffix)
    __aeabi_i2f                              0x08001775   Thumb Code     0  fflt_clz.o(x$fpl$fflt)
    _fflt                                    0x08001775   Thumb Code    48  fflt_clz.o(x$fpl$fflt)
    __aeabi_ul2f                             0x080017a5   Thumb Code     0  ffltll_clz.o(x$fpl$ffltll)
    _ll_uto_f                                0x080017a5   Thumb Code     6  ffltll_clz.o(x$fpl$ffltll)
    __aeabi_l2f                              0x080017ab   Thumb Code     0  ffltll_clz.o(x$fpl$ffltll)
    _ll_sto_f                                0x080017ab   Thumb Code    90  ffltll_clz.o(x$fpl$ffltll)
    _fcmpge                                  0x08001805   Thumb Code   104  fgeqf.o(x$fpl$fgeqf)
    __aeabi_cfcmple                          0x0800186d   Thumb Code     0  fleqf.o(x$fpl$fleqf)
    _fcmple                                  0x0800186d   Thumb Code   104  fleqf.o(x$fpl$fleqf)
    __fpl_fcmple_InfNaN                      0x080018bf   Thumb Code     0  fleqf.o(x$fpl$fleqf)
    __aeabi_fmul                             0x080018d5   Thumb Code     0  fmul.o(x$fpl$fmul)
    _fmul                                    0x080018d5   Thumb Code   258  fmul.o(x$fpl$fmul)
    __fpl_fnaninf                            0x080019d7   Thumb Code   140  fnaninf.o(x$fpl$fnaninf)
    __fpl_fretinf                            0x08001a63   Thumb Code    10  fretinf.o(x$fpl$fretinf)
    __aeabi_fsub                             0x08001a6d   Thumb Code     0  faddsub_clz.o(x$fpl$fsub)
    _fsub                                    0x08001a6d   Thumb Code   234  faddsub_clz.o(x$fpl$fsub)
    __I$use$fp                               0x08001b56   Number         0  usenofp.o(x$fpl$usenofp)
    Region$$Table$$Base                      0x08001b88   Number         0  anon$$obj.o(Region$$Table)
    Region$$Table$$Limit                     0x08001b98   Number         0  anon$$obj.o(Region$$Table)
    __libspace_start                         0x20000000   Data          96  libspace.o(.bss)
    __temporary_stack_top$libspace           0x20000060   Data           0  libspace.o(.bss)
    count                                    0x20000060   Data           4  uart.o(.bss.count)
    data                                     0x20000064   Data           1  uart.o(.bss.data)
    flag                                     0x20000065   Data           1  uart.o(.bss.flag)
    mystr                                    0x20000066   Data         100  uart.o(.bss.mystr)



==============================================================================

Memory Map of the image

  Image Entry point : 0x080000ed

  Load Region LR_IROM1 (Base: 0x08000000, Size: 0x00001b98, Max: 0x00010000, ABSOLUTE)

    Execution Region ER_IROM1 (Exec base: 0x08000000, Load base: 0x08000000, Size: 0x00001b98, Max: 0x00010000, ABSOLUTE)

    Exec Addr    Load Addr    Size         Type   Attr      Idx    E Section Name        Object

    0x08000000   0x08000000   0x000000ec   Data   RO          390    RESET               startup_stm32f10x_md.o
    0x080000ec   0x080000ec   0x00000008   Code   RO          421  * !!!main             c_w.l(__main.o)
    0x080000f4   0x080000f4   0x00000034   Code   RO          635    !!!scatter          c_w.l(__scatter.o)
    0x08000128   0x08000128   0x0000001c   Code   RO          637    !!handler_zi        c_w.l(__scatter_zi.o)
    0x08000144   0x08000144   0x00000002   Code   RO          499    .ARM.Collect$$libinit$$00000000  c_w.l(libinit.o)
    0x08000146   0x08000146   0x00000000   Code   RO          512    .ARM.Collect$$libinit$$00000002  c_w.l(libinit2.o)
    0x08000146   0x08000146   0x00000000   Code   RO          514    .ARM.Collect$$libinit$$00000004  c_w.l(libinit2.o)
    0x08000146   0x08000146   0x00000000   Code   RO          517    .ARM.Collect$$libinit$$0000000A  c_w.l(libinit2.o)
    0x08000146   0x08000146   0x00000000   Code   RO          519    .ARM.Collect$$libinit$$0000000C  c_w.l(libinit2.o)
    0x08000146   0x08000146   0x00000000   Code   RO          521    .ARM.Collect$$libinit$$0000000E  c_w.l(libinit2.o)
    0x08000146   0x08000146   0x00000000   Code   RO          524    .ARM.Collect$$libinit$$00000011  c_w.l(libinit2.o)
    0x08000146   0x08000146   0x00000000   Code   RO          526    .ARM.Collect$$libinit$$00000013  c_w.l(libinit2.o)
    0x08000146   0x08000146   0x00000000   Code   RO          528    .ARM.Collect$$libinit$$00000015  c_w.l(libinit2.o)
    0x08000146   0x08000146   0x00000000   Code   RO          530    .ARM.Collect$$libinit$$00000017  c_w.l(libinit2.o)
    0x08000146   0x08000146   0x00000000   Code   RO          532    .ARM.Collect$$libinit$$00000019  c_w.l(libinit2.o)
    0x08000146   0x08000146   0x00000000   Code   RO          534    .ARM.Collect$$libinit$$0000001B  c_w.l(libinit2.o)
    0x08000146   0x08000146   0x00000000   Code   RO          536    .ARM.Collect$$libinit$$0000001D  c_w.l(libinit2.o)
    0x08000146   0x08000146   0x00000000   Code   RO          538    .ARM.Collect$$libinit$$0000001F  c_w.l(libinit2.o)
    0x08000146   0x08000146   0x00000000   Code   RO          540    .ARM.Collect$$libinit$$00000021  c_w.l(libinit2.o)
    0x08000146   0x08000146   0x00000000   Code   RO          542    .ARM.Collect$$libinit$$00000023  c_w.l(libinit2.o)
    0x08000146   0x08000146   0x00000000   Code   RO          544    .ARM.Collect$$libinit$$00000025  c_w.l(libinit2.o)
    0x08000146   0x08000146   0x00000000   Code   RO          548    .ARM.Collect$$libinit$$0000002C  c_w.l(libinit2.o)
    0x08000146   0x08000146   0x00000000   Code   RO          550    .ARM.Collect$$libinit$$0000002E  c_w.l(libinit2.o)
    0x08000146   0x08000146   0x00000000   Code   RO          552    .ARM.Collect$$libinit$$00000030  c_w.l(libinit2.o)
    0x08000146   0x08000146   0x00000000   Code   RO          554    .ARM.Collect$$libinit$$00000032  c_w.l(libinit2.o)
    0x08000146   0x08000146   0x00000002   Code   RO          555    .ARM.Collect$$libinit$$00000033  c_w.l(libinit2.o)
    0x08000148   0x08000148   0x00000002   Code   RO          590    .ARM.Collect$$libshutdown$$00000000  c_w.l(libshutdown.o)
    0x0800014a   0x0800014a   0x00000000   Code   RO          618    .ARM.Collect$$libshutdown$$00000002  c_w.l(libshutdown2.o)
    0x0800014a   0x0800014a   0x00000000   Code   RO          620    .ARM.Collect$$libshutdown$$00000004  c_w.l(libshutdown2.o)
    0x0800014a   0x0800014a   0x00000000   Code   RO          623    .ARM.Collect$$libshutdown$$00000007  c_w.l(libshutdown2.o)
    0x0800014a   0x0800014a   0x00000000   Code   RO          626    .ARM.Collect$$libshutdown$$0000000A  c_w.l(libshutdown2.o)
    0x0800014a   0x0800014a   0x00000000   Code   RO          628    .ARM.Collect$$libshutdown$$0000000C  c_w.l(libshutdown2.o)
    0x0800014a   0x0800014a   0x00000000   Code   RO          631    .ARM.Collect$$libshutdown$$0000000F  c_w.l(libshutdown2.o)
    0x0800014a   0x0800014a   0x00000002   Code   RO          632    .ARM.Collect$$libshutdown$$00000010  c_w.l(libshutdown2.o)
    0x0800014c   0x0800014c   0x00000000   Code   RO          449    .ARM.Collect$$rtentry$$00000000  c_w.l(__rtentry.o)
    0x0800014c   0x0800014c   0x00000000   Code   RO          468    .ARM.Collect$$rtentry$$00000002  c_w.l(__rtentry2.o)
    0x0800014c   0x0800014c   0x00000006   Code   RO          480    .ARM.Collect$$rtentry$$00000004  c_w.l(__rtentry4.o)
    0x08000152   0x08000152   0x00000000   Code   RO          470    .ARM.Collect$$rtentry$$00000009  c_w.l(__rtentry2.o)
    0x08000152   0x08000152   0x00000004   Code   RO          471    .ARM.Collect$$rtentry$$0000000A  c_w.l(__rtentry2.o)
    0x08000156   0x08000156   0x00000000   Code   RO          473    .ARM.Collect$$rtentry$$0000000C  c_w.l(__rtentry2.o)
    0x08000156   0x08000156   0x00000008   Code   RO          474    .ARM.Collect$$rtentry$$0000000D  c_w.l(__rtentry2.o)
    0x0800015e   0x0800015e   0x00000002   Code   RO          503    .ARM.Collect$$rtexit$$00000000  c_w.l(rtexit.o)
    0x08000160   0x08000160   0x00000000   Code   RO          561    .ARM.Collect$$rtexit$$00000002  c_w.l(rtexit2.o)
    0x08000160   0x08000160   0x00000004   Code   RO          562    .ARM.Collect$$rtexit$$00000003  c_w.l(rtexit2.o)
    0x08000164   0x08000164   0x00000006   Code   RO          563    .ARM.Collect$$rtexit$$00000004  c_w.l(rtexit2.o)
    0x0800016a   0x0800016a   0x00000002   PAD
    0x0800016c   0x0800016c   0x00000040   Code   RO          391    .text               startup_stm32f10x_md.o
    0x080001ac   0x080001ac   0x00000074   Code   RO          417    .text               c_w.l(llsdiv.o)
    0x08000220   0x08000220   0x00000006   Code   RO          419    .text               c_w.l(heapauxi.o)
    0x08000226   0x08000226   0x000000f0   Code   RO          454    .text               c_w.l(lludivv7m.o)
    0x08000316   0x08000316   0x0000004a   Code   RO          486    .text               c_w.l(sys_stackheap_outer.o)
    0x08000360   0x08000360   0x00000012   Code   RO          488    .text               c_w.l(exit.o)
    0x08000372   0x08000372   0x00000002   PAD
    0x08000374   0x08000374   0x00000008   Code   RO          500    .text               c_w.l(libspace.o)
    0x0800037c   0x0800037c   0x0000000c   Code   RO          556    .text               c_w.l(sys_exit.o)
    0x08000388   0x08000388   0x00000002   Code   RO          579    .text               c_w.l(use_no_semi.o)
    0x0800038a   0x0800038a   0x00000000   Code   RO          581    .text               c_w.l(indicate_semi.o)
    0x0800038a   0x0800038a   0x00000002   PAD
    0x0800038c   0x0800038c   0x00000034   Code   RO           50    .text.BME280_Init   bme_280.o
    0x080003c0   0x080003c0   0x00000016   Code   RO           58    .text.BME280_ReadAll  bme_280.o
    0x080003d6   0x080003d6   0x00000002   PAD
    0x080003d8   0x080003d8   0x000001cc   Code   RO           56    .text.BME280_ReadPressure  bme_280.o
    0x080005a4   0x080005a4   0x00000084   Code   RO           54    .text.BME280_ReadTemperature  bme_280.o
    0x08000628   0x08000628   0x00000030   Code   RO            4    .text.Delay_ms      main.o
    0x08000658   0x08000658   0x000000b0   Code   RO          119    .text.GPIO_Init     stm32f10x_gpio.o
    0x08000708   0x08000708   0x00000064   Code   RO           81    .text.I2C1_Config   i2c.o
    0x0800076c   0x0800076c   0x000000ee   Code   RO           87    .text.I2C1_ReadMulti  i2c.o
    0x0800085a   0x0800085a   0x00000002   PAD
    0x0800085c   0x0800085c   0x000000ce   Code   RO           85    .text.I2C1_ReadReg  i2c.o
    0x0800092a   0x0800092a   0x00000002   PAD
    0x0800092c   0x0800092c   0x00000090   Code   RO           83    .text.I2C1_WriteReg  i2c.o
    0x080009bc   0x080009bc   0x00000012   Code   RO          175    .text.I2C_AcknowledgeConfig  stm32f10x_i2c.o
    0x080009ce   0x080009ce   0x00000002   PAD
    0x080009d0   0x080009d0   0x00000016   Code   RO          213    .text.I2C_CheckEvent  stm32f10x_i2c.o
    0x080009e6   0x080009e6   0x00000002   PAD
    0x080009e8   0x080009e8   0x00000012   Code   RO          165    .text.I2C_Cmd       stm32f10x_i2c.o
    0x080009fa   0x080009fa   0x00000002   PAD
    0x080009fc   0x080009fc   0x00000012   Code   RO          171    .text.I2C_GenerateSTART  stm32f10x_i2c.o
    0x08000a0e   0x08000a0e   0x00000002   PAD
    0x08000a10   0x08000a10   0x00000012   Code   RO          173    .text.I2C_GenerateSTOP  stm32f10x_i2c.o
    0x08000a22   0x08000a22   0x00000002   PAD
    0x08000a24   0x08000a24   0x00000030   Code   RO          217    .text.I2C_GetFlagStatus  stm32f10x_i2c.o
    0x08000a54   0x08000a54   0x000000cc   Code   RO          161    .text.I2C_Init      stm32f10x_i2c.o
    0x08000b20   0x08000b20   0x00000006   Code   RO          187    .text.I2C_ReceiveData  stm32f10x_i2c.o
    0x08000b26   0x08000b26   0x00000002   PAD
    0x08000b28   0x08000b28   0x00000010   Code   RO          189    .text.I2C_Send7bitAddress  stm32f10x_i2c.o
    0x08000b38   0x08000b38   0x00000004   Code   RO          185    .text.I2C_SendData  stm32f10x_i2c.o
    0x08000b3c   0x08000b3c   0x00000018   Code   RO          279    .text.RCC_APB1PeriphClockCmd  stm32f10x_rcc.o
    0x08000b54   0x08000b54   0x00000018   Code   RO          277    .text.RCC_APB2PeriphClockCmd  stm32f10x_rcc.o
    0x08000b6c   0x08000b6c   0x000000a0   Code   RO          273    .text.RCC_GetClocksFreq  stm32f10x_rcc.o
    0x08000c0c   0x08000c0c   0x00000008   Code   RO          400    .text.SetSysClock   system_stm32f10x.o
    0x08000c14   0x08000c14   0x000000be   Code   RO          404    .text.SetSysClockTo72  system_stm32f10x.o
    0x08000cd2   0x08000cd2   0x00000002   PAD
    0x08000cd4   0x08000cd4   0x00000056   Code   RO          398    .text.SystemInit    system_stm32f10x.o
    0x08000d2a   0x08000d2a   0x00000002   PAD
    0x08000d2c   0x08000d2c   0x00000076   Code   RO           34    .text.USART1_IRQHandler  uart.o
    0x08000da2   0x08000da2   0x00000002   PAD
    0x08000da4   0x08000da4   0x00000012   Code   RO          317    .text.USART_Cmd     stm32f10x_usart.o
    0x08000db6   0x08000db6   0x00000002   PAD
    0x08000db8   0x08000db8   0x0000000a   Code   RO          357    .text.USART_GetFlagStatus  stm32f10x_usart.o
    0x08000dc2   0x08000dc2   0x00000002   PAD
    0x08000dc4   0x08000dc4   0x0000003a   Code   RO          361    .text.USART_GetITStatus  stm32f10x_usart.o
    0x08000dfe   0x08000dfe   0x00000002   PAD
    0x08000e00   0x08000e00   0x0000002e   Code   RO          319    .text.USART_ITConfig  stm32f10x_usart.o
    0x08000e2e   0x08000e2e   0x00000002   PAD
    0x08000e30   0x08000e30   0x000000b2   Code   RO          309    .text.USART_Init    stm32f10x_usart.o
    0x08000ee2   0x08000ee2   0x00000002   PAD
    0x08000ee4   0x08000ee4   0x00000008   Code   RO          335    .text.USART_ReceiveData  stm32f10x_usart.o
    0x08000eec   0x08000eec   0x00000008   Code   RO          333    .text.USART_SendData  stm32f10x_usart.o
    0x08000ef4   0x08000ef4   0x0000003e   Code   RO           20    .text.Uart_Gpio_TxRx_Init  uart.o
    0x08000f32   0x08000f32   0x00000002   PAD
    0x08000f34   0x08000f34   0x0000004e   Code   RO           16    .text.Uart_Init     uart.o
    0x08000f82   0x08000f82   0x00000002   PAD
    0x08000f84   0x08000f84   0x00000010   Code   RO           30    .text.Uart_ReadChar  uart.o
    0x08000f94   0x08000f94   0x0000027c   Code   RO           28    .text.Uart_SendFloat  uart.o
    0x08001210   0x08001210   0x00000032   Code   RO           24    .text.Uart_SendStr  uart.o
    0x08001242   0x08001242   0x00000002   PAD
    0x08001244   0x08001244   0x000000ba   Code   RO           52    .text._ReadCalibration  bme_280.o
    0x080012fe   0x080012fe   0x00000002   PAD
    0x08001300   0x08001300   0x0000000e   Code   RO           18    .text.__NVIC_EnableIRQ  uart.o
    0x0800130e   0x0800130e   0x00000002   PAD
    0x08001310   0x08001310   0x00000110   Code   RO            2    .text.main          main.o
    0x08001420   0x08001420   0x000000c4   Code   RO          423    x$fpl$fadd          fz_ws.l(faddsub_clz.o)
    0x080014e4   0x080014e4   0x00000054   Code   RO          429    x$fpl$fcmp          fz_ws.l(fcmp.o)
    0x08001538   0x08001538   0x00000018   Code   RO          484    x$fpl$fcmpinf       fz_ws.l(fcmpi.o)
    0x08001550   0x08001550   0x00000184   Code   RO          432    x$fpl$fdiv          fz_ws.l(fdiv.o)
    0x080016d4   0x080016d4   0x00000068   Code   RO          456    x$fpl$feqf          fz_ws.l(feqf.o)
    0x0800173c   0x0800173c   0x00000036   Code   RO          435    x$fpl$ffix          fz_ws.l(ffix.o)
    0x08001772   0x08001772   0x00000002   PAD
    0x08001774   0x08001774   0x00000030   Code   RO          440    x$fpl$fflt          fz_ws.l(fflt_clz.o)
    0x080017a4   0x080017a4   0x00000060   Code   RO          445    x$fpl$ffltll        fz_ws.l(ffltll_clz.o)
    0x08001804   0x08001804   0x00000068   Code   RO          458    x$fpl$fgeqf         fz_ws.l(fgeqf.o)
    0x0800186c   0x0800186c   0x00000068   Code   RO          460    x$fpl$fleqf         fz_ws.l(fleqf.o)
    0x080018d4   0x080018d4   0x00000102   Code   RO          447    x$fpl$fmul          fz_ws.l(fmul.o)
    0x080019d6   0x080019d6   0x0000008c   Code   RO          462    x$fpl$fnaninf       fz_ws.l(fnaninf.o)
    0x08001a62   0x08001a62   0x0000000a   Code   RO          464    x$fpl$fretinf       fz_ws.l(fretinf.o)
    0x08001a6c   0x08001a6c   0x000000ea   Code   RO          425    x$fpl$fsub          fz_ws.l(faddsub_clz.o)
    0x08001b56   0x08001b56   0x00000000   Code   RO          466    x$fpl$usenofp       fz_ws.l(usenofp.o)
    0x08001b56   0x08001b56   0x00000004   Data   RO          298    .rodata.ADCPrescTable  stm32f10x_rcc.o
    0x08001b5a   0x08001b5a   0x00000010   Data   RO          297    .rodata.APBAHBPrescTable  stm32f10x_rcc.o
    0x08001b6a   0x08001b6a   0x0000001d   Data   RO            6    .rodata.str1.1      main.o
    0x08001b87   0x08001b87   0x00000001   PAD
    0x08001b88   0x08001b88   0x00000010   Data   RO          634    Region$$Table       anon$$obj.o


    Execution Region RW_IRAM1 (Exec base: 0x20000000, Load base: 0x08001b98, Size: 0x000006e8, Max: 0x00005000, ABSOLUTE)

    Exec Addr    Load Addr    Size         Type   Attr      Idx    E Section Name        Object

    0x20000000        -       0x00000060   Zero   RW          501    .bss                c_w.l(libspace.o)
    0x20000060        -       0x00000004   Zero   RW           38    .bss.count          uart.o
    0x20000064        -       0x00000001   Zero   RW           39    .bss.data           uart.o
    0x20000065        -       0x00000001   Zero   RW           40    .bss.flag           uart.o
    0x20000066        -       0x00000064   Zero   RW           41    .bss.mystr          uart.o
    0x200000ca        -       0x00000002   Zero   RW           61    .bss.s_calib.0      bme_280.o
    0x200000cc        -       0x00000002   Zero   RW           62    .bss.s_calib.1      bme_280.o
    0x200000ce        -       0x00000002   Zero   RW           71    .bss.s_calib.10     bme_280.o
    0x200000d0        -       0x00000002   Zero   RW           72    .bss.s_calib.11     bme_280.o
    0x200000d2        -       0x00000002   Zero   RW           63    .bss.s_calib.2      bme_280.o
    0x200000d4        -       0x00000002   Zero   RW           64    .bss.s_calib.3      bme_280.o
    0x200000d6        -       0x00000002   Zero   RW           65    .bss.s_calib.4      bme_280.o
    0x200000d8        -       0x00000002   Zero   RW           66    .bss.s_calib.5      bme_280.o
    0x200000da        -       0x00000002   Zero   RW           67    .bss.s_calib.6      bme_280.o
    0x200000dc        -       0x00000002   Zero   RW           68    .bss.s_calib.7      bme_280.o
    0x200000de        -       0x00000002   Zero   RW           69    .bss.s_calib.8      bme_280.o
    0x200000e0        -       0x00000002   Zero   RW           70    .bss.s_calib.9      bme_280.o
    0x200000e2   0x08001b98   0x00000002   PAD
    0x200000e4        -       0x00000004   Zero   RW           60    .bss.s_t_fine       bme_280.o
    0x200000e8        -       0x00000200   Zero   RW          389    HEAP                startup_stm32f10x_md.o
    0x200002e8        -       0x00000400   Zero   RW          388    STACK               startup_stm32f10x_md.o


==============================================================================

Image component sizes


      Code (inc. data)   RO Data    RW Data    ZI Data      Debug   Object Name

       852          0          0          0         28       3330   bme_280.o
       688          0          0          0          0       3392   i2c.o
       320        140         29          0          0        921   main.o
        64         26        236          0       1536        856   startup_stm32f10x_md.o
       176          0          0          0          0       5845   stm32f10x_gpio.o
       372          0          0          0          0       8393   stm32f10x_i2c.o
       208          0         20          0          0       7661   stm32f10x_rcc.o
       326          0          0          0          0       7929   stm32f10x_usart.o
       284          0          0          0          0       2902   system_stm32f10x.o
       974          0          0          0        106       6868   uart.o

    ----------------------------------------------------------------------
      4308        166        302          0       1672      48097   Object Totals
         0          0         16          0          0          0   (incl. Generated)
        44          0          1          0          2          0   (incl. Padding)

    ----------------------------------------------------------------------

      Code (inc. data)   RO Data    RW Data    ZI Data      Debug   Library Member Name

         8          0          0          0          0         68   __main.o
         0          0          0          0          0          0   __rtentry.o
        12          0          0          0          0          0   __rtentry2.o
         6          0          0          0          0          0   __rtentry4.o
        52          8          0          0          0          0   __scatter.o
        28          0          0          0          0          0   __scatter_zi.o
        18          0          0          0          0         80   exit.o
         6          0          0          0          0        152   heapauxi.o
         0          0          0          0          0          0   indicate_semi.o
         2          0          0          0          0          0   libinit.o
         2          0          0          0          0          0   libinit2.o
         2          0          0          0          0          0   libshutdown.o
         2          0          0          0          0          0   libshutdown2.o
         8          4          0          0         96         68   libspace.o
       116          0          0          0          0         84   llsdiv.o
       240          0          0          0          0        100   lludivv7m.o
         2          0          0          0          0          0   rtexit.o
        10          0          0          0          0          0   rtexit2.o
        12          4          0          0          0         68   sys_exit.o
        74          0          0          0          0         80   sys_stackheap_outer.o
         2          0          0          0          0         68   use_no_semi.o
       430          8          0          0          0        168   faddsub_clz.o
        84          0          0          0          0        196   fcmp.o
        24          0          0          0          0         68   fcmpi.o
       388         76          0          0          0         96   fdiv.o
       104          4          0          0          0         84   feqf.o
        54          4          0          0          0         84   ffix.o
        48          0          0          0          0         68   fflt_clz.o
        96          0          0          0          0         84   ffltll_clz.o
       104          4          0          0          0         84   fgeqf.o
       104          4          0          0          0         84   fleqf.o
       258          4          0          0          0         84   fmul.o
       140          4          0          0          0         84   fnaninf.o
        10          0          0          0          0         68   fretinf.o
         0          0          0          0          0          0   usenofp.o

    ----------------------------------------------------------------------
      2454        124          0          0         96       2020   Library Totals
         8          0          0          0          0          0   (incl. Padding)

    ----------------------------------------------------------------------

      Code (inc. data)   RO Data    RW Data    ZI Data      Debug   Library Name

       602         16          0          0         96        768   c_w.l
      1844        108          0          0          0       1252   fz_ws.l

    ----------------------------------------------------------------------
      2454        124          0          0         96       2020   Library Totals

    ----------------------------------------------------------------------

==============================================================================


      Code (inc. data)   RO Data    RW Data    ZI Data      Debug   

      6762        290        302          0       1768      48981   Grand Totals
      6762        290        302          0       1768      48981   ELF Image Totals
      6762        290        302          0          0          0   ROM Totals

==============================================================================

    Total RO  Size (Code + RO Data)                 7064 (   6.90kB)
    Total RW  Size (RW Data + ZI Data)              1768 (   1.73kB)
    Total ROM Size (Code + RO Data + RW Data)       7064 (   6.90kB)

==============================================================================

