Component: ARM Compiler 6.14 Tool: armlink [5db06800]

==============================================================================

Section Cross References

    uart.o(.text.Uart_Init) refers to stm32f10x_rcc.o(.text.RCC_APB2PeriphClockCmd) for RCC_APB2PeriphClockCmd
    uart.o(.text.Uart_Init) refers to stm32f10x_usart.o(.text.USART_Init) for USART_Init
    uart.o(.text.Uart_Init) refers to stm32f10x_usart.o(.text.USART_ITConfig) for USART_ITConfig
    uart.o(.text.Uart_Init) refers to uart.o(.text.__NVIC_EnableIRQ) for __NVIC_EnableIRQ
    uart.o(.text.Uart_Init) refers to stm32f10x_usart.o(.text.USART_Cmd) for USART_Cmd
    uart.o(.ARM.exidx.text.Uart_Init) refers to uart.o(.text.Uart_Init) for [Anonymous Symbol]
    uart.o(.ARM.exidx.text.__NVIC_EnableIRQ) refers to uart.o(.text.__NVIC_EnableIRQ) for [Anonymous Symbol]
    uart.o(.text.Uart_Gpio_TxRx_Init) refers to stm32f10x_rcc.o(.text.RCC_APB2PeriphClockCmd) for RCC_APB2PeriphClockCmd
    uart.o(.text.Uart_Gpio_TxRx_Init) refers to stm32f10x_gpio.o(.text.GPIO_Init) for GPIO_Init
    uart.o(.ARM.exidx.text.Uart_Gpio_TxRx_Init) refers to uart.o(.text.Uart_Gpio_TxRx_Init) for [Anonymous Symbol]
    uart.o(.text.Uart_SendChar) refers to stm32f10x_usart.o(.text.USART_SendData) for USART_SendData
    uart.o(.text.Uart_SendChar) refers to stm32f10x_usart.o(.text.USART_GetFlagStatus) for USART_GetFlagStatus
    uart.o(.ARM.exidx.text.Uart_SendChar) refers to uart.o(.text.Uart_SendChar) for [Anonymous Symbol]
    uart.o(.text.Uart_SendStr) refers to stm32f10x_usart.o(.text.USART_SendData) for USART_SendData
    uart.o(.text.Uart_SendStr) refers to stm32f10x_usart.o(.text.USART_GetFlagStatus) for USART_GetFlagStatus
    uart.o(.ARM.exidx.text.Uart_SendStr) refers to uart.o(.text.Uart_SendStr) for [Anonymous Symbol]
    uart.o(.text.Uart_SendHex) refers to uart.o(.rodata.str1.1) for .L__const.Uart_SendHex.hex
    uart.o(.text.Uart_SendHex) refers to uart.o(.text.Uart_SendChar) for Uart_SendChar
    uart.o(.ARM.exidx.text.Uart_SendHex) refers to uart.o(.text.Uart_SendHex) for [Anonymous Symbol]
    uart.o(.text.Uart_SendInt) refers to stm32f10x_usart.o(.text.USART_SendData) for USART_SendData
    uart.o(.text.Uart_SendInt) refers to stm32f10x_usart.o(.text.USART_GetFlagStatus) for USART_GetFlagStatus
    uart.o(.ARM.exidx.text.Uart_SendInt) refers to uart.o(.text.Uart_SendInt) for [Anonymous Symbol]
    uart.o(.text.Uart_SendFloat) refers to fcmp.o(x$fpl$fcmp) for __aeabi_fcmpeq
    uart.o(.text.Uart_SendFloat) refers to stm32f10x_usart.o(.text.USART_SendData) for USART_SendData
    uart.o(.text.Uart_SendFloat) refers to stm32f10x_usart.o(.text.USART_GetFlagStatus) for USART_GetFlagStatus
    uart.o(.text.Uart_SendFloat) refers to ffix.o(x$fpl$ffix) for __aeabi_f2iz
    uart.o(.text.Uart_SendFloat) refers to fflt_clz.o(x$fpl$fflt) for __aeabi_i2f
    uart.o(.text.Uart_SendFloat) refers to faddsub_clz.o(x$fpl$fsub) for __aeabi_fsub
    uart.o(.text.Uart_SendFloat) refers to fmul.o(x$fpl$fmul) for __aeabi_fmul
    uart.o(.ARM.exidx.text.Uart_SendFloat) refers to uart.o(.text.Uart_SendFloat) for [Anonymous Symbol]
    uart.o(.text.Uart_ReadChar) refers to stm32f10x_usart.o(.text.USART_ReceiveData) for USART_ReceiveData
    uart.o(.ARM.exidx.text.Uart_ReadChar) refers to uart.o(.text.Uart_ReadChar) for [Anonymous Symbol]
    uart.o(.ARM.exidx.text.Uart_Compare) refers to uart.o(.text.Uart_Compare) for [Anonymous Symbol]
    uart.o(.text.USART1_IRQHandler) refers to stm32f10x_usart.o(.text.USART_GetITStatus) for USART_GetITStatus
    uart.o(.text.USART1_IRQHandler) refers to uart.o(.text.Uart_ReadChar) for Uart_ReadChar
    uart.o(.text.USART1_IRQHandler) refers to uart.o(.bss.data) for data
    uart.o(.text.USART1_IRQHandler) refers to uart.o(.bss.count) for count
    uart.o(.text.USART1_IRQHandler) refers to uart.o(.bss.flag) for flag
    uart.o(.text.USART1_IRQHandler) refers to uart.o(.bss.mystr) for mystr
    uart.o(.ARM.exidx.text.USART1_IRQHandler) refers to uart.o(.text.USART1_IRQHandler) for [Anonymous Symbol]
    uart.o(.text.Uart_Debug_Flag) refers to uart.o(.bss.flag) for flag
    uart.o(.ARM.exidx.text.Uart_Debug_Flag) refers to uart.o(.text.Uart_Debug_Flag) for [Anonymous Symbol]
    main.o(.text.main) refers to system_stm32f10x.o(.text.SystemInit) for SystemInit
    main.o(.text.main) refers to systick.o(.text.SysTick_Init) for SysTick_Init
    main.o(.text.main) refers to uart.o(.text.Uart_Gpio_TxRx_Init) for Uart_Gpio_TxRx_Init
    main.o(.text.main) refers to uart.o(.text.Uart_Init) for Uart_Init
    main.o(.text.main) refers to rc522.o(.text.RC522_Init) for RC522_Init
    main.o(.text.main) refers to uart.o(.text.Uart_SendStr) for Uart_SendStr
    main.o(.text.main) refers to main.o(.rodata.str1.1) for .L.str.2
    main.o(.text.main) refers to systick.o(.text.Delay_ms) for Delay_ms
    main.o(.text.main) refers to rc522.o(.text.RC522_IsCardPresent) for RC522_IsCardPresent
[...]
    Removing rc522.o(.ARM.exidx.text.RC522_AntennaOff), (8 bytes).
    Removing rc522.o(.ARM.exidx.text._ClearBitMask), (8 bytes).
    Removing rc522.o(.ARM.exidx.text.RC522_Request), (8 bytes).
    Removing rc522.o(.ARM.exidx.text._ToCard), (8 bytes).
    Removing rc522.o(.ARM.exidx.text.RC522_Anticoll), (8 bytes).
    Removing rc522.o(.ARM.exidx.text.RC522_SelectTag), (8 bytes).
    Removing rc522.o(.ARM.exidx.text._CalcCRC), (8 bytes).
    Removing rc522.o(.ARM.exidx.text.RC522_Auth), (8 bytes).
    Removing rc522.o(.ARM.exidx.text.RC522_ReadBlock), (8 bytes).
    Removing rc522.o(.text.RC522_WriteBlock), (150 bytes).
    Removing rc522.o(.ARM.exidx.text.RC522_WriteBlock), (8 bytes).
    Removing rc522.o(.ARM.exidx.text.RC522_Halt), (8 bytes).
    Removing rc522.o(.ARM.exidx.text.RC522_IsCardPresent), (8 bytes).
    Removing spi.o(.text), (0 bytes).
    Removing spi.o(.ARM.exidx.text.SPI1_Config), (8 bytes).
    Removing spi.o(.ARM.exidx.text.SPI1_TransmitReceive), (8 bytes).
    Removing spi.o(.ARM.exidx.text.SPI1_WriteReg), (8 bytes).
    Removing spi.o(.ARM.exidx.text.SPI1_ReadReg), (8 bytes).
    Removing systick.o(.text), (0 bytes).
    Removing systick.o(.ARM.exidx.text.SysTick_Handler), (8 bytes).
    Removing systick.o(.ARM.exidx.text.SysTick_Init), (8 bytes).
    Removing systick.o(.ARM.exidx.text.SysTick_Config), (8 bytes).
    Removing systick.o(.ARM.exidx.text.Delay_ms), (8 bytes).
    Removing systick.o(.ARM.exidx.text.__NVIC_SetPriority), (8 bytes).
    Removing misc.o(.text), (0 bytes).
    Removing misc.o(.text.NVIC_PriorityGroupConfig), (20 bytes).
    Removing misc.o(.ARM.exidx.text.NVIC_PriorityGroupConfig), (8 bytes).
    Removing misc.o(.text.NVIC_Init), (94 bytes).
    Removing misc.o(.ARM.exidx.text.NVIC_Init), (8 bytes).
    Removing misc.o(.text.NVIC_SetVectorTable), (24 bytes).
    Removing misc.o(.ARM.exidx.text.NVIC_SetVectorTable), (8 bytes).
    Removing misc.o(.text.NVIC_SystemLPConfig), (24 bytes).
    Removing misc.o(.ARM.exidx.text.NVIC_SystemLPConfig), (8 bytes).
    Removing misc.o(.text.SysTick_CLKSourceConfig), (26 bytes).
    Removing misc.o(.ARM.exidx.text.SysTick_CLKSourceConfig), (8 bytes).
    Removing stm32f10x_gpio.o(.text), (0 bytes).
    Removing stm32f10x_gpio.o(.text.GPIO_DeInit), (76 bytes).
    Removing stm32f10x_gpio.o(.ARM.exidx.text.GPIO_DeInit), (8 bytes).
    Removing stm32f10x_gpio.o(.text.GPIO_AFIODeInit), (20 bytes).
    Removing stm32f10x_gpio.o(.ARM.exidx.text.GPIO_AFIODeInit), (8 bytes).
    Removing stm32f10x_gpio.o(.ARM.exidx.text.GPIO_Init), (8 bytes).
    Removing stm32f10x_gpio.o(.text.GPIO_StructInit), (12 bytes).
    Removing stm32f10x_gpio.o(.ARM.exidx.text.GPIO_StructInit), (8 bytes).
    Removing stm32f10x_gpio.o(.text.GPIO_ReadInputDataBit), (10 bytes).
    Removing stm32f10x_gpio.o(.ARM.exidx.text.GPIO_ReadInputDataBit), (8 bytes).
    Removing stm32f10x_gpio.o(.text.GPIO_ReadInputData), (6 bytes).
    Removing stm32f10x_gpio.o(.ARM.exidx.text.GPIO_ReadInputData), (8 bytes).
    Removing stm32f10x_gpio.o(.text.GPIO_ReadOutputDataBit), (10 bytes).
    Removing stm32f10x_gpio.o(.ARM.exidx.text.GPIO_ReadOutputDataBit), (8 bytes).
    Removing stm32f10x_gpio.o(.text.GPIO_ReadOutputData), (6 bytes).
    Removing stm32f10x_gpio.o(.ARM.exidx.text.GPIO_ReadOutputData), (8 bytes).
    Removing stm32f10x_gpio.o(.ARM.exidx.text.GPIO_SetBits), (8 bytes).
    Removing stm32f10x_gpio.o(.ARM.exidx.text.GPIO_ResetBits), (8 bytes).
    Removing stm32f10x_gpio.o(.text.GPIO_WriteBit), (12 bytes).
    Removing stm32f10x_gpio.o(.ARM.exidx.text.GPIO_WriteBit), (8 bytes).
    Removing stm32f10x_gpio.o(.text.GPIO_Write), (4 bytes).
    Removing stm32f10x_gpio.o(.ARM.exidx.text.GPIO_Write), (8 bytes).
    Removing stm32f10x_gpio.o(.text.GPIO_PinLockConfig), (16 bytes).
    Removing stm32f10x_gpio.o(.ARM.exidx.text.GPIO_PinLockConfig), (8 bytes).
    Removing stm32f10x_gpio.o(.text.GPIO_EventOutputConfig), (30 bytes).
    Removing stm32f10x_gpio.o(.ARM.exidx.text.GPIO_EventOutputConfig), (8 bytes).
    Removing stm32f10x_gpio.o(.text.GPIO_EventOutputCmd), (10 bytes).
    Removing stm32f10x_gpio.o(.ARM.exidx.text.GPIO_EventOutputCmd), (8 bytes).
    Removing stm32f10x_gpio.o(.text.GPIO_PinRemapConfig), (116 bytes).
    Removing stm32f10x_gpio.o(.ARM.exidx.text.GPIO_PinRemapConfig), (8 bytes).
    Removing stm32f10x_gpio.o(.text.GPIO_EXTILineConfig), (46 bytes).
    Removing stm32f10x_gpio.o(.ARM.exidx.text.GPIO_EXTILineConfig), (8 bytes).
    Removing stm32f10x_gpio.o(.text.GPIO_ETH_MediaInterfaceConfig), (10 bytes).
    Removing stm32f10x_gpio.o(.ARM.exidx.text.GPIO_ETH_MediaInterfaceConfig), (8 bytes).
    Removing stm32f10x_rcc.o(.text), (0 bytes).
    Removing stm32f10x_rcc.o(.text.RCC_DeInit), (66 bytes).
    Removing stm32f10x_rcc.o(.ARM.exidx.text.RCC_DeInit), (8 bytes).
    Removing stm32f10x_rcc.o(.text.RCC_HSEConfig), (50 bytes).
    Removing stm32f10x_rcc.o(.ARM.exidx.text.RCC_HSEConfig), (8 bytes).
    Removing stm32f10x_rcc.o(.text.RCC_WaitForHSEStartUp), (48 bytes).
    Removing stm32f10x_rcc.o(.ARM.exidx.text.RCC_WaitForHSEStartUp), (8 bytes).
    Removing stm32f10x_rcc.o(.text.RCC_GetFlagStatus), (42 bytes).
    Removing stm32f10x_rcc.o(.ARM.exidx.text.RCC_GetFlagStatus), (8 bytes).
    Removing stm32f10x_rcc.o(.text.RCC_AdjustHSICalibrationValue), (22 bytes).
    Removing stm32f10x_rcc.o(.ARM.exidx.text.RCC_AdjustHSICalibrationValue), (8 bytes).
    Removing stm32f10x_rcc.o(.text.RCC_HSICmd), (10 bytes).
    Removing stm32f10x_rcc.o(.ARM.exidx.text.RCC_HSICmd), (8 bytes).
    Removing stm32f10x_rcc.o(.text.RCC_PLLConfig), (22 bytes).
    Removing stm32f10x_rcc.o(.ARM.exidx.text.RCC_PLLConfig), (8 bytes).
    Removing stm32f10x_rcc.o(.text.RCC_PLLCmd), (10 bytes).
    Removing stm32f10x_rcc.o(.ARM.exidx.text.RCC_PLLCmd), (8 bytes).
    Removing stm32f10x_rcc.o(.text.RCC_SYSCLKConfig), (20 bytes).
    Removing stm32f10x_rcc.o(.ARM.exidx.text.RCC_SYSCLKConfig), (8 bytes).
    Removing stm32f10x_rcc.o(.text.RCC_GetSYSCLKSource), (16 bytes).
    Removing stm32f10x_rcc.o(.ARM.exidx.text.RCC_GetSYSCLKSource), (8 bytes).
    Removing stm32f10x_rcc.o(.text.RCC_HCLKConfig), (20 bytes).
    Removing stm32f10x_rcc.o(.ARM.exidx.text.RCC_HCLKConfig), (8 bytes).
    Removing stm32f10x_rcc.o(.text.RCC_PCLK1Config), (20 bytes).
    Removing stm32f10x_rcc.o(.ARM.exidx.text.RCC_PCLK1Config), (8 bytes).
    Removing stm32f10x_rcc.o(.text.RCC_PCLK2Config), (22 bytes).
    Removing stm32f10x_rcc.o(.ARM.exidx.text.RCC_PCLK2Config), (8 bytes).
    Removing stm32f10x_rcc.o(.text.RCC_ITConfig), (24 bytes).
    Removing stm32f10x_rcc.o(.ARM.exidx.text.RCC_ITConfig), (8 bytes).
    Removing stm32f10x_rcc.o(.text.RCC_USBCLKConfig), (10 bytes).
    Removing stm32f10x_rcc.o(.ARM.exidx.text.RCC_USBCLKConfig), (8 bytes).
    Removing stm32f10x_rcc.o(.text.RCC_ADCCLKConfig), (20 bytes).
    Removing stm32f10x_rcc.o(.ARM.exidx.text.RCC_ADCCLKConfig), (8 bytes).
    Removing stm32f10x_rcc.o(.text.RCC_LSEConfig), (30 bytes).
    Removing stm32f10x_rcc.o(.ARM.exidx.text.RCC_LSEConfig), (8 bytes).
    Removing stm32f10x_rcc.o(.text.RCC_LSICmd), (12 bytes).
    Removing stm32f10x_rcc.o(.ARM.exidx.text.RCC_LSICmd), (8 bytes).
    Removing stm32f10x_rcc.o(.text.RCC_RTCCLKConfig), (16 bytes).
    Removing stm32f10x_rcc.o(.ARM.exidx.text.RCC_RTCCLKConfig), (8 bytes).
    Removing stm32f10x_rcc.o(.text.RCC_RTCCLKCmd), (12 bytes).
    Removing stm32f10x_rcc.o(.ARM.exidx.text.RCC_RTCCLKCmd), (8 bytes).
    Removing stm32f10x_rcc.o(.ARM.exidx.text.RCC_GetClocksFreq), (8 bytes).
    Removing stm32f10x_rcc.o(.text.RCC_AHBPeriphClockCmd), (24 bytes).
    Removing stm32f10x_rcc.o(.ARM.exidx.text.RCC_AHBPeriphClockCmd), (8 bytes).
    Removing stm32f10x_rcc.o(.ARM.exidx.text.RCC_APB2PeriphClockCmd), (8 bytes).
    Removing stm32f10x_rcc.o(.text.RCC_APB1PeriphClockCmd), (24 bytes).
    Removing stm32f10x_rcc.o(.ARM.exidx.text.RCC_APB1PeriphClockCmd), (8 bytes).
    Removing stm32f10x_rcc.o(.text.RCC_APB2PeriphResetCmd), (24 bytes).
    Removing stm32f10x_rcc.o(.ARM.exidx.text.RCC_APB2PeriphResetCmd), (8 bytes).
    Removing stm32f10x_rcc.o(.text.RCC_APB1PeriphResetCmd), (24 bytes).
    Removing stm32f10x_rcc.o(.ARM.exidx.text.RCC_APB1PeriphResetCmd), (8 bytes).
    Removing stm32f10x_rcc.o(.text.RCC_BackupResetCmd), (12 bytes).
    Removing stm32f10x_rcc.o(.ARM.exidx.text.RCC_BackupResetCmd), (8 bytes).
    Removing stm32f10x_rcc.o(.text.RCC_ClockSecuritySystemCmd), (10 bytes).
    Removing stm32f10x_rcc.o(.ARM.exidx.text.RCC_ClockSecuritySystemCmd), (8 bytes).
    Removing stm32f10x_rcc.o(.text.RCC_MCOConfig), (12 bytes).
    Removing stm32f10x_rcc.o(.ARM.exidx.text.RCC_MCOConfig), (8 bytes).
    Removing stm32f10x_rcc.o(.text.RCC_ClearFlag), (18 bytes).
    Removing stm32f10x_rcc.o(.ARM.exidx.text.RCC_ClearFlag), (8 bytes).
    Removing stm32f10x_rcc.o(.text.RCC_GetITStatus), (18 bytes).
    Removing stm32f10x_rcc.o(.ARM.exidx.text.RCC_GetITStatus), (8 bytes).
    Removing stm32f10x_rcc.o(.text.RCC_ClearITPendingBit), (12 bytes).
    Removing stm32f10x_rcc.o(.ARM.exidx.text.RCC_ClearITPendingBit), (8 bytes).
    Removing stm32f10x_spi.o(.text), (0 bytes).
    Removing stm32f10x_spi.o(.text.SPI_I2S_DeInit), (100 bytes).
    Removing stm32f10x_spi.o(.ARM.exidx.text.SPI_I2S_DeInit), (8 bytes).
    Removing stm32f10x_spi.o(.ARM.exidx.text.SPI_Init), (8 bytes).
    Removing stm32f10x_spi.o(.text.I2S_Init), (148 bytes).
    Removing stm32f10x_spi.o(.ARM.exidx.text.I2S_Init), (8 bytes).
    Removing stm32f10x_spi.o(.text.SPI_StructInit), (16 bytes).
    Removing stm32f10x_spi.o(.ARM.exidx.text.SPI_StructInit), (8 bytes).
    Removing stm32f10x_spi.o(.text.I2S_StructInit), (14 bytes).
    Removing stm32f10x_spi.o(.ARM.exidx.text.I2S_StructInit), (8 bytes).
    Removing stm32f10x_spi.o(.ARM.exidx.text.SPI_Cmd), (8 bytes).
    Removing stm32f10x_spi.o(.text.I2S_Cmd), (18 bytes).
    Removing stm32f10x_spi.o(.ARM.exidx.text.I2S_Cmd), (8 bytes).
    Removing stm32f10x_spi.o(.text.SPI_I2S_ITConfig), (32 bytes).
    Removing stm32f10x_spi.o(.ARM.exidx.text.SPI_I2S_ITConfig), (8 bytes).
    Removing stm32f10x_spi.o(.text.SPI_I2S_DMACmd), (16 bytes).
    Removing stm32f10x_spi.o(.ARM.exidx.text.SPI_I2S_DMACmd), (8 bytes).
    Removing stm32f10x_spi.o(.ARM.exidx.text.SPI_I2S_SendData), (8 bytes).
    Removing stm32f10x_spi.o(.ARM.exidx.text.SPI_I2S_ReceiveData), (8 bytes).
    Removing stm32f10x_spi.o(.ARM.exidx.text.SPI_NSSInternalSoftwareConfig), (8 bytes).
    Removing stm32f10x_spi.o(.text.SPI_SSOutputCmd), (18 bytes).
    Removing stm32f10x_spi.o(.ARM.exidx.text.SPI_SSOutputCmd), (8 bytes).
    Removing stm32f10x_spi.o(.text.SPI_DataSizeConfig), (16 bytes).
    Removing stm32f10x_spi.o(.ARM.exidx.text.SPI_DataSizeConfig), (8 bytes).
    Removing stm32f10x_spi.o(.text.SPI_TransmitCRC), (10 bytes).
    Removing stm32f10x_spi.o(.ARM.exidx.text.SPI_TransmitCRC), (8 bytes).
    Removing stm32f10x_spi.o(.text.SPI_CalculateCRC), (18 bytes).
    Removing stm32f10x_spi.o(.ARM.exidx.text.SPI_CalculateCRC), (8 bytes).
    Removing stm32f10x_spi.o(.text.SPI_GetCRC), (12 bytes).
    Removing stm32f10x_spi.o(.ARM.exidx.text.SPI_GetCRC), (8 bytes).
    Removing stm32f10x_spi.o(.text.SPI_GetCRCPolynomial), (4 bytes).
    Removing stm32f10x_spi.o(.ARM.exidx.text.SPI_GetCRCPolynomial), (8 bytes).
    Removing stm32f10x_spi.o(.text.SPI_BiDirectionalLineConfig), (20 bytes).
    Removing stm32f10x_spi.o(.ARM.exidx.text.SPI_BiDirectionalLineConfig), (8 bytes).
    Removing stm32f10x_spi.o(.ARM.exidx.text.SPI_I2S_GetFlagStatus), (8 bytes).
    Removing stm32f10x_spi.o(.text.SPI_I2S_ClearFlag), (6 bytes).
    Removing stm32f10x_spi.o(.ARM.exidx.text.SPI_I2S_ClearFlag), (8 bytes).
    Removing stm32f10x_spi.o(.text.SPI_I2S_GetITStatus), (34 bytes).
    Removing stm32f10x_spi.o(.ARM.exidx.text.SPI_I2S_GetITStatus), (8 bytes).
    Removing stm32f10x_spi.o(.text.SPI_I2S_ClearITPendingBit), (16 bytes).
    Removing stm32f10x_spi.o(.ARM.exidx.text.SPI_I2S_ClearITPendingBit), (8 bytes).
    Removing stm32f10x_tim.o(.text), (0 bytes).
    Removing stm32f10x_tim.o(.text.TIM_DeInit), (558 bytes).
    Removing stm32f10x_tim.o(.ARM.exidx.text.TIM_DeInit), (8 bytes).
    Removing stm32f10x_tim.o(.text.TIM_TimeBaseInit), (170 bytes).
    Removing stm32f10x_tim.o(.ARM.exidx.text.TIM_TimeBaseInit), (8 bytes).
    Removing stm32f10x_tim.o(.text.TIM_OC1Init), (118 bytes).
    Removing stm32f10x_tim.o(.ARM.exidx.text.TIM_OC1Init), (8 bytes).
    Removing stm32f10x_tim.o(.text.TIM_OC2Init), (122 bytes).
    Removing stm32f10x_tim.o(.ARM.exidx.text.TIM_OC2Init), (8 bytes).
    Removing stm32f10x_tim.o(.text.TIM_OC3Init), (122 bytes).
    Removing stm32f10x_tim.o(.ARM.exidx.text.TIM_OC3Init), (8 bytes).
    Removing stm32f10x_tim.o(.text.TIM_OC4Init), (94 bytes).
    Removing stm32f10x_tim.o(.ARM.exidx.text.TIM_OC4Init), (8 bytes).
    Removing stm32f10x_tim.o(.text.TIM_ICInit), (98 bytes).
    Removing stm32f10x_tim.o(.ARM.exidx.text.TIM_ICInit), (8 bytes).
    Removing stm32f10x_tim.o(.text.TI1_Config), (132 bytes).
    Removing stm32f10x_tim.o(.ARM.exidx.text.TI1_Config), (8 bytes).
    Removing stm32f10x_tim.o(.text.TIM_SetIC1Prescaler), (16 bytes).
    Removing stm32f10x_tim.o(.ARM.exidx.text.TIM_SetIC1Prescaler), (8 bytes).
    Removing stm32f10x_tim.o(.text.TI2_Config), (144 bytes).
    Removing stm32f10x_tim.o(.ARM.exidx.text.TI2_Config), (8 bytes).
    Removing stm32f10x_tim.o(.text.TIM_SetIC2Prescaler), (18 bytes).
    Removing stm32f10x_tim.o(.ARM.exidx.text.TIM_SetIC2Prescaler), (8 bytes).
    Removing stm32f10x_tim.o(.text.TI3_Config), (138 bytes).
    Removing stm32f10x_tim.o(.ARM.exidx.text.TI3_Config), (8 bytes).
    Removing stm32f10x_tim.o(.text.TIM_SetIC3Prescaler), (16 bytes).
    Removing stm32f10x_tim.o(.ARM.exidx.text.TIM_SetIC3Prescaler), (8 bytes).
    Removing stm32f10x_tim.o(.text.TI4_Config), (148 bytes).
    Removing stm32f10x_tim.o(.ARM.exidx.text.TI4_Config), (8 bytes).
    Removing stm32f10x_tim.o(.text.TIM_SetIC4Prescaler), (18 bytes).
    Removing stm32f10x_tim.o(.ARM.exidx.text.TIM_SetIC4Prescaler), (8 bytes).
    Removing stm32f10x_tim.o(.text.TIM_PWMIConfig), (112 bytes).
    Removing stm32f10x_tim.o(.ARM.exidx.text.TIM_PWMIConfig), (8 bytes).
    Removing stm32f10x_tim.o(.text.TIM_BDTRConfig), (40 bytes).
    Removing stm32f10x_tim.o(.ARM.exidx.text.TIM_BDTRConfig), (8 bytes).
    Removing stm32f10x_tim.o(.text.TIM_TimeBaseStructInit), (20 bytes).
    Removing stm32f10x_tim.o(.ARM.exidx.text.TIM_TimeBaseStructInit), (8 bytes).
    Removing stm32f10x_tim.o(.text.TIM_OCStructInit), (12 bytes).
    Removing stm32f10x_tim.o(.ARM.exidx.text.TIM_OCStructInit), (8 bytes).
    Removing stm32f10x_tim.o(.text.TIM_ICStructInit), (12 bytes).
    Removing stm32f10x_tim.o(.ARM.exidx.text.TIM_ICStructInit), (8 bytes).
    Removing stm32f10x_tim.o(.text.TIM_BDTRStructInit), (12 bytes).
    Removing stm32f10x_tim.o(.ARM.exidx.text.TIM_BDTRStructInit), (8 bytes).
    Removing stm32f10x_tim.o(.text.TIM_Cmd), (18 bytes).
    Removing stm32f10x_tim.o(.ARM.exidx.text.TIM_Cmd), (8 bytes).
    Removing stm32f10x_tim.o(.text.TIM_CtrlPWMOutputs), (24 bytes).
    Removing stm32f10x_tim.o(.ARM.exidx.text.TIM_CtrlPWMOutputs), (8 bytes).
    Removing stm32f10x_tim.o(.text.TIM_ITConfig), (16 bytes).
    Removing stm32f10x_tim.o(.ARM.exidx.text.TIM_ITConfig), (8 bytes).
    Removing stm32f10x_tim.o(.text.TIM_GenerateEvent), (4 bytes).
    Removing stm32f10x_tim.o(.ARM.exidx.text.TIM_GenerateEvent), (8 bytes).
    Removing stm32f10x_tim.o(.text.TIM_DMAConfig), (8 bytes).
    Removing stm32f10x_tim.o(.ARM.exidx.text.TIM_DMAConfig), (8 bytes).
    Removing stm32f10x_tim.o(.text.TIM_DMACmd), (16 bytes).
    Removing stm32f10x_tim.o(.ARM.exidx.text.TIM_DMACmd), (8 bytes).
    Removing stm32f10x_tim.o(.text.TIM_InternalClockConfig), (10 bytes).
    Removing stm32f10x_tim.o(.ARM.exidx.text.TIM_InternalClockConfig), (8 bytes).
    Removing stm32f10x_tim.o(.text.TIM_ITRxExternalClockConfig), (18 bytes).
    Removing stm32f10x_tim.o(.ARM.exidx.text.TIM_ITRxExternalClockConfig), (8 bytes).
    Removing stm32f10x_tim.o(.text.TIM_SelectInputTrigger), (12 bytes).
    Removing stm32f10x_tim.o(.ARM.exidx.text.TIM_SelectInputTrigger), (8 bytes).
    Removing stm32f10x_tim.o(.text.TIM_TIxExternalClockConfig), (44 bytes).
    Removing stm32f10x_tim.o(.ARM.exidx.text.TIM_TIxExternalClockConfig), (8 bytes).
    Removing stm32f10x_tim.o(.text.TIM_ETRClockMode1Config), (18 bytes).
    Removing stm32f10x_tim.o(.ARM.exidx.text.TIM_ETRClockMode1Config), (8 bytes).
    Removing stm32f10x_tim.o(.text.TIM_ETRConfig), (22 bytes).
    Removing stm32f10x_tim.o(.ARM.exidx.text.TIM_ETRConfig), (8 bytes).
    Removing stm32f10x_tim.o(.text.TIM_ETRClockMode2Config), (18 bytes).
    Removing stm32f10x_tim.o(.ARM.exidx.text.TIM_ETRClockMode2Config), (8 bytes).
    Removing stm32f10x_tim.o(.text.TIM_PrescalerConfig), (6 bytes).
    Removing stm32f10x_tim.o(.ARM.exidx.text.TIM_PrescalerConfig), (8 bytes).
    Removing stm32f10x_tim.o(.text.TIM_CounterModeConfig), (12 bytes).
    Removing stm32f10x_tim.o(.ARM.exidx.text.TIM_CounterModeConfig), (8 bytes).
    Removing stm32f10x_tim.o(.text.TIM_EncoderInterfaceConfig), (48 bytes).
    Removing stm32f10x_tim.o(.ARM.exidx.text.TIM_EncoderInterfaceConfig), (8 bytes).
    Removing stm32f10x_tim.o(.text.TIM_ForcedOC1Config), (12 bytes).
    Removing stm32f10x_tim.o(.ARM.exidx.text.TIM_ForcedOC1Config), (8 bytes).
    Removing stm32f10x_tim.o(.text.TIM_ForcedOC2Config), (14 bytes).
    Removing stm32f10x_tim.o(.ARM.exidx.text.TIM_ForcedOC2Config), (8 bytes).
    Removing stm32f10x_tim.o(.text.TIM_ForcedOC3Config), (12 bytes).
    Removing stm32f10x_tim.o(.ARM.exidx.text.TIM_ForcedOC3Config), (8 bytes).
    Removing stm32f10x_tim.o(.text.TIM_ForcedOC4Config), (14 bytes).
    Removing stm32f10x_tim.o(.ARM.exidx.text.TIM_ForcedOC4Config), (8 bytes).
    Removing stm32f10x_tim.o(.text.TIM_ARRPreloadConfig), (18 bytes).
    Removing stm32f10x_tim.o(.ARM.exidx.text.TIM_ARRPreloadConfig), (8 bytes).
    Removing stm32f10x_tim.o(.text.TIM_SelectCOM), (18 bytes).
    Removing stm32f10x_tim.o(.ARM.exidx.text.TIM_SelectCOM), (8 bytes).
    Removing stm32f10x_tim.o(.text.TIM_SelectCCDMA), (18 bytes).
    Removing stm32f10x_tim.o(.ARM.exidx.text.TIM_SelectCCDMA), (8 bytes).
    Removing stm32f10x_tim.o(.text.TIM_CCPreloadControl), (18 bytes).
    Removing stm32f10x_tim.o(.ARM.exidx.text.TIM_CCPreloadControl), (8 bytes).
    Removing stm32f10x_tim.o(.text.TIM_OC1PreloadConfig), (12 bytes).
    Removing stm32f10x_tim.o(.ARM.exidx.text.TIM_OC1PreloadConfig), (8 bytes).
    Removing stm32f10x_tim.o(.text.TIM_OC2PreloadConfig), (14 bytes).
    Removing stm32f10x_tim.o(.ARM.exidx.text.TIM_OC2PreloadConfig), (8 bytes).
    Removing stm32f10x_tim.o(.text.TIM_OC3PreloadConfig), (12 bytes).
    Removing stm32f10x_tim.o(.ARM.exidx.text.TIM_OC3PreloadConfig), (8 bytes).
    Removing stm32f10x_tim.o(.text.TIM_OC4PreloadConfig), (14 bytes).
    Removing stm32f10x_tim.o(.ARM.exidx.text.TIM_OC4PreloadConfig), (8 bytes).
    Removing stm32f10x_tim.o(.text.TIM_OC1FastConfig), (12 bytes).
    Removing stm32f10x_tim.o(.ARM.exidx.text.TIM_OC1FastConfig), (8 bytes).
    Removing stm32f10x_tim.o(.text.TIM_OC2FastConfig), (14 bytes).
    Removing stm32f10x_tim.o(.ARM.exidx.text.TIM_OC2FastConfig), (8 bytes).
    Removing stm32f10x_tim.o(.text.TIM_OC3FastConfig), (12 bytes).
    Removing stm32f10x_tim.o(.ARM.exidx.text.TIM_OC3FastConfig), (8 bytes).
    Removing stm32f10x_tim.o(.text.TIM_OC4FastConfig), (14 bytes).
    Removing stm32f10x_tim.o(.ARM.exidx.text.TIM_OC4FastConfig), (8 bytes).
    Removing stm32f10x_tim.o(.text.TIM_ClearOC1Ref), (12 bytes).
    Removing stm32f10x_tim.o(.ARM.exidx.text.TIM_ClearOC1Ref), (8 bytes).
    Removing stm32f10x_tim.o(.text.TIM_ClearOC2Ref), (14 bytes).
    Removing stm32f10x_tim.o(.ARM.exidx.text.TIM_ClearOC2Ref), (8 bytes).
    Removing stm32f10x_tim.o(.text.TIM_ClearOC3Ref), (12 bytes).
    Removing stm32f10x_tim.o(.ARM.exidx.text.TIM_ClearOC3Ref), (8 bytes).
    Removing stm32f10x_tim.o(.text.TIM_ClearOC4Ref), (14 bytes).
    Removing stm32f10x_tim.o(.ARM.exidx.text.TIM_ClearOC4Ref), (8 bytes).
    Removing stm32f10x_tim.o(.text.TIM_OC1PolarityConfig), (12 bytes).
    Removing stm32f10x_tim.o(.ARM.exidx.text.TIM_OC1PolarityConfig), (8 bytes).
    Removing stm32f10x_tim.o(.text.TIM_OC1NPolarityConfig), (12 bytes).
    Removing stm32f10x_tim.o(.ARM.exidx.text.TIM_OC1NPolarityConfig), (8 bytes).
    Removing stm32f10x_tim.o(.text.TIM_OC2PolarityConfig), (14 bytes).
    Removing stm32f10x_tim.o(.ARM.exidx.text.TIM_OC2PolarityConfig), (8 bytes).
    Removing stm32f10x_tim.o(.text.TIM_OC2NPolarityConfig), (14 bytes).
    Removing stm32f10x_tim.o(.ARM.exidx.text.TIM_OC2NPolarityConfig), (8 bytes).
    Removing stm32f10x_tim.o(.text.TIM_OC3PolarityConfig), (14 bytes).
    Removing stm32f10x_tim.o(.ARM.exidx.text.TIM_OC3PolarityConfig), (8 bytes).
    Removing stm32f10x_tim.o(.text.TIM_OC3NPolarityConfig), (14 bytes).
    Removing stm32f10x_tim.o(.ARM.exidx.text.TIM_OC3NPolarityConfig), (8 bytes).
    Removing stm32f10x_tim.o(.text.TIM_OC4PolarityConfig), (14 bytes).
    Removing stm32f10x_tim.o(.ARM.exidx.text.TIM_OC4PolarityConfig), (8 bytes).
    Removing stm32f10x_tim.o(.text.TIM_CCxCmd), (32 bytes).
    Removing stm32f10x_tim.o(.ARM.exidx.text.TIM_CCxCmd), (8 bytes).
    Removing stm32f10x_tim.o(.text.TIM_CCxNCmd), (32 bytes).
    Removing stm32f10x_tim.o(.ARM.exidx.text.TIM_CCxNCmd), (8 bytes).
    Removing stm32f10x_tim.o(.text.TIM_SelectOCxM), (82 bytes).
    Removing stm32f10x_tim.o(.ARM.exidx.text.TIM_SelectOCxM), (8 bytes).
    Removing stm32f10x_tim.o(.text.TIM_UpdateDisableConfig), (18 bytes).
    Removing stm32f10x_tim.o(.ARM.exidx.text.TIM_UpdateDisableConfig), (8 bytes).
    Removing stm32f10x_tim.o(.text.TIM_UpdateRequestConfig), (18 bytes).
    Removing stm32f10x_tim.o(.ARM.exidx.text.TIM_UpdateRequestConfig), (8 bytes).
    Removing stm32f10x_tim.o(.text.TIM_SelectHallSensor), (18 bytes).
    Removing stm32f10x_tim.o(.ARM.exidx.text.TIM_SelectHallSensor), (8 bytes).
    Removing stm32f10x_tim.o(.text.TIM_SelectOnePulseMode), (16 bytes).
    Removing stm32f10x_tim.o(.ARM.exidx.text.TIM_SelectOnePulseMode), (8 bytes).
    Removing stm32f10x_tim.o(.text.TIM_SelectOutputTrigger), (16 bytes).
    Removing stm32f10x_tim.o(.ARM.exidx.text.TIM_SelectOutputTrigger), (8 bytes).
    Removing stm32f10x_tim.o(.text.TIM_SelectSlaveMode), (16 bytes).
    Removing stm32f10x_tim.o(.ARM.exidx.text.TIM_SelectSlaveMode), (8 bytes).
    Removing stm32f10x_tim.o(.text.TIM_SelectMasterSlaveMode), (16 bytes).
    Removing stm32f10x_tim.o(.ARM.exidx.text.TIM_SelectMasterSlaveMode), (8 bytes).
    Removing stm32f10x_tim.o(.text.TIM_SetCounter), (4 bytes).
    Removing stm32f10x_tim.o(.ARM.exidx.text.TIM_SetCounter), (8 bytes).
    Removing stm32f10x_tim.o(.text.TIM_SetAutoreload), (4 bytes).
    Removing stm32f10x_tim.o(.ARM.exidx.text.TIM_SetAutoreload), (8 bytes).
    Removing stm32f10x_tim.o(.text.TIM_SetCompare1), (4 bytes).
    Removing stm32f10x_tim.o(.ARM.exidx.text.TIM_SetCompare1), (8 bytes).
    Removing stm32f10x_tim.o(.text.TIM_SetCompare2), (4 bytes).
    Removing stm32f10x_tim.o(.ARM.exidx.text.TIM_SetCompare2), (8 bytes).
    Removing stm32f10x_tim.o(.text.TIM_SetCompare3), (4 bytes).
    Removing stm32f10x_tim.o(.ARM.exidx.text.TIM_SetCompare3), (8 bytes).
    Removing stm32f10x_tim.o(.text.TIM_SetCompare4), (6 bytes).
    Removing stm32f10x_tim.o(.ARM.exidx.text.TIM_SetCompare4), (8 bytes).
    Removing stm32f10x_tim.o(.text.TIM_SetClockDivision), (16 bytes).
    Removing stm32f10x_tim.o(.ARM.exidx.text.TIM_SetClockDivision), (8 bytes).
    Removing stm32f10x_tim.o(.text.TIM_GetCapture1), (4 bytes).
    Removing stm32f10x_tim.o(.ARM.exidx.text.TIM_GetCapture1), (8 bytes).
    Removing stm32f10x_tim.o(.text.TIM_GetCapture2), (4 bytes).
    Removing stm32f10x_tim.o(.ARM.exidx.text.TIM_GetCapture2), (8 bytes).
    Removing stm32f10x_tim.o(.text.TIM_GetCapture3), (4 bytes).
    Removing stm32f10x_tim.o(.ARM.exidx.text.TIM_GetCapture3), (8 bytes).
    Removing stm32f10x_tim.o(.text.TIM_GetCapture4), (6 bytes).
    Removing stm32f10x_tim.o(.ARM.exidx.text.TIM_GetCapture4), (8 bytes).
    Removing stm32f10x_tim.o(.text.TIM_GetCounter), (4 bytes).
    Removing stm32f10x_tim.o(.ARM.exidx.text.TIM_GetCounter), (8 bytes).
    Removing stm32f10x_tim.o(.text.TIM_GetPrescaler), (4 bytes).
    Removing stm32f10x_tim.o(.ARM.exidx.text.TIM_GetPrescaler), (8 bytes).
    Removing stm32f10x_tim.o(.text.TIM_GetFlagStatus), (10 bytes).
    Removing stm32f10x_tim.o(.ARM.exidx.text.TIM_GetFlagStatus), (8 bytes).
    Removing stm32f10x_tim.o(.text.TIM_ClearFlag), (6 bytes).
    Removing stm32f10x_tim.o(.ARM.exidx.text.TIM_ClearFlag), (8 bytes).
    Removing stm32f10x_tim.o(.text.TIM_GetITStatus), (20 bytes).
    Removing stm32f10x_tim.o(.ARM.exidx.text.TIM_GetITStatus), (8 bytes).
    Removing stm32f10x_tim.o(.text.TIM_ClearITPendingBit), (6 bytes).
    Removing stm32f10x_tim.o(.ARM.exidx.text.TIM_ClearITPendingBit), (8 bytes).
    Removing stm32f10x_usart.o(.text), (0 bytes).
    Removing stm32f10x_usart.o(.text.USART_DeInit), (174 bytes).
    Removing stm32f10x_usart.o(.ARM.exidx.text.USART_DeInit), (8 bytes).
    Removing stm32f10x_usart.o(.ARM.exidx.text.USART_Init), (8 bytes).
    Removing stm32f10x_usart.o(.text.USART_StructInit), (18 bytes).
    Removing stm32f10x_usart.o(.ARM.exidx.text.USART_StructInit), (8 bytes).
    Removing stm32f10x_usart.o(.text.USART_ClockInit), (34 bytes).
    Removing stm32f10x_usart.o(.ARM.exidx.text.USART_ClockInit), (8 bytes).
    Removing stm32f10x_usart.o(.text.USART_ClockStructInit), (8 bytes).
    Removing stm32f10x_usart.o(.ARM.exidx.text.USART_ClockStructInit), (8 bytes).
    Removing stm32f10x_usart.o(.ARM.exidx.text.USART_Cmd), (8 bytes).
    Removing stm32f10x_usart.o(.ARM.exidx.text.USART_ITConfig), (8 bytes).
    Removing stm32f10x_usart.o(.text.USART_DMACmd), (16 bytes).
    Removing stm32f10x_usart.o(.ARM.exidx.text.USART_DMACmd), (8 bytes).
    Removing stm32f10x_usart.o(.text.USART_SetAddress), (16 bytes).
    Removing stm32f10x_usart.o(.ARM.exidx.text.USART_SetAddress), (8 bytes).
    Removing stm32f10x_usart.o(.text.USART_WakeUpConfig), (16 bytes).
    Removing stm32f10x_usart.o(.ARM.exidx.text.USART_WakeUpConfig), (8 bytes).
    Removing stm32f10x_usart.o(.text.USART_ReceiverWakeUpCmd), (18 bytes).
    Removing stm32f10x_usart.o(.ARM.exidx.text.USART_ReceiverWakeUpCmd), (8 bytes).
    Removing stm32f10x_usart.o(.text.USART_LINBreakDetectLengthConfig), (16 bytes).
    Removing stm32f10x_usart.o(.ARM.exidx.text.USART_LINBreakDetectLengthConfig), (8 bytes).
    Removing stm32f10x_usart.o(.text.USART_LINCmd), (18 bytes).
    Removing stm32f10x_usart.o(.ARM.exidx.text.USART_LINCmd), (8 bytes).
    Removing stm32f10x_usart.o(.ARM.exidx.text.USART_SendData), (8 bytes).
    Removing stm32f10x_usart.o(.ARM.exidx.text.USART_ReceiveData), (8 bytes).
    Removing stm32f10x_usart.o(.text.USART_SendBreak), (10 bytes).
    Removing stm32f10x_usart.o(.ARM.exidx.text.USART_SendBreak), (8 bytes).
    Removing stm32f10x_usart.o(.text.USART_SetGuardTime), (16 bytes).
    Removing stm32f10x_usart.o(.ARM.exidx.text.USART_SetGuardTime), (8 bytes).
    Removing stm32f10x_usart.o(.text.USART_SetPrescaler), (16 bytes).
    Removing stm32f10x_usart.o(.ARM.exidx.text.USART_SetPrescaler), (8 bytes).
    Removing stm32f10x_usart.o(.text.USART_SmartCardCmd), (18 bytes).
    Removing stm32f10x_usart.o(.ARM.exidx.text.USART_SmartCardCmd), (8 bytes).
    Removing stm32f10x_usart.o(.text.USART_SmartCardNACKCmd), (18 bytes).
    Removing stm32f10x_usart.o(.ARM.exidx.text.USART_SmartCardNACKCmd), (8 bytes).
    Removing stm32f10x_usart.o(.text.USART_HalfDuplexCmd), (18 bytes).
    Removing stm32f10x_usart.o(.ARM.exidx.text.USART_HalfDuplexCmd), (8 bytes).
    Removing stm32f10x_usart.o(.text.USART_OverSampling8Cmd), (20 bytes).
    Removing stm32f10x_usart.o(.ARM.exidx.text.USART_OverSampling8Cmd), (8 bytes).
    Removing stm32f10x_usart.o(.text.USART_OneBitMethodCmd), (18 bytes).
    Removing stm32f10x_usart.o(.ARM.exidx.text.USART_OneBitMethodCmd), (8 bytes).
    Removing stm32f10x_usart.o(.text.USART_IrDAConfig), (16 bytes).
    Removing stm32f10x_usart.o(.ARM.exidx.text.USART_IrDAConfig), (8 bytes).
    Removing stm32f10x_usart.o(.text.USART_IrDACmd), (18 bytes).
    Removing stm32f10x_usart.o(.ARM.exidx.text.USART_IrDACmd), (8 bytes).
    Removing stm32f10x_usart.o(.ARM.exidx.text.USART_GetFlagStatus), (8 bytes).
    Removing stm32f10x_usart.o(.text.USART_ClearFlag), (6 bytes).
    Removing stm32f10x_usart.o(.ARM.exidx.text.USART_ClearFlag), (8 bytes).
    Removing stm32f10x_usart.o(.ARM.exidx.text.USART_GetITStatus), (8 bytes).
    Removing stm32f10x_usart.o(.text.USART_ClearITPendingBit), (14 bytes).
    Removing stm32f10x_usart.o(.ARM.exidx.text.USART_ClearITPendingBit), (8 bytes).
    Removing gpio_stm32f10x.o(.text), (0 bytes).
    Removing gpio_stm32f10x.o(.text.GPIO_PortClock), (334 bytes).
    Removing gpio_stm32f10x.o(.ARM.exidx.text.GPIO_PortClock), (8 bytes).
    Removing gpio_stm32f10x.o(.text.GPIO_GetPortClockState), (72 bytes).
    Removing gpio_stm32f10x.o(.ARM.exidx.text.GPIO_GetPortClockState), (8 bytes).
    Removing gpio_stm32f10x.o(.text.GPIO_PinConfigure), (124 bytes).
    Removing gpio_stm32f10x.o(.ARM.exidx.text.GPIO_PinConfigure), (8 bytes).
    Removing gpio_stm32f10x.o(.text.GPIO_AFConfigure), (124 bytes).
    Removing gpio_stm32f10x.o(.ARM.exidx.text.GPIO_AFConfigure), (8 bytes).
    Removing system_stm32f10x.o(.text), (0 bytes).
    Removing system_stm32f10x.o(.ARM.exidx.text.SystemInit), (8 bytes).
    Removing system_stm32f10x.o(.ARM.exidx.text.SetSysClock), (8 bytes).
    Removing system_stm32f10x.o(.text.SystemCoreClockUpdate), (110 bytes).
    Removing system_stm32f10x.o(.ARM.exidx.text.SystemCoreClockUpdate), (8 bytes).
    Removing system_stm32f10x.o(.ARM.exidx.text.SetSysClockTo72), (8 bytes).
    Removing system_stm32f10x.o(.rodata.AHBPrescTable), (16 bytes).

452 unused section(s) (total 9365 bytes) removed from the image.

==============================================================================

Image Symbol Table

    Local Symbols

    Symbol Name                              Value     Ov Type        Size  Object(Section)

    ../clib/angel/boardlib.s                 0x00000000   Number         0  boardinit1.o ABSOLUTE
    ../clib/angel/boardlib.s                 0x00000000   Number         0  boardinit2.o ABSOLUTE
    ../clib/angel/boardlib.s                 0x00000000   Number         0  boardinit3.o ABSOLUTE
    ../clib/angel/boardlib.s                 0x00000000   Number         0  boardshut.o ABSOLUTE
    ../clib/angel/handlers.s                 0x00000000   Number         0  __scatter_copy.o ABSOLUTE
    ../clib/angel/handlers.s                 0x00000000   Number         0  __scatter_zi.o ABSOLUTE
    ../clib/angel/kernel.s                   0x00000000   Number         0  __rtentry.o ABSOLUTE
    ../clib/angel/kernel.s                   0x00000000   Number         0  __rtentry2.o ABSOLUTE
    ../clib/angel/kernel.s                   0x00000000   Number         0  __rtentry4.o ABSOLUTE
    ../clib/angel/kernel.s                   0x00000000   Number         0  rtexit.o ABSOLUTE
    ../clib/angel/kernel.s                   0x00000000   Number         0  rtexit2.o ABSOLUTE
    ../clib/angel/rt.s                       0x00000000   Number         0  rt_raise.o ABSOLUTE
    ../clib/angel/scatter.s                  0x00000000   Number         0  __scatter.o ABSOLUTE
    ../clib/angel/startup.s                  0x00000000   Number         0  __main.o ABSOLUTE
    ../clib/angel/sys.s                      0x00000000   Number         0  sys_stackheap_outer.o ABSOLUTE
    ../clib/angel/sys.s                      0x00000000   Number         0  libspace.o ABSOLUTE
    ../clib/angel/sys.s                      0x00000000   Number         0  use_no_semi.o ABSOLUTE
    ../clib/angel/sys.s                      0x00000000   Number         0  indicate_semi.o ABSOLUTE
    ../clib/angel/sysapp.c                   0x00000000   Number         0  sys_exit.o ABSOLUTE
    ../clib/angel/sysapp.c                   0x00000000   Number         0  sys_exit_hlt.o ABSOLUTE
    ../clib/angel/sysapp.c                   0x00000000   Number         0  sys_command.o ABSOLUTE
    ../clib/angel/sysapp.c                   0x00000000   Number         0  sys_command_hlt.o ABSOLUTE
    ../clib/angel/sysapp.c                   0x00000000   Number         0  sys_wrch.o ABSOLUTE
    ../clib/angel/sysapp.c                   0x00000000   Number         0  sys_wrch_hlt.o ABSOLUTE
    ../clib/armsys.c                         0x00000000   Number         0  argv_veneer.o ABSOLUTE
    ../clib/armsys.c                         0x00000000   Number         0  argv_veneer.o ABSOLUTE
    ../clib/armsys.c                         0x00000000   Number         0  _get_argv_nomalloc.o ABSOLUTE
    ../clib/armsys.c                         0x00000000   Number         0  no_argv.o ABSOLUTE
    ../clib/heapalloc.c                      0x00000000   Number         0  hrguard.o ABSOLUTE
    ../clib/heapaux.c                        0x00000000   Number         0  heapauxi.o ABSOLUTE
    ../clib/libinit.s                        0x00000000   Number         0  libinit.o ABSOLUTE
    ../clib/libinit.s                        0x00000000   Number         0  libinit2.o ABSOLUTE
    ../clib/libinit.s                        0x00000000   Number         0  libshutdown.o ABSOLUTE
    ../clib/libinit.s                        0x00000000   Number         0  libshutdown2.o ABSOLUTE
    ../clib/signal.c                         0x00000000   Number         0  defsig_rtmem_outer.o ABSOLUTE
    ../clib/signal.c                         0x00000000   Number         0  defsig_rtmem_formal.o ABSOLUTE
    ../clib/signal.c                         0x00000000   Number         0  defsig_exit.o ABSOLUTE
    ../clib/signal.c                         0x00000000   Number         0  defsig_rtmem_inner.o ABSOLUTE
    ../clib/signal.c                         0x00000000   Number         0  __raise.o ABSOLUTE
    ../clib/signal.c                         0x00000000   Number         0  defsig_general.o ABSOLUTE
    ../clib/signal.c                         0x00000000   Number         0  defsig_abrt_inner.o ABSOLUTE
    ../clib/signal.c                         0x00000000   Number         0  defsig_fpe_inner.o ABSOLUTE
    ../clib/signal.c                         0x00000000   Number         0  defsig_rtred_inner.o ABSOLUTE
    ../clib/signal.c                         0x00000000   Number         0  defsig_stak_inner.o ABSOLUTE
    ../clib/signal.c                         0x00000000   Number         0  defsig_pvfn_inner.o ABSOLUTE
    ../clib/signal.c                         0x00000000   Number         0  defsig_cppl_inner.o ABSOLUTE
    ../clib/signal.c                         0x00000000   Number         0  defsig_segv_inner.o ABSOLUTE
    ../clib/signal.c                         0x00000000   Number         0  defsig_other.o ABSOLUTE
    ../clib/signal.s                         0x00000000   Number         0  defsig.o ABSOLUTE
    ../clib/stdlib.c                         0x00000000   Number         0  exit.o ABSOLUTE
    ../fplib/faddsub.s                       0x00000000   Number         0  faddsub_clz.o ABSOLUTE
    ../fplib/fcmp.s                          0x00000000   Number         0  fcmp.o ABSOLUTE
    ../fplib/fcmpi.s                         0x00000000   Number         0  fcmpi.o ABSOLUTE
    ../fplib/feqf.s                          0x00000000   Number         0  feqf.o ABSOLUTE
    ../fplib/ffix.s                          0x00000000   Number         0  ffix.o ABSOLUTE
    ../fplib/fflt.s                          0x00000000   Number         0  fflt_clz.o ABSOLUTE
    ../fplib/fgeqf.s                         0x00000000   Number         0  fgeqf.o ABSOLUTE
    ../fplib/fleqf.s                         0x00000000   Number         0  fleqf.o ABSOLUTE
    ../fplib/fmul.s                          0x00000000   Number         0  fmul.o ABSOLUTE
    ../fplib/fnaninf.s                       0x00000000   Number         0  fnaninf.o ABSOLUTE
    ../fplib/fpinit.s                        0x00000000   Number         0  fpinit.o ABSOLUTE
    ../fplib/fpinit_empty.s                  0x00000000   Number         0  fpinit_empty.o ABSOLUTE
    ../fplib/fretinf.s                       0x00000000   Number         0  fretinf.o ABSOLUTE
    ../fplib/usenofp.s                       0x00000000   Number         0  usenofp.o ABSOLUTE
    GPIO_STM32F10x.c                         0x00000000   Number         0  gpio_stm32f10x.o ABSOLUTE
    RTE/Device/STM32F103C8/startup_stm32f10x_md.s 0x00000000   Number         0  startup_stm32f10x_md.o ABSOLUTE
    dc.s                                     0x00000000   Number         0  dc.o ABSOLUTE
    main.c                                   0x00000000   Number         0  main.o ABSOLUTE
    misc.c                                   0x00000000   Number         0  misc.o ABSOLUTE
    rc522.c                                  0x00000000   Number         0  rc522.o ABSOLUTE
    spi.c                                    0x00000000   Number         0  spi.o ABSOLUTE
    stm32f10x_gpio.c                         0x00000000   Number         0  stm32f10x_gpio.o ABSOLUTE
    stm32f10x_rcc.c                          0x00000000   Number         0  stm32f10x_rcc.o ABSOLUTE
    stm32f10x_spi.c                          0x00000000   Number         0  stm32f10x_spi.o ABSOLUTE
    stm32f10x_tim.c                          0x00000000   Number         0  stm32f10x_tim.o ABSOLUTE
    stm32f10x_usart.c                        0x00000000   Number         0  stm32f10x_usart.o ABSOLUTE
    system_stm32f10x.c                       0x00000000   Number         0  system_stm32f10x.o ABSOLUTE
    systick.c                                0x00000000   Number         0  systick.o ABSOLUTE
    uart.c                                   0x00000000   Number         0  uart.o ABSOLUTE
    RESET                                    0x08000000   Section      236  startup_stm32f10x_md.o(RESET)
    !!!main                                  0x080000ec   Section        8  __main.o(!!!main)
    !!!scatter                               0x080000f4   Section       52  __scatter.o(!!!scatter)
    !!handler_copy                           0x08000128   Section       26  __scatter_copy.o(!!handler_copy)
    !!handler_zi                             0x08000144   Section       28  __scatter_zi.o(!!handler_zi)
    .ARM.Collect$$libinit$$00000000          0x08000160   Section        2  libinit.o(.ARM.Collect$$libinit$$00000000)
    .ARM.Collect$$libinit$$00000002          0x08000162   Section        0  libinit2.o(.ARM.Collect$$libinit$$00000002)
    .ARM.Collect$$libinit$$00000004          0x08000162   Section        0  libinit2.o(.ARM.Collect$$libinit$$00000004)
    .ARM.Collect$$libinit$$0000000A          0x08000162   Section        0  libinit2.o(.ARM.Collect$$libinit$$0000000A)
    .ARM.Collect$$libinit$$0000000C          0x08000162   Section        0  libinit2.o(.ARM.Collect$$libinit$$0000000C)
    .ARM.Collect$$libinit$$0000000E          0x08000162   Section        0  libinit2.o(.ARM.Collect$$libinit$$0000000E)
    .ARM.Collect$$libinit$$00000011          0x08000162   Section        0  libinit2.o(.ARM.Collect$$libinit$$00000011)
    .ARM.Collect$$libinit$$00000013          0x08000162   Section        0  libinit2.o(.ARM.Collect$$libinit$$00000013)
    .ARM.Collect$$libinit$$00000015          0x08000162   Section        0  libinit2.o(.ARM.Collect$$libinit$$00000015)
    .ARM.Collect$$libinit$$00000017          0x08000162   Section        0  libinit2.o(.ARM.Collect$$libinit$$00000017)
    .ARM.Collect$$libinit$$00000019          0x08000162   Section        0  libinit2.o(.ARM.Collect$$libinit$$00000019)
    .ARM.Collect$$libinit$$0000001B          0x08000162   Section        0  libinit2.o(.ARM.Collect$$libinit$$0000001B)
    .ARM.Collect$$libinit$$0000001D          0x08000162   Section        0  libinit2.o(.ARM.Collect$$libinit$$0000001D)
    .ARM.Collect$$libinit$$0000001F          0x08000162   Section        0  libinit2.o(.ARM.Collect$$libinit$$0000001F)
    .ARM.Collect$$libinit$$00000021          0x08000162   Section        0  libinit2.o(.ARM.Collect$$libinit$$00000021)
    .ARM.Collect$$libinit$$00000023          0x08000162   Section        0  libinit2.o(.ARM.Collect$$libinit$$00000023)
    .ARM.Collect$$libinit$$00000025          0x08000162   Section        0  libinit2.o(.ARM.Collect$$libinit$$00000025)
    .ARM.Collect$$libinit$$0000002C          0x08000162   Section        0  libinit2.o(.ARM.Collect$$libinit$$0000002C)
    .ARM.Collect$$libinit$$0000002E          0x08000162   Section        0  libinit2.o(.ARM.Collect$$libinit$$0000002E)
    .ARM.Collect$$libinit$$00000030          0x08000162   Section        0  libinit2.o(.ARM.Collect$$libinit$$00000030)
    .ARM.Collect$$libinit$$00000032          0x08000162   Section        0  libinit2.o(.ARM.Collect$$libinit$$00000032)
    .ARM.Collect$$libinit$$00000033          0x08000162   Section        2  libinit2.o(.ARM.Collect$$libinit$$00000033)
    .ARM.Collect$$libshutdown$$00000000      0x08000164   Section        2  libshutdown.o(.ARM.Collect$$libshutdown$$00000000)
    .ARM.Collect$$libshutdown$$00000002      0x08000166   Section        0  libshutdown2.o(.ARM.Collect$$libshutdown$$00000002)
    .ARM.Collect$$libshutdown$$00000004      0x08000166   Section        0  libshutdown2.o(.ARM.Collect$$libshutdown$$00000004)
    .ARM.Collect$$libshutdown$$00000007      0x08000166   Section        0  libshutdown2.o(.ARM.Collect$$libshutdown$$00000007)
    .ARM.Collect$$libshutdown$$0000000A      0x08000166   Section        0  libshutdown2.o(.ARM.Collect$$libshutdown$$0000000A)
    .ARM.Collect$$libshutdown$$0000000C      0x08000166   Section        0  libshutdown2.o(.ARM.Collect$$libshutdown$$0000000C)
    .ARM.Collect$$libshutdown$$0000000F      0x08000166   Section        0  libshutdown2.o(.ARM.Collect$$libshutdown$$0000000F)
    .ARM.Collect$$libshutdown$$00000010      0x08000166   Section        2  libshutdown2.o(.ARM.Collect$$libshutdown$$00000010)
    .ARM.Collect$$rtentry$$00000000          0x08000168   Section        0  __rtentry.o(.ARM.Collect$$rtentry$$00000000)
    .ARM.Collect$$rtentry$$00000002          0x08000168   Section        0  __rtentry2.o(.ARM.Collect$$rtentry$$00000002)
    .ARM.Collect$$rtentry$$00000004          0x08000168   Section        6  __rtentry4.o(.ARM.Collect$$rtentry$$00000004)
    .ARM.Collect$$rtentry$$00000009          0x0800016e   Section        0  __rtentry2.o(.ARM.Collect$$rtentry$$00000009)
    .ARM.Collect$$rtentry$$0000000A          0x0800016e   Section        4  __rtentry2.o(.ARM.Collect$$rtentry$$0000000A)
    .ARM.Collect$$rtentry$$0000000C          0x08000172   Section        0  __rtentry2.o(.ARM.Collect$$rtentry$$0000000C)
    .ARM.Collect$$rtentry$$0000000D          0x08000172   Section        8  __rtentry2.o(.ARM.Collect$$rtentry$$0000000D)
    .ARM.Collect$$rtexit$$00000000           0x0800017a   Section        2  rtexit.o(.ARM.Collect$$rtexit$$00000000)
    .ARM.Collect$$rtexit$$00000002           0x0800017c   Section        0  rtexit2.o(.ARM.Collect$$rtexit$$00000002)
    .ARM.Collect$$rtexit$$00000003           0x0800017c   Section        4  rtexit2.o(.ARM.Collect$$rtexit$$00000003)
    .ARM.Collect$$rtexit$$00000004           0x08000180   Section        6  rtexit2.o(.ARM.Collect$$rtexit$$00000004)
    .text                                    0x08000188   Section       64  startup_stm32f10x_md.o(.text)
    .text                                    0x080001c8   Section        0  heapauxi.o(.text)
    .text                                    0x080001ce   Section       74  sys_stackheap_outer.o(.text)
    .text                                    0x08000218   Section        0  exit.o(.text)
    .text                                    0x0800022c   Section        8  libspace.o(.text)
    .text                                    0x08000234   Section        0  sys_exit.o(.text)
    .text                                    0x08000240   Section        2  use_no_semi.o(.text)
    .text                                    0x08000242   Section        0  indicate_semi.o(.text)
    [Anonymous Symbol]                       0x08000244   Section        0  systick.o(.text.Delay_ms)
    [Anonymous Symbol]                       0x0800025c   Section        0  stm32f10x_gpio.o(.text.GPIO_Init)
    [Anonymous Symbol]                       0x0800030c   Section        0  stm32f10x_gpio.o(.text.GPIO_ResetBits)
    [Anonymous Symbol]                       0x08000310   Section        0  stm32f10x_gpio.o(.text.GPIO_SetBits)
    PrintUID                                 0x08000315   Thumb Code   110  main.o(.text.PrintUID)
    [Anonymous Symbol]                       0x08000314   Section        0  main.o(.text.PrintUID)
    [Anonymous Symbol]                       0x08000384   Section        0  rc522.o(.text.RC522_AntennaOn)
    [Anonymous Symbol]                       0x0800039c   Section        0  rc522.o(.text.RC522_Anticoll)
    [Anonymous Symbol]                       0x080003f0   Section        0  rc522.o(.text.RC522_Auth)
    [Anonymous Symbol]                       0x08000424   Section        0  rc522.o(.text.RC522_Halt)
    [Anonymous Symbol]                       0x0800045c   Section        0  rc522.o(.text.RC522_Init)
    [Anonymous Symbol]                       0x080004e8   Section        0  rc522.o(.text.RC522_IsCardPresent)
    [Anonymous Symbol]                       0x08000508   Section        0  rc522.o(.text.RC522_ReadBlock)
    [Anonymous Symbol]                       0x08000554   Section        0  rc522.o(.text.RC522_Request)
    [Anonymous Symbol]                       0x08000594   Section        0  rc522.o(.text.RC522_SelectTag)
    [Anonymous Symbol]                       0x080005ec   Section        0  stm32f10x_rcc.o(.text.RCC_APB2PeriphClockCmd)
    [Anonymous Symbol]                       0x08000604   Section        0  stm32f10x_rcc.o(.text.RCC_GetClocksFreq)
    [Anonymous Symbol]                       0x080006a4   Section        0  spi.o(.text.SPI1_Config)
    [Anonymous Symbol]                       0x08000744   Section        0  spi.o(.text.SPI1_ReadReg)
    [Anonymous Symbol]                       0x08000778   Section        0  spi.o(.text.SPI1_TransmitReceive)
    [Anonymous Symbol]                       0x080007b0   Section        0  spi.o(.text.SPI1_WriteReg)
    [Anonymous Symbol]                       0x080007e0   Section        0  stm32f10x_spi.o(.text.SPI_Cmd)
    [Anonymous Symbol]                       0x080007f4   Section        0  stm32f10x_spi.o(.text.SPI_I2S_GetFlagStatus)
    [Anonymous Symbol]                       0x08000800   Section        0  stm32f10x_spi.o(.text.SPI_I2S_ReceiveData)
    [Anonymous Symbol]                       0x08000804   Section        0  stm32f10x_spi.o(.text.SPI_I2S_SendData)
    [Anonymous Symbol]                       0x08000808   Section        0  stm32f10x_spi.o(.text.SPI_Init)
    [Anonymous Symbol]                       0x08000850   Section        0  stm32f10x_spi.o(.text.SPI_NSSInternalSoftwareConfig)
    SetSysClock                              0x08000869   Thumb Code     8  system_stm32f10x.o(.text.SetSysClock)
    [Anonymous Symbol]                       0x08000868   Section        0  system_stm32f10x.o(.text.SetSysClock)
    SetSysClockTo72                          0x08000871   Thumb Code   190  system_stm32f10x.o(.text.SetSysClockTo72)
    [Anonymous Symbol]                       0x08000870   Section        0  system_stm32f10x.o(.text.SetSysClockTo72)
    SysTick_Config                           0x08000931   Thumb Code    36  systick.o(.text.SysTick_Config)
    [Anonymous Symbol]                       0x08000930   Section        0  systick.o(.text.SysTick_Config)
    [Anonymous Symbol]                       0x08000954   Section        0  systick.o(.text.SysTick_Handler)
    [Anonymous Symbol]                       0x08000964   Section        0  systick.o(.text.SysTick_Init)
    [Anonymous Symbol]                       0x08000984   Section        0  system_stm32f10x.o(.text.SystemInit)
    [Anonymous Symbol]                       0x080009dc   Section        0  uart.o(.text.USART1_IRQHandler)
    [Anonymous Symbol]                       0x08000a54   Section        0  stm32f10x_usart.o(.text.USART_Cmd)
    [Anonymous Symbol]                       0x08000a68   Section        0  stm32f10x_usart.o(.text.USART_GetFlagStatus)
    [Anonymous Symbol]                       0x08000a74   Section        0  stm32f10x_usart.o(.text.USART_GetITStatus)
    [Anonymous Symbol]                       0x08000ab0   Section        0  stm32f10x_usart.o(.text.USART_ITConfig)
    [Anonymous Symbol]                       0x08000ae0   Section        0  stm32f10x_usart.o(.text.USART_Init)
    [Anonymous Symbol]                       0x08000b94   Section        0  stm32f10x_usart.o(.text.USART_ReceiveData)
    [Anonymous Symbol]                       0x08000b9c   Section        0  stm32f10x_usart.o(.text.USART_SendData)
    [Anonymous Symbol]                       0x08000ba4   Section        0  uart.o(.text.Uart_Gpio_TxRx_Init)
    [Anonymous Symbol]                       0x08000be4   Section        0  uart.o(.text.Uart_Init)
    [Anonymous Symbol]                       0x08000c34   Section        0  uart.o(.text.Uart_ReadChar)
    [Anonymous Symbol]                       0x08000c44   Section        0  uart.o(.text.Uart_SendChar)
    [Anonymous Symbol]                       0x08000c68   Section        0  uart.o(.text.Uart_SendStr)
    _CalcCRC                                 0x08000c9d   Thumb Code    98  rc522.o(.text._CalcCRC)
    [Anonymous Symbol]                       0x08000c9c   Section        0  rc522.o(.text._CalcCRC)
    _ClearBitMask                            0x08000d01   Thumb Code    22  rc522.o(.text._ClearBitMask)
    [Anonymous Symbol]                       0x08000d00   Section        0  rc522.o(.text._ClearBitMask)
    _SetBitMask                              0x08000d19   Thumb Code    22  rc522.o(.text._SetBitMask)
    [Anonymous Symbol]                       0x08000d18   Section        0  rc522.o(.text._SetBitMask)
    _ToCard                                  0x08000d31   Thumb Code   280  rc522.o(.text._ToCard)
    [Anonymous Symbol]                       0x08000d30   Section        0  rc522.o(.text._ToCard)
    __NVIC_EnableIRQ                         0x08000e49   Thumb Code    14  uart.o(.text.__NVIC_EnableIRQ)
    [Anonymous Symbol]                       0x08000e48   Section        0  uart.o(.text.__NVIC_EnableIRQ)
    __NVIC_SetPriority                       0x08000e59   Thumb Code    14  systick.o(.text.__NVIC_SetPriority)
    [Anonymous Symbol]                       0x08000e58   Section        0  systick.o(.text.__NVIC_SetPriority)
    [Anonymous Symbol]                       0x08000e68   Section        0  main.o(.text.main)
    ADCPrescTable                            0x080010a4   Data           4  stm32f10x_rcc.o(.rodata.ADCPrescTable)
    [Anonymous Symbol]                       0x080010a4   Section        0  stm32f10x_rcc.o(.rodata.ADCPrescTable)
    APBAHBPrescTable                         0x080010a8   Data          16  stm32f10x_rcc.o(.rodata.APBAHBPrescTable)
    [Anonymous Symbol]                       0x080010a8   Section        0  stm32f10x_rcc.o(.rodata.APBAHBPrescTable)
    .L.str.8                                 0x080010b8   Data          15  main.o(.rodata.str1.1)
    [Anonymous Symbol]                       0x080010b8   Section        0  main.o(.rodata.str1.1)
    .L.str.10                                0x080010c7   Data          22  main.o(.rodata.str1.1)
    .L.str.2                                 0x080010dd   Data          29  main.o(.rodata.str1.1)
    .L.str.5                                 0x080010fa   Data          45  main.o(.rodata.str1.1)
    .L.str.7                                 0x08001124   Data           3  main.o(.rodata.str1.1)
    .bss                                     0x20000008   Section       96  libspace.o(.bss)
    count                                    0x20000068   Data           4  uart.o(.bss.count)
    [Anonymous Symbol]                       0x20000068   Section        0  uart.o(.bss.count)
    s_tick                                   0x200000d4   Data           4  systick.o(.bss.s_tick)
    [Anonymous Symbol]                       0x200000d4   Section        0  systick.o(.bss.s_tick)
    Heap_Mem                                 0x200000d8   Data         512  startup_stm32f10x_md.o(HEAP)
    HEAP                                     0x200000d8   Section      512  startup_stm32f10x_md.o(HEAP)
    Stack_Mem                                0x200002d8   Data        1024  startup_stm32f10x_md.o(STACK)
    STACK                                    0x200002d8   Section     1024  startup_stm32f10x_md.o(STACK)
    __initial_sp                             0x200006d8   Data           0  startup_stm32f10x_md.o(STACK)

    Global Symbols

    Symbol Name                              Value     Ov Type        Size  Object(Section)

    BuildAttributes$$THM_ISAv4$P$D$K$B$S$PE$A:L22UL41UL21$X:L11$S22US41US21$IEEE1$IW$~IW$USESV6$~STKCKD$USESV7$~SHL$OTIME$ROPI$EBA8$UX$STANDARDLIB$REQ8$PRES8$EABIv2 0x00000000   Number         0  anon$$obj.o ABSOLUTE
    __fp_init_empty                          0x00000000   Number         0  fpinit_empty.o ABSOLUTE
    __ARM_exceptions_init                     - Undefined Weak Reference
    __alloca_initialize                       - Undefined Weak Reference
    __arm_preinit_                            - Undefined Weak Reference
    __cpp_initialize__aeabi_                  - Undefined Weak Reference
    __cxa_finalize                            - Undefined Weak Reference
    __rt_locale                               - Undefined Weak Reference
    __sigvec_lookup                           - Undefined Weak Reference
    _atexit_init                              - Undefined Weak Reference
    _call_atexit_fns                          - Undefined Weak Reference
    _clock_init                               - Undefined Weak Reference
    _fp_trap_init                             - Undefined Weak Reference
    _fp_trap_shutdown                         - Undefined Weak Reference
    _get_lc_collate                           - Undefined Weak Reference
    _get_lc_ctype                             - Undefined Weak Reference
    _get_lc_monetary                          - Undefined Weak Reference
    _get_lc_numeric                           - Undefined Weak Reference
    _get_lc_time                              - Undefined Weak Reference
    _getenv_init                              - Undefined Weak Reference
    _handle_redirection                       - Undefined Weak Reference
    _init_alloc                               - Undefined Weak Reference
    _init_user_alloc                          - Undefined Weak Reference
    _initio                                   - Undefined Weak Reference
    _rand_init                                - Undefined Weak Reference
    _signal_finish                            - Undefined Weak Reference
    _signal_init                              - Undefined Weak Reference
    _terminate_alloc                          - Undefined Weak Reference
    _terminate_user_alloc                     - Undefined Weak Reference
    _terminateio                              - Undefined Weak Reference
    __Vectors_Size                           0x000000ec   Number         0  startup_stm32f10x_md.o ABSOLUTE
    __Vectors                                0x08000000   Data           4  startup_stm32f10x_md.o(RESET)
    __Vectors_End                            0x080000ec   Data           0  startup_stm32f10x_md.o(RESET)
    __main                                   0x080000ed   Thumb Code     8  __main.o(!!!main)
    __scatterload                            0x080000f5   Thumb Code     0  __scatter.o(!!!scatter)
    __scatterload_rt2                        0x080000f5   Thumb Code    44  __scatter.o(!!!scatter)
    __scatterload_rt2_thumb_only             0x080000f5   Thumb Code     0  __scatter.o(!!!scatter)
    __scatterload_null                       0x08000103   Thumb Code     0  __scatter.o(!!!scatter)
    __scatterload_copy                       0x08000129   Thumb Code    26  __scatter_copy.o(!!handler_copy)
    __scatterload_zeroinit                   0x08000145   Thumb Code    28  __scatter_zi.o(!!handler_zi)
    __rt_lib_init                            0x08000161   Thumb Code     0  libinit.o(.ARM.Collect$$libinit$$00000000)
    __rt_lib_init_alloca_1                   0x08000163   Thumb Code     0  libinit2.o(.ARM.Collect$$libinit$$0000002E)
    __rt_lib_init_argv_1                     0x08000163   Thumb Code     0  libinit2.o(.ARM.Collect$$libinit$$0000002C)
    __rt_lib_init_atexit_1                   0x08000163   Thumb Code     0  libinit2.o(.ARM.Collect$$libinit$$0000001B)
    __rt_lib_init_clock_1                    0x08000163   Thumb Code     0  libinit2.o(.ARM.Collect$$libinit$$00000021)
    __rt_lib_init_cpp_1                      0x08000163   Thumb Code     0  libinit2.o(.ARM.Collect$$libinit$$00000032)
    __rt_lib_init_exceptions_1               0x08000163   Thumb Code     0  libinit2.o(.ARM.Collect$$libinit$$00000030)
    __rt_lib_init_fp_1                       0x08000163   Thumb Code     0  libinit2.o(.ARM.Collect$$libinit$$00000002)
    __rt_lib_init_fp_trap_1                  0x08000163   Thumb Code     0  libinit2.o(.ARM.Collect$$libinit$$0000001F)
    __rt_lib_init_getenv_1                   0x08000163   Thumb Code     0  libinit2.o(.ARM.Collect$$libinit$$00000023)
    __rt_lib_init_heap_1                     0x08000163   Thumb Code     0  libinit2.o(.ARM.Collect$$libinit$$0000000A)
    __rt_lib_init_lc_collate_1               0x08000163   Thumb Code     0  libinit2.o(.ARM.Collect$$libinit$$00000011)
    __rt_lib_init_lc_ctype_1                 0x08000163   Thumb Code     0  libinit2.o(.ARM.Collect$$libinit$$00000013)
    __rt_lib_init_lc_monetary_1              0x08000163   Thumb Code     0  libinit2.o(.ARM.Collect$$libinit$$00000015)
    __rt_lib_init_lc_numeric_1               0x08000163   Thumb Code     0  libinit2.o(.ARM.Collect$$libinit$$00000017)
    __rt_lib_init_lc_time_1                  0x08000163   Thumb Code     0  libinit2.o(.ARM.Collect$$libinit$$00000019)
    __rt_lib_init_preinit_1                  0x08000163   Thumb Code     0  libinit2.o(.ARM.Collect$$libinit$$00000004)
    __rt_lib_init_rand_1                     0x08000163   Thumb Code     0  libinit2.o(.ARM.Collect$$libinit$$0000000E)
    __rt_lib_init_return                     0x08000163   Thumb Code     0  libinit2.o(.ARM.Collect$$libinit$$00000033)
    __rt_lib_init_signal_1                   0x08000163   Thumb Code     0  libinit2.o(.ARM.Collect$$libinit$$0000001D)
    __rt_lib_init_stdio_1                    0x08000163   Thumb Code     0  libinit2.o(.ARM.Collect$$libinit$$00000025)
    __rt_lib_init_user_alloc_1               0x08000163   Thumb Code     0  libinit2.o(.ARM.Collect$$libinit$$0000000C)
    __rt_lib_shutdown                        0x08000165   Thumb Code     0  libshutdown.o(.ARM.Collect$$libshutdown$$00000000)
    __rt_lib_shutdown_cpp_1                  0x08000167   Thumb Code     0  libshutdown2.o(.ARM.Collect$$libshutdown$$00000002)
    __rt_lib_shutdown_fp_trap_1              0x08000167   Thumb Code     0  libshutdown2.o(.ARM.Collect$$libshutdown$$00000007)
    __rt_lib_shutdown_heap_1                 0x08000167   Thumb Code     0  libshutdown2.o(.ARM.Collect$$libshutdown$$0000000F)
    __rt_lib_shutdown_return                 0x08000167   Thumb Code     0  libshutdown2.o(.ARM.Collect$$libshutdown$$00000010)
    __rt_lib_shutdown_signal_1               0x08000167   Thumb Code     0  libshutdown2.o(.ARM.Collect$$libshutdown$$0000000A)
    __rt_lib_shutdown_stdio_1                0x08000167   Thumb Code     0  libshutdown2.o(.ARM.Collect$$libshutdown$$00000004)
    __rt_lib_shutdown_user_alloc_1           0x08000167   Thumb Code     0  libshutdown2.o(.ARM.Collect$$libshutdown$$0000000C)
    __rt_entry                               0x08000169   Thumb Code     0  __rtentry.o(.ARM.Collect$$rtentry$$00000000)
    __rt_entry_presh_1                       0x08000169   Thumb Code     0  __rtentry2.o(.ARM.Collect$$rtentry$$00000002)
    __rt_entry_sh                            0x08000169   Thumb Code     0  __rtentry4.o(.ARM.Collect$$rtentry$$00000004)
    __rt_entry_li                            0x0800016f   Thumb Code     0  __rtentry2.o(.ARM.Collect$$rtentry$$0000000A)
    __rt_entry_postsh_1                      0x0800016f   Thumb Code     0  __rtentry2.o(.ARM.Collect$$rtentry$$00000009)
    __rt_entry_main                          0x08000173   Thumb Code     0  __rtentry2.o(.ARM.Collect$$rtentry$$0000000D)
    __rt_entry_postli_1                      0x08000173   Thumb Code     0  __rtentry2.o(.ARM.Collect$$rtentry$$0000000C)
    __rt_exit                                0x0800017b   Thumb Code     0  rtexit.o(.ARM.Collect$$rtexit$$00000000)
    __rt_exit_ls                             0x0800017d   Thumb Code     0  rtexit2.o(.ARM.Collect$$rtexit$$00000003)
    __rt_exit_prels_1                        0x0800017d   Thumb Code     0  rtexit2.o(.ARM.Collect$$rtexit$$00000002)
    __rt_exit_exit                           0x08000181   Thumb Code     0  rtexit2.o(.ARM.Collect$$rtexit$$00000004)
    Reset_Handler                            0x08000189   Thumb Code     8  startup_stm32f10x_md.o(.text)
    NMI_Handler                              0x08000191   Thumb Code     2  startup_stm32f10x_md.o(.text)
    HardFault_Handler                        0x08000193   Thumb Code     2  startup_stm32f10x_md.o(.text)
    MemManage_Handler                        0x08000195   Thumb Code     2  startup_stm32f10x_md.o(.text)
    BusFault_Handler                         0x08000197   Thumb Code     2  startup_stm32f10x_md.o(.text)
    UsageFault_Handler                       0x08000199   Thumb Code     2  startup_stm32f10x_md.o(.text)
    SVC_Handler                              0x0800019b   Thumb Code     2  startup_stm32f10x_md.o(.text)
    DebugMon_Handler                         0x0800019d   Thumb Code     2  startup_stm32f10x_md.o(.text)
    PendSV_Handler                           0x0800019f   Thumb Code     2  startup_stm32f10x_md.o(.text)
    ADC1_2_IRQHandler                        0x080001a3   Thumb Code     0  startup_stm32f10x_md.o(.text)
    CAN1_RX1_IRQHandler                      0x080001a3   Thumb Code     0  startup_stm32f10x_md.o(.text)
    CAN1_SCE_IRQHandler                      0x080001a3   Thumb Code     0  startup_stm32f10x_md.o(.text)
    DMA1_Channel1_IRQHandler                 0x080001a3   Thumb Code     0  startup_stm32f10x_md.o(.text)
    DMA1_Channel2_IRQHandler                 0x080001a3   Thumb Code     0  startup_stm32f10x_md.o(.text)
    DMA1_Channel3_IRQHandler                 0x080001a3   Thumb Code     0  startup_stm32f10x_md.o(.text)
    DMA1_Channel4_IRQHandler                 0x080001a3   Thumb Code     0  startup_stm32f10x_md.o(.text)
    DMA1_Channel5_IRQHandler                 0x080001a3   Thumb Code     0  startup_stm32f10x_md.o(.text)
    DMA1_Channel6_IRQHandler                 0x080001a3   Thumb Code     0  startup_stm32f10x_md.o(.text)
    DMA1_Channel7_IRQHandler                 0x080001a3   Thumb Code     0  startup_stm32f10x_md.o(.text)
    EXTI0_IRQHandler                         0x080001a3   Thumb Code     0  startup_stm32f10x_md.o(.text)
    EXTI15_10_IRQHandler                     0x080001a3   Thumb Code     0  startup_stm32f10x_md.o(.text)
    EXTI1_IRQHandler                         0x080001a3   Thumb Code     0  startup_stm32f10x_md.o(.text)
    EXTI2_IRQHandler                         0x080001a3   Thumb Code     0  startup_stm32f10x_md.o(.text)
    EXTI3_IRQHandler                         0x080001a3   Thumb Code     0  startup_stm32f10x_md.o(.text)
    EXTI4_IRQHandler                         0x080001a3   Thumb Code     0  startup_stm32f10x_md.o(.text)
    EXTI9_5_IRQHandler                       0x080001a3   Thumb Code     0  startup_stm32f10x_md.o(.text)
    FLASH_IRQHandler                         0x080001a3   Thumb Code     0  startup_stm32f10x_md.o(.text)
    I2C1_ER_IRQHandler                       0x080001a3   Thumb Code     0  startup_stm32f10x_md.o(.text)
    I2C1_EV_IRQHandler                       0x080001a3   Thumb Code     0  startup_stm32f10x_md.o(.text)
    I2C2_ER_IRQHandler                       0x080001a3   Thumb Code     0  startup_stm32f10x_md.o(.text)
    I2C2_EV_IRQHandler                       0x080001a3   Thumb Code     0  startup_stm32f10x_md.o(.text)
    PVD_IRQHandler                           0x080001a3   Thumb Code     0  startup_stm32f10x_md.o(.text)
    RCC_IRQHandler                           0x080001a3   Thumb Code     0  startup_stm32f10x_md.o(.text)
    RTCAlarm_IRQHandler                      0x080001a3   Thumb Code     0  startup_stm32f10x_md.o(.text)
    RTC_IRQHandler                           0x080001a3   Thumb Code     0  startup_stm32f10x_md.o(.text)
    SPI1_IRQHandler                          0x080001a3   Thumb Code     0  startup_stm32f10x_md.o(.text)
    SPI2_IRQHandler                          0x080001a3   Thumb Code     0  startup_stm32f10x_md.o(.text)
    TAMPER_IRQHandler                        0x080001a3   Thumb Code     0  startup_stm32f10x_md.o(.text)
    TIM1_BRK_IRQHandler                      0x080001a3   Thumb Code     0  startup_stm32f10x_md.o(.text)
    TIM1_CC_IRQHandler                       0x080001a3   Thumb Code     0  startup_stm32f10x_md.o(.text)
    TIM1_TRG_COM_IRQHandler                  0x080001a3   Thumb Code     0  startup_stm32f10x_md.o(.text)
    TIM1_UP_IRQHandler                       0x080001a3   Thumb Code     0  startup_stm32f10x_md.o(.text)
    TIM2_IRQHandler                          0x080001a3   Thumb Code     0  startup_stm32f10x_md.o(.text)
    TIM3_IRQHandler                          0x080001a3   Thumb Code     0  startup_stm32f10x_md.o(.text)
    TIM4_IRQHandler                          0x080001a3   Thumb Code     0  startup_stm32f10x_md.o(.text)
    USART2_IRQHandler                        0x080001a3   Thumb Code     0  startup_stm32f10x_md.o(.text)
    USART3_IRQHandler                        0x080001a3   Thumb Code     0  startup_stm32f10x_md.o(.text)
    USBWakeUp_IRQHandler                     0x080001a3   Thumb Code     0  startup_stm32f10x_md.o(.text)
    USB_HP_CAN1_TX_IRQHandler                0x080001a3   Thumb Code     0  startup_stm32f10x_md.o(.text)
    USB_LP_CAN1_RX0_IRQHandler               0x080001a3   Thumb Code     0  startup_stm32f10x_md.o(.text)
    WWDG_IRQHandler                          0x080001a3   Thumb Code     0  startup_stm32f10x_md.o(.text)
    __user_initial_stackheap                 0x080001a5   Thumb Code     0  startup_stm32f10x_md.o(.text)
    __use_two_region_memory                  0x080001c9   Thumb Code     2  heapauxi.o(.text)
    __rt_heap_escrow$2region                 0x080001cb   Thumb Code     2  heapauxi.o(.text)
    __rt_heap_expand$2region                 0x080001cd   Thumb Code     2  heapauxi.o(.text)
    __user_setup_stackheap                   0x080001cf   Thumb Code    74  sys_stackheap_outer.o(.text)
    exit                                     0x08000219   Thumb Code    18  exit.o(.text)
    __user_libspace                          0x0800022d   Thumb Code     8  libspace.o(.text)
    __user_perproc_libspace                  0x0800022d   Thumb Code     0  libspace.o(.text)
    __user_perthread_libspace                0x0800022d   Thumb Code     0  libspace.o(.text)
    _sys_exit                                0x08000235   Thumb Code     8  sys_exit.o(.text)
    __I$use$semihosting                      0x08000241   Thumb Code     0  use_no_semi.o(.text)
    __use_no_semihosting_swi                 0x08000241   Thumb Code     2  use_no_semi.o(.text)
    __semihosting_library_function           0x08000243   Thumb Code     0  indicate_semi.o(.text)
    Delay_ms                                 0x08000245   Thumb Code    22  systick.o(.text.Delay_ms)
    GPIO_Init                                0x0800025d   Thumb Code   176  stm32f10x_gpio.o(.text.GPIO_Init)
    GPIO_ResetBits                           0x0800030d   Thumb Code     4  stm32f10x_gpio.o(.text.GPIO_ResetBits)
    GPIO_SetBits                             0x08000311   Thumb Code     4  stm32f10x_gpio.o(.text.GPIO_SetBits)
    RC522_AntennaOn                          0x08000385   Thumb Code    24  rc522.o(.text.RC522_AntennaOn)
    RC522_Anticoll                           0x0800039d   Thumb Code    82  rc522.o(.text.RC522_Anticoll)
    RC522_Auth                               0x080003f1   Thumb Code    52  rc522.o(.text.RC522_Auth)
    RC522_Halt                               0x08000425   Thumb Code    54  rc522.o(.text.RC522_Halt)
    RC522_Init                               0x0800045d   Thumb Code   138  rc522.o(.text.RC522_Init)
    RC522_IsCardPresent                      0x080004e9   Thumb Code    32  rc522.o(.text.RC522_IsCardPresent)
    RC522_ReadBlock                          0x08000509   Thumb Code    74  rc522.o(.text.RC522_ReadBlock)
    RC522_Request                            0x08000555   Thumb Code    64  rc522.o(.text.RC522_Request)
    RC522_SelectTag                          0x08000595   Thumb Code    86  rc522.o(.text.RC522_SelectTag)
    RCC_APB2PeriphClockCmd                   0x080005ed   Thumb Code    24  stm32f10x_rcc.o(.text.RCC_APB2PeriphClockCmd)
    RCC_GetClocksFreq                        0x08000605   Thumb Code   160  stm32f10x_rcc.o(.text.RCC_GetClocksFreq)
    SPI1_Config                              0x080006a5   Thumb Code   160  spi.o(.text.SPI1_Config)
    SPI1_ReadReg                             0x08000745   Thumb Code    50  spi.o(.text.SPI1_ReadReg)
    SPI1_TransmitReceive                     0x08000779   Thumb Code    54  spi.o(.text.SPI1_TransmitReceive)
    SPI1_WriteReg                            0x080007b1   Thumb Code    48  spi.o(.text.SPI1_WriteReg)
    SPI_Cmd                                  0x080007e1   Thumb Code    18  stm32f10x_spi.o(.text.SPI_Cmd)
    SPI_I2S_GetFlagStatus                    0x080007f5   Thumb Code    10  stm32f10x_spi.o(.text.SPI_I2S_GetFlagStatus)
    SPI_I2S_ReceiveData                      0x08000801   Thumb Code     4  stm32f10x_spi.o(.text.SPI_I2S_ReceiveData)
    SPI_I2S_SendData                         0x08000805   Thumb Code     4  stm32f10x_spi.o(.text.SPI_I2S_SendData)
    SPI_Init                                 0x08000809   Thumb Code    70  stm32f10x_spi.o(.text.SPI_Init)
    SPI_NSSInternalSoftwareConfig            0x08000851   Thumb Code    24  stm32f10x_spi.o(.text.SPI_NSSInternalSoftwareConfig)
    SysTick_Handler                          0x08000955   Thumb Code    16  systick.o(.text.SysTick_Handler)
    SysTick_Init                             0x08000965   Thumb Code    32  systick.o(.text.SysTick_Init)
    SystemInit                               0x08000985   Thumb Code    86  system_stm32f10x.o(.text.SystemInit)
    USART1_IRQHandler                        0x080009dd   Thumb Code   118  uart.o(.text.USART1_IRQHandler)
    USART_Cmd                                0x08000a55   Thumb Code    18  stm32f10x_usart.o(.text.USART_Cmd)
    USART_GetFlagStatus                      0x08000a69   Thumb Code    10  stm32f10x_usart.o(.text.USART_GetFlagStatus)
    USART_GetITStatus                        0x08000a75   Thumb Code    58  stm32f10x_usart.o(.text.USART_GetITStatus)
    USART_ITConfig                           0x08000ab1   Thumb Code    46  stm32f10x_usart.o(.text.USART_ITConfig)
    USART_Init                               0x08000ae1   Thumb Code   178  stm32f10x_usart.o(.text.USART_Init)
    USART_ReceiveData                        0x08000b95   Thumb Code     8  stm32f10x_usart.o(.text.USART_ReceiveData)
    USART_SendData                           0x08000b9d   Thumb Code     8  stm32f10x_usart.o(.text.USART_SendData)
    Uart_Gpio_TxRx_Init                      0x08000ba5   Thumb Code    62  uart.o(.text.Uart_Gpio_TxRx_Init)
    Uart_Init                                0x08000be5   Thumb Code    78  uart.o(.text.Uart_Init)
    Uart_ReadChar                            0x08000c35   Thumb Code    16  uart.o(.text.Uart_ReadChar)
    Uart_SendChar                            0x08000c45   Thumb Code    34  uart.o(.text.Uart_SendChar)
    Uart_SendStr                             0x08000c69   Thumb Code    50  uart.o(.text.Uart_SendStr)
    main                                     0x08000e69   Thumb Code   572  main.o(.text.main)
    Region$$Table$$Base                      0x08001128   Number         0  anon$$obj.o(Region$$Table)
    Region$$Table$$Limit                     0x08001148   Number         0  anon$$obj.o(Region$$Table)
    SystemCoreClock                          0x20000000   Data           4  system_stm32f10x.o(.data.SystemCoreClock)
    __libspace_start                         0x20000008   Data          96  libspace.o(.bss)
    __temporary_stack_top$libspace           0x20000068   Data           0  libspace.o(.bss)
    data                                     0x2000006c   Data           1  uart.o(.bss.data)
    flag                                     0x2000006d   Data           1  uart.o(.bss.flag)
    mystr                                    0x2000006e   Data         100  uart.o(.bss.mystr)



==============================================================================

Memory Map of the image

  Image Entry point : 0x080000ed

  Load Region LR_IROM1 (Base: 0x08000000, Size: 0x00001150, Max: 0x00010000, ABSOLUTE)

    Execution Region ER_IROM1 (Exec base: 0x08000000, Load base: 0x08000000, Size: 0x00001148, Max: 0x00010000, ABSOLUTE)

    Exec Addr    Load Addr    Size         Type   Attr      Idx    E Section Name        Object

    0x08000000   0x08000000   0x000000ec   Data   RO          589    RESET               startup_stm32f10x_md.o
    0x080000ec   0x080000ec   0x00000008   Code   RO          618  * !!!main             c_w.l(__main.o)
    0x080000f4   0x080000f4   0x00000034   Code   RO          814    !!!scatter          c_w.l(__scatter.o)
    0x08000128   0x08000128   0x0000001a   Code   RO          816    !!handler_copy      c_w.l(__scatter_copy.o)
    0x08000142   0x08000142   0x00000002   PAD
    0x08000144   0x08000144   0x0000001c   Code   RO          818    !!handler_zi        c_w.l(__scatter_zi.o)
    0x08000160   0x08000160   0x00000002   Code   RO          678    .ARM.Collect$$libinit$$00000000  c_w.l(libinit.o)
    0x08000162   0x08000162   0x00000000   Code   RO          685    .ARM.Collect$$libinit$$00000002  c_w.l(libinit2.o)
    0x08000162   0x08000162   0x00000000   Code   RO          687    .ARM.Collect$$libinit$$00000004  c_w.l(libinit2.o)
    0x08000162   0x08000162   0x00000000   Code   RO          690    .ARM.Collect$$libinit$$0000000A  c_w.l(libinit2.o)
    0x08000162   0x08000162   0x00000000   Code   RO          692    .ARM.Collect$$libinit$$0000000C  c_w.l(libinit2.o)
    0x08000162   0x08000162   0x00000000   Code   RO          694    .ARM.Collect$$libinit$$0000000E  c_w.l(libinit2.o)
    0x08000162   0x08000162   0x00000000   Code   RO          697    .ARM.Collect$$libinit$$00000011  c_w.l(libinit2.o)
    0x08000162   0x08000162   0x00000000   Code   RO          699    .ARM.Collect$$libinit$$00000013  c_w.l(libinit2.o)
    0x08000162   0x08000162   0x00000000   Code   RO          701    .ARM.Collect$$libinit$$00000015  c_w.l(libinit2.o)
    0x08000162   0x08000162   0x00000000   Code   RO          703    .ARM.Collect$$libinit$$00000017  c_w.l(libinit2.o)
    0x08000162   0x08000162   0x00000000   Code   RO          705    .ARM.Collect$$libinit$$00000019  c_w.l(libinit2.o)
    0x08000162   0x08000162   0x00000000   Code   RO          707    .ARM.Collect$$libinit$$0000001B  c_w.l(libinit2.o)
    0x08000162   0x08000162   0x00000000   Code   RO          709    .ARM.Collect$$libinit$$0000001D  c_w.l(libinit2.o)
    0x08000162   0x08000162   0x00000000   Code   RO          711    .ARM.Collect$$libinit$$0000001F  c_w.l(libinit2.o)
    0x08000162   0x08000162   0x00000000   Code   RO          713    .ARM.Collect$$libinit$$00000021  c_w.l(libinit2.o)
    0x08000162   0x08000162   0x00000000   Code   RO          715    .ARM.Collect$$libinit$$00000023  c_w.l(libinit2.o)
    0x08000162   0x08000162   0x00000000   Code   RO          717    .ARM.Collect$$libinit$$00000025  c_w.l(libinit2.o)
    0x08000162   0x08000162   0x00000000   Code   RO          721    .ARM.Collect$$libinit$$0000002C  c_w.l(libinit2.o)
    0x08000162   0x08000162   0x00000000   Code   RO          723    .ARM.Collect$$libinit$$0000002E  c_w.l(libinit2.o)
    0x08000162   0x08000162   0x00000000   Code   RO          725    .ARM.Collect$$libinit$$00000030  c_w.l(libinit2.o)
    0x08000162   0x08000162   0x00000000   Code   RO          727    .ARM.Collect$$libinit$$00000032  c_w.l(libinit2.o)
    0x08000162   0x08000162   0x00000002   Code   RO          728    .ARM.Collect$$libinit$$00000033  c_w.l(libinit2.o)
    0x08000164   0x08000164   0x00000002   Code   RO          750    .ARM.Collect$$libshutdown$$00000000  c_w.l(libshutdown.o)
    0x08000166   0x08000166   0x00000000   Code   RO          765    .ARM.Collect$$libshutdown$$00000002  c_w.l(libshutdown2.o)
    0x08000166   0x08000166   0x00000000   Code   RO          767    .ARM.Collect$$libshutdown$$00000004  c_w.l(libshutdown2.o)
    0x08000166   0x08000166   0x00000000   Code   RO          770    .ARM.Collect$$libshutdown$$00000007  c_w.l(libshutdown2.o)
    0x08000166   0x08000166   0x00000000   Code   RO          773    .ARM.Collect$$libshutdown$$0000000A  c_w.l(libshutdown2.o)
    0x08000166   0x08000166   0x00000000   Code   RO          775    .ARM.Collect$$libshutdown$$0000000C  c_w.l(libshutdown2.o)
    0x08000166   0x08000166   0x00000000   Code   RO          778    .ARM.Collect$$libshutdown$$0000000F  c_w.l(libshutdown2.o)
    0x08000166   0x08000166   0x00000002   Code   RO          779    .ARM.Collect$$libshutdown$$00000010  c_w.l(libshutdown2.o)
    0x08000168   0x08000168   0x00000000   Code   RO          640    .ARM.Collect$$rtentry$$00000000  c_w.l(__rtentry.o)
    0x08000168   0x08000168   0x00000000   Code   RO          653    .ARM.Collect$$rtentry$$00000002  c_w.l(__rtentry2.o)
    0x08000168   0x08000168   0x00000006   Code   RO          665    .ARM.Collect$$rtentry$$00000004  c_w.l(__rtentry4.o)
    0x0800016e   0x0800016e   0x00000000   Code   RO          655    .ARM.Collect$$rtentry$$00000009  c_w.l(__rtentry2.o)
    0x0800016e   0x0800016e   0x00000004   Code   RO          656    .ARM.Collect$$rtentry$$0000000A  c_w.l(__rtentry2.o)
    0x08000172   0x08000172   0x00000000   Code   RO          658    .ARM.Collect$$rtentry$$0000000C  c_w.l(__rtentry2.o)
    0x08000172   0x08000172   0x00000008   Code   RO          659    .ARM.Collect$$rtentry$$0000000D  c_w.l(__rtentry2.o)
    0x0800017a   0x0800017a   0x00000002   Code   RO          682    .ARM.Collect$$rtexit$$00000000  c_w.l(rtexit.o)
    0x0800017c   0x0800017c   0x00000000   Code   RO          730    .ARM.Collect$$rtexit$$00000002  c_w.l(rtexit2.o)
    0x0800017c   0x0800017c   0x00000004   Code   RO          731    .ARM.Collect$$rtexit$$00000003  c_w.l(rtexit2.o)
    0x08000180   0x08000180   0x00000006   Code   RO          732    .ARM.Collect$$rtexit$$00000004  c_w.l(rtexit2.o)
    0x08000186   0x08000186   0x00000002   PAD
    0x08000188   0x08000188   0x00000040   Code   RO          590    .text               startup_stm32f10x_md.o
    0x080001c8   0x080001c8   0x00000006   Code   RO          616    .text               c_w.l(heapauxi.o)
    0x080001ce   0x080001ce   0x0000004a   Code   RO          669    .text               c_w.l(sys_stackheap_outer.o)
    0x08000218   0x08000218   0x00000012   Code   RO          671    .text               c_w.l(exit.o)
    0x0800022a   0x0800022a   0x00000002   PAD
    0x0800022c   0x0800022c   0x00000008   Code   RO          679    .text               c_w.l(libspace.o)
    0x08000234   0x08000234   0x0000000c   Code   RO          740    .text               c_w.l(sys_exit.o)
    0x08000240   0x08000240   0x00000002   Code   RO          755    .text               c_w.l(use_no_semi.o)
    0x08000242   0x08000242   0x00000000   Code   RO          757    .text               c_w.l(indicate_semi.o)
    0x08000242   0x08000242   0x00000002   PAD
    0x08000244   0x08000244   0x00000016   Code   RO          113    .text.Delay_ms      systick.o
    0x0800025a   0x0800025a   0x00000002   PAD
    0x0800025c   0x0800025c   0x000000b0   Code   RO          148    .text.GPIO_Init     stm32f10x_gpio.o
    0x0800030c   0x0800030c   0x00000004   Code   RO          162    .text.GPIO_ResetBits  stm32f10x_gpio.o
    0x08000310   0x08000310   0x00000004   Code   RO          160    .text.GPIO_SetBits  stm32f10x_gpio.o
    0x08000314   0x08000314   0x0000006e   Code   RO           41    .text.PrintUID      main.o
    0x08000382   0x08000382   0x00000002   PAD
    0x08000384   0x08000384   0x00000018   Code   RO           55    .text.RC522_AntennaOn  rc522.o
    0x0800039c   0x0800039c   0x00000052   Code   RO           67    .text.RC522_Anticoll  rc522.o
    0x080003ee   0x080003ee   0x00000002   PAD
    0x080003f0   0x080003f0   0x00000034   Code   RO           73    .text.RC522_Auth    rc522.o
    0x08000424   0x08000424   0x00000036   Code   RO           79    .text.RC522_Halt    rc522.o
    0x0800045a   0x0800045a   0x00000002   PAD
    0x0800045c   0x0800045c   0x0000008a   Code   RO           53    .text.RC522_Init    rc522.o
    0x080004e6   0x080004e6   0x00000002   PAD
    0x080004e8   0x080004e8   0x00000020   Code   RO           81    .text.RC522_IsCardPresent  rc522.o
    0x08000508   0x08000508   0x0000004a   Code   RO           75    .text.RC522_ReadBlock  rc522.o
    0x08000552   0x08000552   0x00000002   PAD
    0x08000554   0x08000554   0x00000040   Code   RO           63    .text.RC522_Request  rc522.o
    0x08000594   0x08000594   0x00000056   Code   RO           69    .text.RC522_SelectTag  rc522.o
    0x080005ea   0x080005ea   0x00000002   PAD
    0x080005ec   0x080005ec   0x00000018   Code   RO          232    .text.RCC_APB2PeriphClockCmd  stm32f10x_rcc.o
    0x08000604   0x08000604   0x000000a0   Code   RO          228    .text.RCC_GetClocksFreq  stm32f10x_rcc.o
    0x080006a4   0x080006a4   0x000000a0   Code   RO           91    .text.SPI1_Config   spi.o
    0x08000744   0x08000744   0x00000032   Code   RO           97    .text.SPI1_ReadReg  spi.o
    0x08000776   0x08000776   0x00000002   PAD
    0x08000778   0x08000778   0x00000036   Code   RO           93    .text.SPI1_TransmitReceive  spi.o
    0x080007ae   0x080007ae   0x00000002   PAD
    0x080007b0   0x080007b0   0x00000030   Code   RO           95    .text.SPI1_WriteReg  spi.o
    0x080007e0   0x080007e0   0x00000012   Code   RO          272    .text.SPI_Cmd       stm32f10x_spi.o
    0x080007f2   0x080007f2   0x00000002   PAD
    0x080007f4   0x080007f4   0x0000000a   Code   RO          300    .text.SPI_I2S_GetFlagStatus  stm32f10x_spi.o
    0x080007fe   0x080007fe   0x00000002   PAD
    0x08000800   0x08000800   0x00000004   Code   RO          282    .text.SPI_I2S_ReceiveData  stm32f10x_spi.o
    0x08000804   0x08000804   0x00000004   Code   RO          280    .text.SPI_I2S_SendData  stm32f10x_spi.o
    0x08000808   0x08000808   0x00000046   Code   RO          264    .text.SPI_Init      stm32f10x_spi.o
    0x0800084e   0x0800084e   0x00000002   PAD
    0x08000850   0x08000850   0x00000018   Code   RO          284    .text.SPI_NSSInternalSoftwareConfig  stm32f10x_spi.o
    0x08000868   0x08000868   0x00000008   Code   RO          599    .text.SetSysClock   system_stm32f10x.o
    0x08000870   0x08000870   0x000000be   Code   RO          603    .text.SetSysClockTo72  system_stm32f10x.o
    0x0800092e   0x0800092e   0x00000002   PAD
    0x08000930   0x08000930   0x00000024   Code   RO          111    .text.SysTick_Config  systick.o
    0x08000954   0x08000954   0x00000010   Code   RO          107    .text.SysTick_Handler  systick.o
    0x08000964   0x08000964   0x00000020   Code   RO          109    .text.SysTick_Init  systick.o
    0x08000984   0x08000984   0x00000056   Code   RO          597    .text.SystemInit    system_stm32f10x.o
    0x080009da   0x080009da   0x00000002   PAD
    0x080009dc   0x080009dc   0x00000076   Code   RO           22    .text.USART1_IRQHandler  uart.o
    0x08000a52   0x08000a52   0x00000002   PAD
    0x08000a54   0x08000a54   0x00000012   Code   RO          516    .text.USART_Cmd     stm32f10x_usart.o
    0x08000a66   0x08000a66   0x00000002   PAD
    0x08000a68   0x08000a68   0x0000000a   Code   RO          556    .text.USART_GetFlagStatus  stm32f10x_usart.o
    0x08000a72   0x08000a72   0x00000002   PAD
    0x08000a74   0x08000a74   0x0000003a   Code   RO          560    .text.USART_GetITStatus  stm32f10x_usart.o
    0x08000aae   0x08000aae   0x00000002   PAD
    0x08000ab0   0x08000ab0   0x0000002e   Code   RO          518    .text.USART_ITConfig  stm32f10x_usart.o
    0x08000ade   0x08000ade   0x00000002   PAD
    0x08000ae0   0x08000ae0   0x000000b2   Code   RO          508    .text.USART_Init    stm32f10x_usart.o
    0x08000b92   0x08000b92   0x00000002   PAD
    0x08000b94   0x08000b94   0x00000008   Code   RO          534    .text.USART_ReceiveData  stm32f10x_usart.o
    0x08000b9c   0x08000b9c   0x00000008   Code   RO          532    .text.USART_SendData  stm32f10x_usart.o
    0x08000ba4   0x08000ba4   0x0000003e   Code   RO            6    .text.Uart_Gpio_TxRx_Init  uart.o
    0x08000be2   0x08000be2   0x00000002   PAD
    0x08000be4   0x08000be4   0x0000004e   Code   RO            2    .text.Uart_Init     uart.o
    0x08000c32   0x08000c32   0x00000002   PAD
    0x08000c34   0x08000c34   0x00000010   Code   RO           18    .text.Uart_ReadChar  uart.o
    0x08000c44   0x08000c44   0x00000022   Code   RO            8    .text.Uart_SendChar  uart.o
    0x08000c66   0x08000c66   0x00000002   PAD
    0x08000c68   0x08000c68   0x00000032   Code   RO           10    .text.Uart_SendStr  uart.o
    0x08000c9a   0x08000c9a   0x00000002   PAD
    0x08000c9c   0x08000c9c   0x00000062   Code   RO           71    .text._CalcCRC      rc522.o
    0x08000cfe   0x08000cfe   0x00000002   PAD
    0x08000d00   0x08000d00   0x00000016   Code   RO           61    .text._ClearBitMask  rc522.o
    0x08000d16   0x08000d16   0x00000002   PAD
    0x08000d18   0x08000d18   0x00000016   Code   RO           57    .text._SetBitMask   rc522.o
    0x08000d2e   0x08000d2e   0x00000002   PAD
    0x08000d30   0x08000d30   0x00000118   Code   RO           65    .text._ToCard       rc522.o
    0x08000e48   0x08000e48   0x0000000e   Code   RO            4    .text.__NVIC_EnableIRQ  uart.o
    0x08000e56   0x08000e56   0x00000002   PAD
    0x08000e58   0x08000e58   0x0000000e   Code   RO          115    .text.__NVIC_SetPriority  systick.o
    0x08000e66   0x08000e66   0x00000002   PAD
    0x08000e68   0x08000e68   0x0000023c   Code   RO           39    .text.main          main.o
    0x080010a4   0x080010a4   0x00000004   Data   RO          253    .rodata.ADCPrescTable  stm32f10x_rcc.o
    0x080010a8   0x080010a8   0x00000010   Data   RO          252    .rodata.APBAHBPrescTable  stm32f10x_rcc.o
    0x080010b8   0x080010b8   0x0000006f   Data   RO           43    .rodata.str1.1      main.o
    0x08001127   0x08001127   0x00000001   PAD
    0x08001128   0x08001128   0x00000020   Data   RO          813    Region$$Table       anon$$obj.o


    Execution Region RW_IRAM1 (Exec base: 0x20000000, Load base: 0x08001148, Size: 0x000006d8, Max: 0x00005000, ABSOLUTE)

    Exec Addr    Load Addr    Size         Type   Attr      Idx    E Section Name        Object

    0x20000000   0x08001148   0x00000004   Data   RW          605    .data.SystemCoreClock  system_stm32f10x.o
    0x20000004   0x0800114c   0x00000004   PAD
    0x20000008        -       0x00000060   Zero   RW          680    .bss                c_w.l(libspace.o)
    0x20000068        -       0x00000004   Zero   RW           28    .bss.count          uart.o
    0x2000006c        -       0x00000001   Zero   RW           27    .bss.data           uart.o
    0x2000006d        -       0x00000001   Zero   RW           29    .bss.flag           uart.o
    0x2000006e        -       0x00000064   Zero   RW           30    .bss.mystr          uart.o
    0x200000d2   0x0800114c   0x00000002   PAD
    0x200000d4        -       0x00000004   Zero   RW          117    .bss.s_tick         systick.o
    0x200000d8        -       0x00000200   Zero   RW          588    HEAP                startup_stm32f10x_md.o
    0x200002d8        -       0x00000400   Zero   RW          587    STACK               startup_stm32f10x_md.o


==============================================================================

Image component sizes


      Code (inc. data)   RO Data    RW Data    ZI Data      Debug   Object Name

       682        152        111          0          0       1652   main.o
      1028          0          0          0          0       6677   rc522.o
       312          0          0          0          0       3047   spi.o
        64         26        236          0       1536        856   startup_stm32f10x_md.o
       184          0          0          0          0       5848   stm32f10x_gpio.o
       184          0         20          0          0       7664   stm32f10x_rcc.o
       130          0          0          0          0       7004   stm32f10x_spi.o
       326          0          0          0          0       7932   stm32f10x_usart.o
       284          0          0          4          0       2905   system_stm32f10x.o
       120          0          0          0          4       3690   systick.o
       372          0          0          0        106       7119   uart.o

    ----------------------------------------------------------------------
      3744        178        400          4       1652      54394   Object Totals
         0          0         32          0          0          0   (incl. Generated)
        58          0          1          0          6          0   (incl. Padding)

    ----------------------------------------------------------------------

      Code (inc. data)   RO Data    RW Data    ZI Data      Debug   Library Member Name

         8          0          0          0          0         68   __main.o
         0          0          0          0          0          0   __rtentry.o
        12          0          0          0          0          0   __rtentry2.o
         6          0          0          0          0          0   __rtentry4.o
        52          8          0          0          0          0   __scatter.o
        26          0          0          0          0          0   __scatter_copy.o
        28          0          0          0          0          0   __scatter_zi.o
        18          0          0          0          0         80   exit.o
         6          0          0          0          0        152   heapauxi.o
         0          0          0          0          0          0   indicate_semi.o
         2          0          0          0          0          0   libinit.o
         2          0          0          0          0          0   libinit2.o
         2          0          0          0          0          0   libshutdown.o
         2          0          0          0          0          0   libshutdown2.o
         8          4          0          0         96         68   libspace.o
         2          0          0          0          0          0   rtexit.o
        10          0          0          0          0          0   rtexit2.o
        12          4          0          0          0         68   sys_exit.o
        74          0          0          0          0         80   sys_stackheap_outer.o
         2          0          0          0          0         68   use_no_semi.o

    ----------------------------------------------------------------------
       280         16          0          0         96        584   Library Totals
         8          0          0          0          0          0   (incl. Padding)

    ----------------------------------------------------------------------

      Code (inc. data)   RO Data    RW Data    ZI Data      Debug   Library Name

       272         16          0          0         96        584   c_w.l

    ----------------------------------------------------------------------
       280         16          0          0         96        584   Library Totals

    ----------------------------------------------------------------------

==============================================================================


      Code (inc. data)   RO Data    RW Data    ZI Data      Debug   

      4024        194        400          4       1748      54726   Grand Totals
      4024        194        400          4       1748      54726   ELF Image Totals
      4024        194        400          4          0          0   ROM Totals

==============================================================================

    Total RO  Size (Code + RO Data)                 4424 (   4.32kB)
    Total RW  Size (RW Data + ZI Data)              1752 (   1.71kB)
    Total ROM Size (Code + RO Data + RW Data)       4428 (   4.32kB)

==============================================================================

